Archive member included to satisfy reference by file (symbol)

/opt/st/stm32cubeide_1.5.1/plugins/com.st.stm32cube.ide.mcu.externaltools.gnu-tools-for-stm32.7-2018-q2-update.linux64_1.5.0.202011040924/tools/bin/../lib/gcc/arm-none-eabi/7.3.1/../../../../arm-none-eabi/lib/thumb/v7e-m/fpv4-sp/hard/libc_nano.a(lib_a-errno.o)
                              Core/Src/syscalls.o (__errno)
/opt/st/stm32cubeide_1.5.1/plugins/com.st.stm32cube.ide.mcu.externaltools.gnu-tools-for-stm32.7-2018-q2-update.linux64_1.5.0.202011040924/tools/bin/../lib/gcc/arm-none-eabi/7.3.1/../../../../arm-none-eabi/lib/thumb/v7e-m/fpv4-sp/hard/libc_nano.a(lib_a-exit.o)
                              /opt/st/stm32cubeide_1.5.1/plugins/com.st.stm32cube.ide.mcu.externaltools.gnu-tools-for-stm32.7-2018-q2-update.linux64_1.5.0.202011040924/tools/bin/../lib/gcc/arm-none-eabi/7.3.1/../../../../arm-none-eabi/lib/thumb/v7e-m/fpv4-sp/hard/crt0.o (exit)
/opt/st/stm32cubeide_1.5.1/plugins/com.st.stm32cube.ide.mcu.externaltools.gnu-tools-for-stm32.7-2018-q2-update.linux64_1.5.0.202011040924/tools/bin/../lib/gcc/arm-none-eabi/7.3.1/../../../../arm-none-eabi/lib/thumb/v7e-m/fpv4-sp/hard/libc_nano.a(lib_a-impure.o)
                              /opt/st/stm32cubeide_1.5.1/plugins/com.st.stm32cube.ide.mcu.externaltools.gnu-tools-for-stm32.7-2018-q2-update.linux64_1.5.0.202011040924/tools/bin/../lib/gcc/arm-none-eabi/7.3.1/../../../../arm-none-eabi/lib/thumb/v7e-m/fpv4-sp/hard/libc_nano.a(lib_a-exit.o) (_global_impure_ptr)
/opt/st/stm32cubeide_1.5.1/plugins/com.st.stm32cube.ide.mcu.externaltools.gnu-tools-for-stm32.7-2018-q2-update.linux64_1.5.0.202011040924/tools/bin/../lib/gcc/arm-none-eabi/7.3.1/../../../../arm-none-eabi/lib/thumb/v7e-m/fpv4-sp/hard/libc_nano.a(lib_a-init.o)
                              /opt/st/stm32cubeide_1.5.1/plugins/com.st.stm32cube.ide.mcu.externaltools.gnu-tools-for-stm32.7-2018-q2-update.linux64_1.5.0.202011040924/tools/bin/../lib/gcc/arm-none-eabi/7.3.1/../../../../arm-none-eabi/lib/thumb/v7e-m/fpv4-sp/hard/crt0.o (__libc_init_array)
/opt/st/stm32cubeide_1.5.1/plugins/com.st.stm32cube.ide.mcu.externaltools.gnu-tools-for-stm32.7-2018-q2-update.linux64_1.5.0.202011040924/tools/bin/../lib/gcc/arm-none-eabi/7.3.1/../../../../arm-none-eabi/lib/thumb/v7e-m/fpv4-sp/hard/libc_nano.a(lib_a-memcpy-stub.o)
                              Third-Party/FreeRTOS/org/Source/queue.o (memcpy)
/opt/st/stm32cubeide_1.5.1/plugins/com.st.stm32cube.ide.mcu.externaltools.gnu-tools-for-stm32.7-2018-q2-update.linux64_1.5.0.202011040924/tools/bin/../lib/gcc/arm-none-eabi/7.3.1/../../../../arm-none-eabi/lib/thumb/v7e-m/fpv4-sp/hard/libc_nano.a(lib_a-memset.o)
                              /opt/st/stm32cubeide_1.5.1/plugins/com.st.stm32cube.ide.mcu.externaltools.gnu-tools-for-stm32.7-2018-q2-update.linux64_1.5.0.202011040924/tools/bin/../lib/gcc/arm-none-eabi/7.3.1/../../../../arm-none-eabi/lib/thumb/v7e-m/fpv4-sp/hard/crt0.o (memset)
/opt/st/stm32cubeide_1.5.1/plugins/com.st.stm32cube.ide.mcu.externaltools.gnu-tools-for-stm32.7-2018-q2-update.linux64_1.5.0.202011040924/tools/bin/../lib/gcc/arm-none-eabi/7.3.1/thumb/v7e-m/fpv4-sp/hard/libgcc.a(_aeabi_uldivmod.o)
                              Drivers/STM32F4xx_HAL_Driver/Src/stm32f4xx_hal_rcc.o (__aeabi_uldivmod)
/opt/st/stm32cubeide_1.5.1/plugins/com.st.stm32cube.ide.mcu.externaltools.gnu-tools-for-stm32.7-2018-q2-update.linux64_1.5.0.202011040924/tools/bin/../lib/gcc/arm-none-eabi/7.3.1/thumb/v7e-m/fpv4-sp/hard/libgcc.a(_udivmoddi4.o)
                              /opt/st/stm32cubeide_1.5.1/plugins/com.st.stm32cube.ide.mcu.externaltools.gnu-tools-for-stm32.7-2018-q2-update.linux64_1.5.0.202011040924/tools/bin/../lib/gcc/arm-none-eabi/7.3.1/thumb/v7e-m/fpv4-sp/hard/libgcc.a(_aeabi_uldivmod.o) (__udivmoddi4)
/opt/st/stm32cubeide_1.5.1/plugins/com.st.stm32cube.ide.mcu.externaltools.gnu-tools-for-stm32.7-2018-q2-update.linux64_1.5.0.202011040924/tools/bin/../lib/gcc/arm-none-eabi/7.3.1/thumb/v7e-m/fpv4-sp/hard/libgcc.a(_dvmd_tls.o)
                              /opt/st/stm32cubeide_1.5.1/plugins/com.st.stm32cube.ide.mcu.externaltools.gnu-tools-for-stm32.7-2018-q2-update.linux64_1.5.0.202011040924/tools/bin/../lib/gcc/arm-none-eabi/7.3.1/thumb/v7e-m/fpv4-sp/hard/libgcc.a(_aeabi_uldivmod.o) (__aeabi_ldiv0)

Allocating common symbols
Common symbol       size              file

uwTick              0x4               Drivers/STM32F4xx_HAL_Driver/Src/stm32f4xx_hal.o
xQueueRegistry      0x40              Third-Party/FreeRTOS/org/Source/queue.o
pFlash              0x20              Drivers/STM32F4xx_HAL_Driver/Src/stm32f4xx_hal_flash.o
task2_handler_address
                    0x4               Core/Src/main.o
task3_handler_address
                    0x4               Core/Src/main.o
task1_handler_address
                    0x4               Core/Src/main.o
htim6               0x40              Core/Src/stm32f4xx_hal_timebase_tim.o
huart2              0x40              Core/Src/main.o

Discarded input sections

[...]
Memory Configuration

Name             Origin             Length             Attributes
RAM              0x0000000020000000 0x0000000000020000 xrw
FLASH            0x0000000008000000 0x0000000000080000 xr
*default*        0x0000000000000000 0xffffffffffffffff

Linker script and memory map

LOAD /opt/st/stm32cubeide_1.5.1/plugins/com.st.stm32cube.ide.mcu.externaltools.gnu-tools-for-stm32.7-2018-q2-update.linux64_1.5.0.202011040924/tools/bin/../lib/gcc/arm-none-eabi/7.3.1/thumb/v7e-m/fpv4-sp/hard/crti.o
LOAD /opt/st/stm32cubeide_1.5.1/plugins/com.st.stm32cube.ide.mcu.externaltools.gnu-tools-for-stm32.7-2018-q2-update.linux64_1.5.0.202011040924/tools/bin/../lib/gcc/arm-none-eabi/7.3.1/thumb/v7e-m/fpv4-sp/hard/crtbegin.o
LOAD /opt/st/stm32cubeide_1.5.1/plugins/com.st.stm32cube.ide.mcu.externaltools.gnu-tools-for-stm32.7-2018-q2-update.linux64_1.5.0.202011040924/tools/bin/../lib/gcc/arm-none-eabi/7.3.1/../../../../arm-none-eabi/lib/thumb/v7e-m/fpv4-sp/hard/crt0.o
LOAD Core/Src/main.o
LOAD Core/Src/stm32f4xx_hal_msp.o
LOAD Core/Src/stm32f4xx_hal_timebase_tim.o
LOAD Core/Src/stm32f4xx_it.o
LOAD Core/Src/syscalls.o
LOAD Core/Src/sysmem.o
LOAD Core/Src/system_stm32f4xx.o
LOAD Core/Startup/startup_stm32f446retx.o
LOAD Drivers/STM32F4xx_HAL_Driver/Src/stm32f4xx_hal.o
LOAD Drivers/STM32F4xx_HAL_Driver/Src/stm32f4xx_hal_cortex.o
LOAD Drivers/STM32F4xx_HAL_Driver/Src/stm32f4xx_hal_dma.o
LOAD Drivers/STM32F4xx_HAL_Driver/Src/stm32f4xx_hal_dma_ex.o
LOAD Drivers/STM32F4xx_HAL_Driver/Src/stm32f4xx_hal_exti.o
LOAD Drivers/STM32F4xx_HAL_Driver/Src/stm32f4xx_hal_flash.o
LOAD Drivers/STM32F4xx_HAL_Driver/Src/stm32f4xx_hal_flash_ex.o
LOAD Drivers/STM32F4xx_HAL_Driver/Src/stm32f4xx_hal_flash_ramfunc.o
LOAD Drivers/STM32F4xx_HAL_Driver/Src/stm32f4xx_hal_gpio.o
LOAD Drivers/STM32F4xx_HAL_Driver/Src/stm32f4xx_hal_pwr.o
LOAD Drivers/STM32F4xx_HAL_Driver/Src/stm32f4xx_hal_pwr_ex.o
LOAD Drivers/STM32F4xx_HAL_Driver/Src/stm32f4xx_hal_rcc.o
LOAD Drivers/STM32F4xx_HAL_Driver/Src/stm32f4xx_hal_rcc_ex.o
LOAD Drivers/STM32F4xx_HAL_Driver/Src/stm32f4xx_hal_tim.o
LOAD Drivers/STM32F4xx_HAL_Driver/Src/stm32f4xx_hal_tim_ex.o
LOAD Drivers/STM32F4xx_HAL_Driver/Src/stm32f4xx_hal_uart.o
LOAD Third-Party/FreeRTOS/org/Source/croutine.o
LOAD Third-Party/FreeRTOS/org/Source/event_groups.o
LOAD Third-Party/FreeRTOS/org/Source/list.o
LOAD Third-Party/FreeRTOS/org/Source/queue.o
LOAD Third-Party/FreeRTOS/org/Source/stream_buffer.o
LOAD Third-Party/FreeRTOS/org/Source/tasks.o
LOAD Third-Party/FreeRTOS/org/Source/timers.o
LOAD Third-Party/FreeRTOS/org/Source/portable/GCC/ARM_CM4F/port.o
LOAD Third-Party/FreeRTOS/org/Source/portable/MemMang/heap_4.o
START GROUP
LOAD /opt/st/stm32cubeide_1.5.1/plugins/com.st.stm32cube.ide.mcu.externaltools.gnu-tools-for-stm32.7-2018-q2-update.linux64_1.5.0.202011040924/tools/bin/../lib/gcc/arm-none-eabi/7.3.1/../../../../arm-none-eabi/lib/thumb/v7e-m/fpv4-sp/hard/libc_nano.a
LOAD /opt/st/stm32cubeide_1.5.1/plugins/com.st.stm32cube.ide.mcu.externaltools.gnu-tools-for-stm32.7-2018-q2-update.linux64_1.5.0.202011040924/tools/bin/../lib/gcc/arm-none-eabi/7.3.1/../../../../arm-none-eabi/lib/thumb/v7e-m/fpv4-sp/hard/libm.a
END GROUP
START GROUP
LOAD /opt/st/stm32cubeide_1.5.1/plugins/com.st.stm32cube.ide.mcu.externaltools.gnu-tools-for-stm32.7-2018-q2-update.linux64_1.5.0.202011040924/tools/bin/../lib/gcc/arm-none-eabi/7.3.1/thumb/v7e-m/fpv4-sp/hard/libgcc.a
LOAD /opt/st/stm32cubeide_1.5.1/plugins/com.st.stm32cube.ide.mcu.externaltools.gnu-tools-for-stm32.7-2018-q2-update.linux64_1.5.0.202011040924/tools/bin/../lib/gcc/arm-none-eabi/7.3.1/../../../../arm-none-eabi/lib/thumb/v7e-m/fpv4-sp/hard/libc_nano.a
END GROUP
START GROUP
LOAD /opt/st/stm32cubeide_1.5.1/plugins/com.st.stm32cube.ide.mcu.externaltools.gnu-tools-for-stm32.7-2018-q2-update.linux64_1.5.0.202011040924/tools/bin/../lib/gcc/arm-none-eabi/7.3.1/thumb/v7e-m/fpv4-sp/hard/libgcc.a
LOAD /opt/st/stm32cubeide_1.5.1/plugins/com.st.stm32cube.ide.mcu.externaltools.gnu-tools-for-stm32.7-2018-q2-update.linux64_1.5.0.202011040924/tools/bin/../lib/gcc/arm-none-eabi/7.3.1/../../../../arm-none-eabi/lib/thumb/v7e-m/fpv4-sp/hard/libc_nano.a
LOAD /opt/st/stm32cubeide_1.5.1/plugins/com.st.stm32cube.ide.mcu.externaltools.gnu-tools-for-stm32.7-2018-q2-update.linux64_1.5.0.202011040924/tools/bin/../lib/gcc/arm-none-eabi/7.3.1/../../../../arm-none-eabi/lib/thumb/v7e-m/fpv4-sp/hard/libnosys.a
END GROUP
START GROUP
LOAD /opt/st/stm32cubeide_1.5.1/plugins/com.st.stm32cube.ide.mcu.externaltools.gnu-tools-for-stm32.7-2018-q2-update.linux64_1.5.0.202011040924/tools/bin/../lib/gcc/arm-none-eabi/7.3.1/thumb/v7e-m/fpv4-sp/hard/libgcc.a
LOAD /opt/st/stm32cubeide_1.5.1/plugins/com.st.stm32cube.ide.mcu.externaltools.gnu-tools-for-stm32.7-2018-q2-update.linux64_1.5.0.202011040924/tools/bin/../lib/gcc/arm-none-eabi/7.3.1/../../../../arm-none-eabi/lib/thumb/v7e-m/fpv4-sp/hard/libc_nano.a
LOAD /opt/st/stm32cubeide_1.5.1/plugins/com.st.stm32cube.ide.mcu.externaltools.gnu-tools-for-stm32.7-2018-q2-update.linux64_1.5.0.202011040924/tools/bin/../lib/gcc/arm-none-eabi/7.3.1/../../../../arm-none-eabi/lib/thumb/v7e-m/fpv4-sp/hard/libnosys.a
END GROUP
LOAD /opt/st/stm32cubeide_1.5.1/plugins/com.st.stm32cube.ide.mcu.externaltools.gnu-tools-for-stm32.7-2018-q2-update.linux64_1.5.0.202011040924/tools/bin/../lib/gcc/arm-none-eabi/7.3.1/thumb/v7e-m/fpv4-sp/hard/crtend.o
LOAD /opt/st/stm32cubeide_1.5.1/plugins/com.st.stm32cube.ide.mcu.externaltools.gnu-tools-for-stm32.7-2018-q2-update.linux64_1.5.0.202011040924/tools/bin/../lib/gcc/arm-none-eabi/7.3.1/thumb/v7e-m/fpv4-sp/hard/crtn.o
                0x0000000020020000                _estack = (ORIGIN (RAM) + LENGTH (RAM))
                0x0000000000000200                _Min_Heap_Size = 0x200
                0x0000000000000400                _Min_Stack_Size = 0x400

.isr_vector     0x0000000008000000      0x1c4
                0x0000000008000000                . = ALIGN (0x4)
 *(.isr_vector)
 .isr_vector    0x0000000008000000      0x1c4 Core/Startup/startup_stm32f446retx.o
                0x0000000008000000                g_pfnVectors
                0x00000000080001c4                . = ALIGN (0x4)

.text           0x00000000080001d0     0x5394
                0x00000000080001d0                . = ALIGN (0x4)
 *(.text)
 .text          0x00000000080001d0       0x40 /opt/st/stm32cubeide_1.5.1/plugins/com.st.stm32cube.ide.mcu.externaltools.gnu-tools-for-stm32.7-2018-q2-update.linux64_1.5.0.202011040924/tools/bin/../lib/gcc/arm-none-eabi/7.3.1/thumb/v7e-m/fpv4-sp/hard/crtbegin.o
 .text          0x0000000008000210       0x30 /opt/st/stm32cubeide_1.5.1/plugins/com.st.stm32cube.ide.mcu.externaltools.gnu-tools-for-stm32.7-2018-q2-update.linux64_1.5.0.202011040924/tools/bin/../lib/gcc/arm-none-eabi/7.3.1/thumb/v7e-m/fpv4-sp/hard/libgcc.a(_aeabi_uldivmod.o)
                0x0000000008000210                __aeabi_uldivmod
 .text          0x0000000008000240      0x2cc /opt/st/stm32cubeide_1.5.1/plugins/com.st.stm32cube.ide.mcu.externaltools.gnu-tools-for-stm32.7-2018-q2-update.linux64_1.5.0.202011040924/tools/bin/../lib/gcc/arm-none-eabi/7.3.1/thumb/v7e-m/fpv4-sp/hard/libgcc.a(_udivmoddi4.o)
                0x0000000008000240                __udivmoddi4
 .text          0x000000000800050c        0x4 /opt/st/stm32cubeide_1.5.1/plugins/com.st.stm32cube.ide.mcu.externaltools.gnu-tools-for-stm32.7-2018-q2-update.linux64_1.5.0.202011040924/tools/bin/../lib/gcc/arm-none-eabi/7.3.1/thumb/v7e-m/fpv4-sp/hard/libgcc.a(_dvmd_tls.o)
                0x000000000800050c                __aeabi_ldiv0
                0x000000000800050c                __aeabi_idiv0
 *(.text*)
 .text.main     0x0000000008000510       0xe4 Core/Src/main.o
                0x0000000008000510                main
 .text.SystemClock_Config
                0x00000000080005f4       0xdc Core/Src/main.o
                0x00000000080005f4                SystemClock_Config
 .text.MX_USART2_UART_Init
                0x00000000080006d0       0x54 Core/Src/main.o
 .text.MX_GPIO_Init
                0x0000000008000724       0xd4 Core/Src/main.o
 .text.button_task_handler
                0x00000000080007f8       0x78 Core/Src/main.o
 .text.led_task_handler
                0x0000000008000870       0x5c Core/Src/main.o
 .text.print_task_handler
                0x00000000080008cc       0x4c Core/Src/main.o
 .text.rtos_delay
                0x0000000008000918       0x40 Core/Src/main.o
 .text.HAL_TIM_PeriodElapsedCallback
                0x0000000008000958       0x24 Core/Src/main.o
                0x0000000008000958                HAL_TIM_PeriodElapsedCallback
 .text.Error_Handler
                0x000000000800097c        0x8 Core/Src/main.o
                0x000000000800097c                Error_Handler
 .text.HAL_MspInit
                0x0000000008000984       0x50 Core/Src/stm32f4xx_hal_msp.o
                0x0000000008000984                HAL_MspInit
 .text.HAL_UART_MspInit
                0x00000000080009d4       0x90 Core/Src/stm32f4xx_hal_msp.o
                0x00000000080009d4                HAL_UART_MspInit
 .text.HAL_InitTick
                0x0000000008000a64       0xb4 Core/Src/stm32f4xx_hal_timebase_tim.o
                0x0000000008000a64                HAL_InitTick
 .text.NMI_Handler
                0x0000000008000b18        0x6 Core/Src/stm32f4xx_it.o
                0x0000000008000b18                NMI_Handler
 .text.HardFault_Handler
                0x0000000008000b1e        0x6 Core/Src/stm32f4xx_it.o
                0x0000000008000b1e                HardFault_Handler
 .text.MemManage_Handler
                0x0000000008000b24        0x6 Core/Src/stm32f4xx_it.o
                0x0000000008000b24                MemManage_Handler
 .text.BusFault_Handler
                0x0000000008000b2a        0x6 Core/Src/stm32f4xx_it.o
                0x0000000008000b2a                BusFault_Handler
 .text.UsageFault_Handler
                0x0000000008000b30        0x6 Core/Src/stm32f4xx_it.o
                0x0000000008000b30                UsageFault_Handler
 .text.DebugMon_Handler
                0x0000000008000b36        0xe Core/Src/stm32f4xx_it.o
                0x0000000008000b36                DebugMon_Handler
 .text.EXTI15_10_IRQHandler
                0x0000000008000b44       0x10 Core/Src/stm32f4xx_it.o
                0x0000000008000b44                EXTI15_10_IRQHandler
 .text.TIM6_DAC_IRQHandler
                0x0000000008000b54       0x14 Core/Src/stm32f4xx_it.o
                0x0000000008000b54                TIM6_DAC_IRQHandler
 .text.SystemInit
                0x0000000008000b68       0x2c Core/Src/system_stm32f4xx.o
                0x0000000008000b68                SystemInit
 .text.Reset_Handler
                0x0000000008000b94       0x50 Core/Startup/startup_stm32f446retx.o
                0x0000000008000b94                Reset_Handler
 .text.Default_Handler
                0x0000000008000be4        0x2 Core/Startup/startup_stm32f446retx.o
                0x0000000008000be4                RTC_Alarm_IRQHandler
                0x0000000008000be4                EXTI2_IRQHandler
                0x0000000008000be4                TIM8_CC_IRQHandler
                0x0000000008000be4                FMPI2C1_EV_IRQHandler
                0x0000000008000be4                SPI4_IRQHandler
                0x0000000008000be4                TIM1_CC_IRQHandler
                0x0000000008000be4                DMA2_Stream5_IRQHandler
                0x0000000008000be4                DMA1_Stream5_IRQHandler
                0x0000000008000be4                PVD_IRQHandler
                0x0000000008000be4                SDIO_IRQHandler
                0x0000000008000be4                TAMP_STAMP_IRQHandler
                0x0000000008000be4                CAN2_RX1_IRQHandler
                0x0000000008000be4                EXTI3_IRQHandler
                0x0000000008000be4                TIM8_TRG_COM_TIM14_IRQHandler
                0x0000000008000be4                TIM1_UP_TIM10_IRQHandler
                0x0000000008000be4                TIM8_UP_TIM13_IRQHandler
                0x0000000008000be4                I2C3_ER_IRQHandler
                0x0000000008000be4                EXTI0_IRQHandler
                0x0000000008000be4                I2C2_EV_IRQHandler
                0x0000000008000be4                DMA1_Stream2_IRQHandler
                0x0000000008000be4                CAN1_RX0_IRQHandler
                0x0000000008000be4                FPU_IRQHandler
                0x0000000008000be4                OTG_HS_WKUP_IRQHandler
                0x0000000008000be4                CAN2_SCE_IRQHandler
                0x0000000008000be4                DMA2_Stream2_IRQHandler
                0x0000000008000be4                SPI1_IRQHandler
                0x0000000008000be4                TIM1_BRK_TIM9_IRQHandler
                0x0000000008000be4                DCMI_IRQHandler
                0x0000000008000be4                CAN2_RX0_IRQHandler
                0x0000000008000be4                DMA2_Stream3_IRQHandler
                0x0000000008000be4                SAI2_IRQHandler
                0x0000000008000be4                USART6_IRQHandler
                0x0000000008000be4                USART3_IRQHandler
                0x0000000008000be4                CAN1_RX1_IRQHandler
                0x0000000008000be4                UART5_IRQHandler
                0x0000000008000be4                DMA2_Stream0_IRQHandler
                0x0000000008000be4                TIM4_IRQHandler
                0x0000000008000be4                QUADSPI_IRQHandler
                0x0000000008000be4                I2C1_EV_IRQHandler
                0x0000000008000be4                DMA1_Stream6_IRQHandler
                0x0000000008000be4                DMA1_Stream1_IRQHandler
                0x0000000008000be4                UART4_IRQHandler
                0x0000000008000be4                TIM3_IRQHandler
                0x0000000008000be4                RCC_IRQHandler
                0x0000000008000be4                TIM8_BRK_TIM12_IRQHandler
                0x0000000008000be4                Default_Handler
                0x0000000008000be4                CEC_IRQHandler
                0x0000000008000be4                ADC_IRQHandler
                0x0000000008000be4                DMA1_Stream7_IRQHandler
                0x0000000008000be4                TIM7_IRQHandler
                0x0000000008000be4                CAN2_TX_IRQHandler
                0x0000000008000be4                TIM5_IRQHandler
                0x0000000008000be4                DMA2_Stream7_IRQHandler
                0x0000000008000be4                I2C3_EV_IRQHandler
                0x0000000008000be4                EXTI9_5_IRQHandler
                0x0000000008000be4                RTC_WKUP_IRQHandler
                0x0000000008000be4                SPDIF_RX_IRQHandler
                0x0000000008000be4                SPI2_IRQHandler
                0x0000000008000be4                OTG_HS_EP1_IN_IRQHandler
                0x0000000008000be4                DMA1_Stream0_IRQHandler
                0x0000000008000be4                CAN1_TX_IRQHandler
                0x0000000008000be4                FMPI2C1_ER_IRQHandler
                0x0000000008000be4                EXTI4_IRQHandler
                0x0000000008000be4                OTG_HS_EP1_OUT_IRQHandler
                0x0000000008000be4                WWDG_IRQHandler
                0x0000000008000be4                TIM2_IRQHandler
                0x0000000008000be4                OTG_FS_WKUP_IRQHandler
                0x0000000008000be4                TIM1_TRG_COM_TIM11_IRQHandler
                0x0000000008000be4                OTG_HS_IRQHandler
                0x0000000008000be4                EXTI1_IRQHandler
                0x0000000008000be4                USART2_IRQHandler
                0x0000000008000be4                I2C2_ER_IRQHandler
                0x0000000008000be4                DMA2_Stream1_IRQHandler
                0x0000000008000be4                CAN1_SCE_IRQHandler
                0x0000000008000be4                FLASH_IRQHandler
                0x0000000008000be4                DMA2_Stream4_IRQHandler
                0x0000000008000be4                USART1_IRQHandler
                0x0000000008000be4                OTG_FS_IRQHandler
                0x0000000008000be4                SPI3_IRQHandler
                0x0000000008000be4                DMA1_Stream4_IRQHandler
                0x0000000008000be4                I2C1_ER_IRQHandler
                0x0000000008000be4                FMC_IRQHandler
                0x0000000008000be4                DMA2_Stream6_IRQHandler
                0x0000000008000be4                SAI1_IRQHandler
                0x0000000008000be4                DMA1_Stream3_IRQHandler
 *fill*         0x0000000008000be6        0x2 
 .text.HAL_Init
                0x0000000008000be8       0x44 Drivers/STM32F4xx_HAL_Driver/Src/stm32f4xx_hal.o
                0x0000000008000be8                HAL_Init
 .text.HAL_IncTick
                0x0000000008000c2c       0x28 Drivers/STM32F4xx_HAL_Driver/Src/stm32f4xx_hal.o
                0x0000000008000c2c                HAL_IncTick
 .text.HAL_GetTick
                0x0000000008000c54       0x18 Drivers/STM32F4xx_HAL_Driver/Src/stm32f4xx_hal.o
                0x0000000008000c54                HAL_GetTick
 .text.HAL_Delay
                0x0000000008000c6c       0x44 Drivers/STM32F4xx_HAL_Driver/Src/stm32f4xx_hal.o
                0x0000000008000c6c                HAL_Delay
 .text.__NVIC_SetPriorityGrouping
                0x0000000008000cb0       0x48 Drivers/STM32F4xx_HAL_Driver/Src/stm32f4xx_hal_cortex.o
 .text.__NVIC_GetPriorityGrouping
                0x0000000008000cf8       0x1c Drivers/STM32F4xx_HAL_Driver/Src/stm32f4xx_hal_cortex.o
 .text.__NVIC_EnableIRQ
                0x0000000008000d14       0x3c Drivers/STM32F4xx_HAL_Driver/Src/stm32f4xx_hal_cortex.o
 .text.__NVIC_SetPriority
                0x0000000008000d50       0x54 Drivers/STM32F4xx_HAL_Driver/Src/stm32f4xx_hal_cortex.o
 .text.NVIC_EncodePriority
                0x0000000008000da4       0x66 Drivers/STM32F4xx_HAL_Driver/Src/stm32f4xx_hal_cortex.o
 .text.HAL_NVIC_SetPriorityGrouping
                0x0000000008000e0a       0x16 Drivers/STM32F4xx_HAL_Driver/Src/stm32f4xx_hal_cortex.o
                0x0000000008000e0a                HAL_NVIC_SetPriorityGrouping
 .text.HAL_NVIC_SetPriority
                0x0000000008000e20       0x38 Drivers/STM32F4xx_HAL_Driver/Src/stm32f4xx_hal_cortex.o
                0x0000000008000e20                HAL_NVIC_SetPriority
 .text.HAL_NVIC_EnableIRQ
                0x0000000008000e58       0x1c Drivers/STM32F4xx_HAL_Driver/Src/stm32f4xx_hal_cortex.o
                0x0000000008000e58                HAL_NVIC_EnableIRQ
 .text.HAL_DMA_Abort
                0x0000000008000e74       0xe0 Drivers/STM32F4xx_HAL_Driver/Src/stm32f4xx_hal_dma.o
                0x0000000008000e74                HAL_DMA_Abort
 .text.HAL_DMA_GetError
                0x0000000008000f54       0x18 Drivers/STM32F4xx_HAL_Driver/Src/stm32f4xx_hal_dma.o
                0x0000000008000f54                HAL_DMA_GetError
 .text.HAL_GPIO_Init
                0x0000000008000f6c      0x324 Drivers/STM32F4xx_HAL_Driver/Src/stm32f4xx_hal_gpio.o
                0x0000000008000f6c                HAL_GPIO_Init
 .text.HAL_GPIO_ReadPin
                0x0000000008001290       0x30 Drivers/STM32F4xx_HAL_Driver/Src/stm32f4xx_hal_gpio.o
                0x0000000008001290                HAL_GPIO_ReadPin
 .text.HAL_GPIO_WritePin
                0x00000000080012c0       0x32 Drivers/STM32F4xx_HAL_Driver/Src/stm32f4xx_hal_gpio.o
                0x00000000080012c0                HAL_GPIO_WritePin
 .text.HAL_GPIO_TogglePin
                0x00000000080012f2       0x36 Drivers/STM32F4xx_HAL_Driver/Src/stm32f4xx_hal_gpio.o
                0x00000000080012f2                HAL_GPIO_TogglePin
 .text.HAL_GPIO_EXTI_IRQHandler
                0x0000000008001328       0x30 Drivers/STM32F4xx_HAL_Driver/Src/stm32f4xx_hal_gpio.o
                0x0000000008001328                HAL_GPIO_EXTI_IRQHandler
 .text.HAL_GPIO_EXTI_Callback
                0x0000000008001358       0x16 Drivers/STM32F4xx_HAL_Driver/Src/stm32f4xx_hal_gpio.o
                0x0000000008001358                HAL_GPIO_EXTI_Callback
 *fill*         0x000000000800136e        0x2 
 .text.HAL_RCC_ClockConfig
                0x0000000008001370      0x1cc Drivers/STM32F4xx_HAL_Driver/Src/stm32f4xx_hal_rcc.o
                0x0000000008001370                HAL_RCC_ClockConfig
 .text.HAL_RCC_GetHCLKFreq
                0x000000000800153c       0x18 Drivers/STM32F4xx_HAL_Driver/Src/stm32f4xx_hal_rcc.o
                0x000000000800153c                HAL_RCC_GetHCLKFreq
 .text.HAL_RCC_GetPCLK1Freq
                0x0000000008001554       0x28 Drivers/STM32F4xx_HAL_Driver/Src/stm32f4xx_hal_rcc.o
                0x0000000008001554                HAL_RCC_GetPCLK1Freq
 .text.HAL_RCC_GetPCLK2Freq
                0x000000000800157c       0x28 Drivers/STM32F4xx_HAL_Driver/Src/stm32f4xx_hal_rcc.o
                0x000000000800157c                HAL_RCC_GetPCLK2Freq
 .text.HAL_RCC_GetClockConfig
                0x00000000080015a4       0x64 Drivers/STM32F4xx_HAL_Driver/Src/stm32f4xx_hal_rcc.o
                0x00000000080015a4                HAL_RCC_GetClockConfig
 .text.HAL_RCC_GetSysClockFreq
                0x0000000008001608      0x340 Drivers/STM32F4xx_HAL_Driver/Src/stm32f4xx_hal_rcc_ex.o
                0x0000000008001608                HAL_RCC_GetSysClockFreq
 .text.HAL_RCC_OscConfig
                0x0000000008001948      0x4b4 Drivers/STM32F4xx_HAL_Driver/Src/stm32f4xx_hal_rcc_ex.o
                0x0000000008001948                HAL_RCC_OscConfig
 .text.HAL_TIM_Base_Init
                0x0000000008001dfc       0x56 Drivers/STM32F4xx_HAL_Driver/Src/stm32f4xx_hal_tim.o
                0x0000000008001dfc                HAL_TIM_Base_Init
 .text.HAL_TIM_Base_MspInit
                0x0000000008001e52       0x14 Drivers/STM32F4xx_HAL_Driver/Src/stm32f4xx_hal_tim.o
                0x0000000008001e52                HAL_TIM_Base_MspInit
 .text.HAL_TIM_Base_Start_IT
                0x0000000008001e66       0x48 Drivers/STM32F4xx_HAL_Driver/Src/stm32f4xx_hal_tim.o
                0x0000000008001e66                HAL_TIM_Base_Start_IT
 .text.HAL_TIM_IRQHandler
                0x0000000008001eae      0x210 Drivers/STM32F4xx_HAL_Driver/Src/stm32f4xx_hal_tim.o
                0x0000000008001eae                HAL_TIM_IRQHandler
 .text.HAL_TIM_OC_DelayElapsedCallback
                0x00000000080020be       0x14 Drivers/STM32F4xx_HAL_Driver/Src/stm32f4xx_hal_tim.o
                0x00000000080020be                HAL_TIM_OC_DelayElapsedCallback
 .text.HAL_TIM_IC_CaptureCallback
                0x00000000080020d2       0x14 Drivers/STM32F4xx_HAL_Driver/Src/stm32f4xx_hal_tim.o
                0x00000000080020d2                HAL_TIM_IC_CaptureCallback
 .text.HAL_TIM_PWM_PulseFinishedCallback
                0x00000000080020e6       0x14 Drivers/STM32F4xx_HAL_Driver/Src/stm32f4xx_hal_tim.o
                0x00000000080020e6                HAL_TIM_PWM_PulseFinishedCallback
 .text.HAL_TIM_TriggerCallback
                0x00000000080020fa       0x14 Drivers/STM32F4xx_HAL_Driver/Src/stm32f4xx_hal_tim.o
                0x00000000080020fa                HAL_TIM_TriggerCallback
 *fill*         0x000000000800210e        0x2 
 .text.TIM_Base_SetConfig
                0x0000000008002110      0x140 Drivers/STM32F4xx_HAL_Driver/Src/stm32f4xx_hal_tim.o
                0x0000000008002110                TIM_Base_SetConfig
 .text.HAL_TIMEx_CommutCallback
                0x0000000008002250       0x14 Drivers/STM32F4xx_HAL_Driver/Src/stm32f4xx_hal_tim_ex.o
                0x0000000008002250                HAL_TIMEx_CommutCallback
 .text.HAL_TIMEx_BreakCallback
                0x0000000008002264       0x14 Drivers/STM32F4xx_HAL_Driver/Src/stm32f4xx_hal_tim_ex.o
                0x0000000008002264                HAL_TIMEx_BreakCallback
 .text.HAL_UART_Init
                0x0000000008002278       0x9a Drivers/STM32F4xx_HAL_Driver/Src/stm32f4xx_hal_uart.o
                0x0000000008002278                HAL_UART_Init
 .text.HAL_UART_Transmit
                0x0000000008002312      0x132 Drivers/STM32F4xx_HAL_Driver/Src/stm32f4xx_hal_uart.o
                0x0000000008002312                HAL_UART_Transmit
 .text.HAL_UART_AbortTransmit
                0x0000000008002444       0x88 Drivers/STM32F4xx_HAL_Driver/Src/stm32f4xx_hal_uart.o
                0x0000000008002444                HAL_UART_AbortTransmit
 .text.UART_WaitOnFlagUntilTimeout
                0x00000000080024cc       0x94 Drivers/STM32F4xx_HAL_Driver/Src/stm32f4xx_hal_uart.o
 .text.UART_SetConfig
                0x0000000008002560      0x6f8 Drivers/STM32F4xx_HAL_Driver/Src/stm32f4xx_hal_uart.o
 .text.vListInitialise
                0x0000000008002c58       0x40 Third-Party/FreeRTOS/org/Source/list.o
                0x0000000008002c58                vListInitialise
 .text.vListInitialiseItem
                0x0000000008002c98       0x1a Third-Party/FreeRTOS/org/Source/list.o
                0x0000000008002c98                vListInitialiseItem
 .text.vListInsertEnd
                0x0000000008002cb2       0x48 Third-Party/FreeRTOS/org/Source/list.o
                0x0000000008002cb2                vListInsertEnd
 .text.vListInsert
                0x0000000008002cfa       0x72 Third-Party/FreeRTOS/org/Source/list.o
                0x0000000008002cfa                vListInsert
 .text.uxListRemove
                0x0000000008002d6c       0x54 Third-Party/FreeRTOS/org/Source/list.o
                0x0000000008002d6c                uxListRemove
 .text.xQueueGenericReset
                0x0000000008002dc0       0xd0 Third-Party/FreeRTOS/org/Source/queue.o
                0x0000000008002dc0                xQueueGenericReset
 .text.xQueueGenericCreate
                0x0000000008002e90       0x9c Third-Party/FreeRTOS/org/Source/queue.o
                0x0000000008002e90                xQueueGenericCreate
 .text.prvInitialiseNewQueue
                0x0000000008002f2c       0x46 Third-Party/FreeRTOS/org/Source/queue.o
 *fill*         0x0000000008002f72        0x2 
 .text.xQueueGenericSend
                0x0000000008002f74      0x1f4 Third-Party/FreeRTOS/org/Source/queue.o
                0x0000000008002f74                xQueueGenericSend
 .text.xQueueGenericSendFromISR
                0x0000000008003168      0x14a Third-Party/FreeRTOS/org/Source/queue.o
                0x0000000008003168                xQueueGenericSendFromISR
 *fill*         0x00000000080032b2        0x2 
 .text.xQueueReceive
                0x00000000080032b4      0x1b8 Third-Party/FreeRTOS/org/Source/queue.o
                0x00000000080032b4                xQueueReceive
 .text.prvCopyDataToQueue
                0x000000000800346c       0xd4 Third-Party/FreeRTOS/org/Source/queue.o
 .text.prvCopyDataFromQueue
                0x0000000008003540       0x4c Third-Party/FreeRTOS/org/Source/queue.o
 .text.prvUnlockQueue
                0x000000000800358c       0xa4 Third-Party/FreeRTOS/org/Source/queue.o
 .text.prvIsQueueEmpty
                0x0000000008003630       0x2c Third-Party/FreeRTOS/org/Source/queue.o
 .text.prvIsQueueFull
                0x000000000800365c       0x30 Third-Party/FreeRTOS/org/Source/queue.o
 .text.vQueueAddToRegistry
                0x000000000800368c       0x50 Third-Party/FreeRTOS/org/Source/queue.o
                0x000000000800368c                vQueueAddToRegistry
 .text.vQueueWaitForMessageRestricted
                0x00000000080036dc       0x68 Third-Party/FreeRTOS/org/Source/queue.o
                0x00000000080036dc                vQueueWaitForMessageRestricted
 .text.xTaskCreate
                0x0000000008003744       0x82 Third-Party/FreeRTOS/org/Source/tasks.o
                0x0000000008003744                xTaskCreate
 .text.prvInitialiseNewTask
                0x00000000080037c6      0x12a Third-Party/FreeRTOS/org/Source/tasks.o
 .text.prvAddNewTaskToReadyList
                0x00000000080038f0       0xdc Third-Party/FreeRTOS/org/Source/tasks.o
 .text.vTaskStartScheduler
                0x00000000080039cc       0x98 Third-Party/FreeRTOS/org/Source/tasks.o
                0x00000000080039cc                vTaskStartScheduler
 .text.vTaskSuspendAll
                0x0000000008003a64       0x1c Third-Party/FreeRTOS/org/Source/tasks.o
                0x0000000008003a64                vTaskSuspendAll
 .text.xTaskResumeAll
                0x0000000008003a80      0x138 Third-Party/FreeRTOS/org/Source/tasks.o
                0x0000000008003a80                xTaskResumeAll
 .text.xTaskGetTickCount
                0x0000000008003bb8       0x20 Third-Party/FreeRTOS/org/Source/tasks.o
                0x0000000008003bb8                xTaskGetTickCount
 .text.xTaskIncrementTick
                0x0000000008003bd8      0x170 Third-Party/FreeRTOS/org/Source/tasks.o
                0x0000000008003bd8                xTaskIncrementTick
 .text.vTaskSwitchContext
                0x0000000008003d48       0xb4 Third-Party/FreeRTOS/org/Source/tasks.o
                0x0000000008003d48                vTaskSwitchContext
 .text.vTaskPlaceOnEventList
                0x0000000008003dfc       0x48 Third-Party/FreeRTOS/org/Source/tasks.o
                0x0000000008003dfc                vTaskPlaceOnEventList
 .text.vTaskPlaceOnEventListRestricted
                0x0000000008003e44       0x54 Third-Party/FreeRTOS/org/Source/tasks.o
                0x0000000008003e44                vTaskPlaceOnEventListRestricted
 .text.xTaskRemoveFromEventList
                0x0000000008003e98       0xc4 Third-Party/FreeRTOS/org/Source/tasks.o
                0x0000000008003e98                xTaskRemoveFromEventList
 .text.vTaskInternalSetTimeOutState
                0x0000000008003f5c       0x2c Third-Party/FreeRTOS/org/Source/tasks.o
                0x0000000008003f5c                vTaskInternalSetTimeOutState
 .text.xTaskCheckForTimeOut
                0x0000000008003f88       0xc8 Third-Party/FreeRTOS/org/Source/tasks.o
                0x0000000008003f88                xTaskCheckForTimeOut
 .text.vTaskMissedYield
                0x0000000008004050       0x18 Third-Party/FreeRTOS/org/Source/tasks.o
                0x0000000008004050                vTaskMissedYield
 .text.prvIdleTask
                0x0000000008004068       0x30 Third-Party/FreeRTOS/org/Source/tasks.o
 .text.prvInitialiseTaskLists
                0x0000000008004098       0x80 Third-Party/FreeRTOS/org/Source/tasks.o
 .text.prvCheckTasksWaitingTermination
                0x0000000008004118       0x58 Third-Party/FreeRTOS/org/Source/tasks.o
 .text.prvDeleteTCB
                0x0000000008004170       0x20 Third-Party/FreeRTOS/org/Source/tasks.o
 .text.prvResetNextTaskUnblockTime
                0x0000000008004190       0x38 Third-Party/FreeRTOS/org/Source/tasks.o
 .text.xTaskGetSchedulerState
                0x00000000080041c8       0x3c Third-Party/FreeRTOS/org/Source/tasks.o
                0x00000000080041c8                xTaskGetSchedulerState
 .text.xTaskPriorityDisinherit
                0x0000000008004204       0xf0 Third-Party/FreeRTOS/org/Source/tasks.o
                0x0000000008004204                xTaskPriorityDisinherit
 .text.xTaskGenericNotifyWait
                0x00000000080042f4       0xfc Third-Party/FreeRTOS/org/Source/tasks.o
                0x00000000080042f4                xTaskGenericNotifyWait
 .text.xTaskGenericNotify
                0x00000000080043f0      0x1b8 Third-Party/FreeRTOS/org/Source/tasks.o
                0x00000000080043f0                xTaskGenericNotify
 .text.prvAddCurrentTaskToDelayedList
                0x00000000080045a8       0xcc Third-Party/FreeRTOS/org/Source/tasks.o
 .text.xTimerCreateTimerTask
                0x0000000008004674       0x64 Third-Party/FreeRTOS/org/Source/timers.o
                0x0000000008004674                xTimerCreateTimerTask
 .text.xTimerGenericCommand
                0x00000000080046d8       0x98 Third-Party/FreeRTOS/org/Source/timers.o
                0x00000000080046d8                xTimerGenericCommand
 .text.prvProcessExpiredTimer
                0x0000000008004770       0x98 Third-Party/FreeRTOS/org/Source/timers.o
 .text.prvTimerTask
                0x0000000008004808       0x24 Third-Party/FreeRTOS/org/Source/timers.o
 .text.prvProcessTimerOrBlockTask
                0x000000000800482c       0x9c Third-Party/FreeRTOS/org/Source/timers.o
 .text.prvGetNextExpireTime
                0x00000000080048c8       0x48 Third-Party/FreeRTOS/org/Source/timers.o
 .text.prvSampleTimeNow
                0x0000000008004910       0x40 Third-Party/FreeRTOS/org/Source/timers.o
 .text.prvInsertTimerInActiveList
                0x0000000008004950       0x84 Third-Party/FreeRTOS/org/Source/timers.o
 .text.prvProcessReceivedCommands
                0x00000000080049d4      0x188 Third-Party/FreeRTOS/org/Source/timers.o
 .text.prvSwitchTimerLists
                0x0000000008004b5c       0xc8 Third-Party/FreeRTOS/org/Source/timers.o
 .text.prvCheckForValidListAndQueue
                0x0000000008004c24       0x6c Third-Party/FreeRTOS/org/Source/timers.o
 .text.pxPortInitialiseStack
                0x0000000008004c90       0x68 Third-Party/FreeRTOS/org/Source/portable/GCC/ARM_CM4F/port.o
                0x0000000008004c90                pxPortInitialiseStack
 .text.prvTaskExitError
                0x0000000008004cf8       0x54 Third-Party/FreeRTOS/org/Source/portable/GCC/ARM_CM4F/port.o
 *fill*         0x0000000008004d4c        0x4 
 .text.SVC_Handler
                0x0000000008004d50       0x28 Third-Party/FreeRTOS/org/Source/portable/GCC/ARM_CM4F/port.o
                0x0000000008004d50                SVC_Handler
 .text.prvPortStartFirstTask
                0x0000000008004d78       0x2c Third-Party/FreeRTOS/org/Source/portable/GCC/ARM_CM4F/port.o
 .text.xPortStartScheduler
                0x0000000008004da4      0x13c Third-Party/FreeRTOS/org/Source/portable/GCC/ARM_CM4F/port.o
                0x0000000008004da4                xPortStartScheduler
 .text.vPortEnterCritical
                0x0000000008004ee0       0x5c Third-Party/FreeRTOS/org/Source/portable/GCC/ARM_CM4F/port.o
                0x0000000008004ee0                vPortEnterCritical
 .text.vPortExitCritical
                0x0000000008004f3c       0x50 Third-Party/FreeRTOS/org/Source/portable/GCC/ARM_CM4F/port.o
                0x0000000008004f3c                vPortExitCritical
 *fill*         0x0000000008004f8c        0x4 
 .text.PendSV_Handler
                0x0000000008004f90       0x68 Third-Party/FreeRTOS/org/Source/portable/GCC/ARM_CM4F/port.o
                0x0000000008004f90                PendSV_Handler
 .text.SysTick_Handler
                0x0000000008004ff8       0x40 Third-Party/FreeRTOS/org/Source/portable/GCC/ARM_CM4F/port.o
                0x0000000008004ff8                SysTick_Handler
 .text.vPortSetupTimerInterrupt
                0x0000000008005038       0x48 Third-Party/FreeRTOS/org/Source/portable/GCC/ARM_CM4F/port.o
                0x0000000008005038                vPortSetupTimerInterrupt
 .text.vPortEnableVFP
                0x0000000008005080       0x18 Third-Party/FreeRTOS/org/Source/portable/GCC/ARM_CM4F/port.o
 .text.vPortValidateInterruptPriority
                0x0000000008005098       0x7c Third-Party/FreeRTOS/org/Source/portable/GCC/ARM_CM4F/port.o
                0x0000000008005098                vPortValidateInterruptPriority
 .text.pvPortMalloc
                0x0000000008005114      0x190 Third-Party/FreeRTOS/org/Source/portable/MemMang/heap_4.o
                0x0000000008005114                pvPortMalloc
 .text.vPortFree
                0x00000000080052a4       0xc0 Third-Party/FreeRTOS/org/Source/portable/MemMang/heap_4.o
                0x00000000080052a4                vPortFree
 .text.prvHeapInit
                0x0000000008005364       0xc4 Third-Party/FreeRTOS/org/Source/portable/MemMang/heap_4.o
 .text.prvInsertBlockIntoFreeList
                0x0000000008005428       0xb4 Third-Party/FreeRTOS/org/Source/portable/MemMang/heap_4.o
 .text.__libc_init_array
                0x00000000080054dc       0x48 /opt/st/stm32cubeide_1.5.1/plugins/com.st.stm32cube.ide.mcu.externaltools.gnu-tools-for-stm32.7-2018-q2-update.linux64_1.5.0.202011040924/tools/bin/../lib/gcc/arm-none-eabi/7.3.1/../../../../arm-none-eabi/lib/thumb/v7e-m/fpv4-sp/hard/libc_nano.a(lib_a-init.o)
                0x00000000080054dc                __libc_init_array
 .text.memcpy   0x0000000008005524       0x16 /opt/st/stm32cubeide_1.5.1/plugins/com.st.stm32cube.ide.mcu.externaltools.gnu-tools-for-stm32.7-2018-q2-update.linux64_1.5.0.202011040924/tools/bin/../lib/gcc/arm-none-eabi/7.3.1/../../../../arm-none-eabi/lib/thumb/v7e-m/fpv4-sp/hard/libc_nano.a(lib_a-memcpy-stub.o)
                0x0000000008005524                memcpy
 .text.memset   0x000000000800553a       0x10 /opt/st/stm32cubeide_1.5.1/plugins/com.st.stm32cube.ide.mcu.externaltools.gnu-tools-for-stm32.7-2018-q2-update.linux64_1.5.0.202011040924/tools/bin/../lib/gcc/arm-none-eabi/7.3.1/../../../../arm-none-eabi/lib/thumb/v7e-m/fpv4-sp/hard/libc_nano.a(lib_a-memset.o)
                0x000000000800553a                memset
 *(.glue_7)
 .glue_7        0x000000000800554a        0x0 linker stubs
 *(.glue_7t)
 .glue_7t       0x000000000800554a        0x0 linker stubs
 *(.eh_frame)
 *fill*         0x000000000800554a        0x2 
 .eh_frame      0x000000000800554c        0x0 /opt/st/stm32cubeide_1.5.1/plugins/com.st.stm32cube.ide.mcu.externaltools.gnu-tools-for-stm32.7-2018-q2-update.linux64_1.5.0.202011040924/tools/bin/../lib/gcc/arm-none-eabi/7.3.1/thumb/v7e-m/fpv4-sp/hard/crtbegin.o
 *(.init)
 .init          0x000000000800554c        0x4 /opt/st/stm32cubeide_1.5.1/plugins/com.st.stm32cube.ide.mcu.externaltools.gnu-tools-for-stm32.7-2018-q2-update.linux64_1.5.0.202011040924/tools/bin/../lib/gcc/arm-none-eabi/7.3.1/thumb/v7e-m/fpv4-sp/hard/crti.o
                0x000000000800554c                _init
 .init          0x0000000008005550        0x8 /opt/st/stm32cubeide_1.5.1/plugins/com.st.stm32cube.ide.mcu.externaltools.gnu-tools-for-stm32.7-2018-q2-update.linux64_1.5.0.202011040924/tools/bin/../lib/gcc/arm-none-eabi/7.3.1/thumb/v7e-m/fpv4-sp/hard/crtn.o
 *(.fini)
 .fini          0x0000000008005558        0x4 /opt/st/stm32cubeide_1.5.1/plugins/com.st.stm32cube.ide.mcu.externaltools.gnu-tools-for-stm32.7-2018-q2-update.linux64_1.5.0.202011040924/tools/bin/../lib/gcc/arm-none-eabi/7.3.1/thumb/v7e-m/fpv4-sp/hard/crti.o
                0x0000000008005558                _fini
 .fini          0x000000000800555c        0x8 /opt/st/stm32cubeide_1.5.1/plugins/com.st.stm32cube.ide.mcu.externaltools.gnu-tools-for-stm32.7-2018-q2-update.linux64_1.5.0.202011040924/tools/bin/../lib/gcc/arm-none-eabi/7.3.1/thumb/v7e-m/fpv4-sp/hard/crtn.o
                0x0000000008005564                . = ALIGN (0x4)
                0x0000000008005564                _etext = .

.vfp11_veneer   0x0000000008005564        0x0
 .vfp11_veneer  0x0000000008005564        0x0 linker stubs

.v4_bx          0x0000000008005564        0x0
 .v4_bx         0x0000000008005564        0x0 linker stubs

.iplt           0x0000000008005564        0x0
 .iplt          0x0000000008005564        0x0 /opt/st/stm32cubeide_1.5.1/plugins/com.st.stm32cube.ide.mcu.externaltools.gnu-tools-for-stm32.7-2018-q2-update.linux64_1.5.0.202011040924/tools/bin/../lib/gcc/arm-none-eabi/7.3.1/thumb/v7e-m/fpv4-sp/hard/crtbegin.o

.rodata         0x0000000008005564       0xb0
                0x0000000008005564                . = ALIGN (0x4)
 *(.rodata)
 .rodata        0x0000000008005564       0x7d Core/Src/main.o
 *fill*         0x00000000080055e1        0x3 
 .rodata        0x00000000080055e4        0x5 Third-Party/FreeRTOS/org/Source/tasks.o
 *fill*         0x00000000080055e9        0x3 
 .rodata        0x00000000080055ec        0xd Third-Party/FreeRTOS/org/Source/timers.o
 *(.rodata*)
 *fill*         0x00000000080055f9        0x3 
 .rodata.AHBPrescTable
                0x00000000080055fc       0x10 Core/Src/system_stm32f4xx.o
                0x00000000080055fc                AHBPrescTable
 .rodata.APBPrescTable
                0x000000000800560c        0x8 Core/Src/system_stm32f4xx.o
                0x000000000800560c                APBPrescTable
                0x0000000008005614                . = ALIGN (0x4)

.ARM.extab      0x0000000008005614        0x0
                0x0000000008005614                . = ALIGN (0x4)
 *(.ARM.extab* .gnu.linkonce.armextab.*)
                0x0000000008005614                . = ALIGN (0x4)

.ARM            0x0000000008005614        0x8
                0x0000000008005614                . = ALIGN (0x4)
                0x0000000008005614                __exidx_start = .
 *(.ARM.exidx*)
 .ARM.exidx     0x0000000008005614        0x8 /opt/st/stm32cubeide_1.5.1/plugins/com.st.stm32cube.ide.mcu.externaltools.gnu-tools-for-stm32.7-2018-q2-update.linux64_1.5.0.202011040924/tools/bin/../lib/gcc/arm-none-eabi/7.3.1/thumb/v7e-m/fpv4-sp/hard/libgcc.a(_udivmoddi4.o)
                0x000000000800561c                __exidx_end = .
                0x000000000800561c                . = ALIGN (0x4)

.rel.dyn        0x000000000800561c        0x0
 .rel.iplt      0x000000000800561c        0x0 /opt/st/stm32cubeide_1.5.1/plugins/com.st.stm32cube.ide.mcu.externaltools.gnu-tools-for-stm32.7-2018-q2-update.linux64_1.5.0.202011040924/tools/bin/../lib/gcc/arm-none-eabi/7.3.1/thumb/v7e-m/fpv4-sp/hard/crtbegin.o

.preinit_array  0x000000000800561c        0x0
                0x000000000800561c                . = ALIGN (0x4)
                0x000000000800561c                PROVIDE (__preinit_array_start = .)
 *(.preinit_array*)
                0x000000000800561c                PROVIDE (__preinit_array_end = .)
                0x000000000800561c                . = ALIGN (0x4)

.init_array     0x000000000800561c        0x4
                0x000000000800561c                . = ALIGN (0x4)
                0x000000000800561c                PROVIDE (__init_array_start = .)
 *(SORT_BY_NAME(.init_array.*))
 *(.init_array*)
 .init_array    0x000000000800561c        0x4 /opt/st/stm32cubeide_1.5.1/plugins/com.st.stm32cube.ide.mcu.externaltools.gnu-tools-for-stm32.7-2018-q2-update.linux64_1.5.0.202011040924/tools/bin/../lib/gcc/arm-none-eabi/7.3.1/thumb/v7e-m/fpv4-sp/hard/crtbegin.o
                0x0000000008005620                PROVIDE (__init_array_end = .)
                0x0000000008005620                . = ALIGN (0x4)

.fini_array     0x0000000008005620        0x4
                0x0000000008005620                . = ALIGN (0x4)
                [!provide]                        PROVIDE (__fini_array_start = .)
 *(SORT_BY_NAME(.fini_array.*))
 *(.fini_array*)
 .fini_array    0x0000000008005620        0x4 /opt/st/stm32cubeide_1.5.1/plugins/com.st.stm32cube.ide.mcu.externaltools.gnu-tools-for-stm32.7-2018-q2-update.linux64_1.5.0.202011040924/tools/bin/../lib/gcc/arm-none-eabi/7.3.1/thumb/v7e-m/fpv4-sp/hard/crtbegin.o
                [!provide]                        PROVIDE (__fini_array_end = .)
                0x0000000008005624                . = ALIGN (0x4)
                0x0000000008005624                _sidata = LOADADDR (.data)

.data           0x0000000020000000       0x10 load address 0x0000000008005624
                0x0000000020000000                . = ALIGN (0x4)
                0x0000000020000000                _sdata = .
 *(.data)
 *(.data*)
 .data.SystemCoreClock
                0x0000000020000000        0x4 Core/Src/system_stm32f4xx.o
                0x0000000020000000                SystemCoreClock
 .data.uwTickPrio
                0x0000000020000004        0x4 Drivers/STM32F4xx_HAL_Driver/Src/stm32f4xx_hal.o
                0x0000000020000004                uwTickPrio
 .data.uwTickFreq
                0x0000000020000008        0x1 Drivers/STM32F4xx_HAL_Driver/Src/stm32f4xx_hal.o
                0x0000000020000008                uwTickFreq
 *fill*         0x0000000020000009        0x3 
 .data.uxCriticalNesting
                0x000000002000000c        0x4 Third-Party/FreeRTOS/org/Source/portable/GCC/ARM_CM4F/port.o
 *(.RamFunc)
 *(.RamFunc*)
                0x0000000020000010                . = ALIGN (0x4)
                0x0000000020000010                _edata = .

.igot.plt       0x0000000020000010        0x0 load address 0x0000000008005634
 .igot.plt      0x0000000020000010        0x0 /opt/st/stm32cubeide_1.5.1/plugins/com.st.stm32cube.ide.mcu.externaltools.gnu-tools-for-stm32.7-2018-q2-update.linux64_1.5.0.202011040924/tools/bin/../lib/gcc/arm-none-eabi/7.3.1/thumb/v7e-m/fpv4-sp/hard/crtbegin.o
                0x0000000020000010                . = ALIGN (0x4)

.bss            0x0000000020000010    0x12e54 load address 0x0000000008005634
                0x0000000020000010                _sbss = .
                0x0000000020000010                __bss_start__ = _sbss
 *(.bss)
 .bss           0x0000000020000010       0x1c /opt/st/stm32cubeide_1.5.1/plugins/com.st.stm32cube.ide.mcu.externaltools.gnu-tools-for-stm32.7-2018-q2-update.linux64_1.5.0.202011040924/tools/bin/../lib/gcc/arm-none-eabi/7.3.1/thumb/v7e-m/fpv4-sp/hard/crtbegin.o
 *(.bss*)
 .bss.pxCurrentTCB
                0x000000002000002c        0x4 Third-Party/FreeRTOS/org/Source/tasks.o
                0x000000002000002c                pxCurrentTCB
 .bss.pxReadyTasksLists
                0x0000000020000030       0x64 Third-Party/FreeRTOS/org/Source/tasks.o
 .bss.xDelayedTaskList1
                0x0000000020000094       0x14 Third-Party/FreeRTOS/org/Source/tasks.o
 .bss.xDelayedTaskList2
                0x00000000200000a8       0x14 Third-Party/FreeRTOS/org/Source/tasks.o
 .bss.pxDelayedTaskList
                0x00000000200000bc        0x4 Third-Party/FreeRTOS/org/Source/tasks.o
 .bss.pxOverflowDelayedTaskList
                0x00000000200000c0        0x4 Third-Party/FreeRTOS/org/Source/tasks.o
 .bss.xPendingReadyList
                0x00000000200000c4       0x14 Third-Party/FreeRTOS/org/Source/tasks.o
 .bss.xTasksWaitingTermination
                0x00000000200000d8       0x14 Third-Party/FreeRTOS/org/Source/tasks.o
 .bss.uxDeletedTasksWaitingCleanUp
                0x00000000200000ec        0x4 Third-Party/FreeRTOS/org/Source/tasks.o
 .bss.xSuspendedTaskList
                0x00000000200000f0       0x14 Third-Party/FreeRTOS/org/Source/tasks.o
 .bss.uxCurrentNumberOfTasks
                0x0000000020000104        0x4 Third-Party/FreeRTOS/org/Source/tasks.o
 .bss.xTickCount
                0x0000000020000108        0x4 Third-Party/FreeRTOS/org/Source/tasks.o
 .bss.uxTopReadyPriority
                0x000000002000010c        0x4 Third-Party/FreeRTOS/org/Source/tasks.o
 .bss.xSchedulerRunning
                0x0000000020000110        0x4 Third-Party/FreeRTOS/org/Source/tasks.o
 .bss.xPendedTicks
                0x0000000020000114        0x4 Third-Party/FreeRTOS/org/Source/tasks.o
 .bss.xYieldPending
                0x0000000020000118        0x4 Third-Party/FreeRTOS/org/Source/tasks.o
 .bss.xNumOfOverflows
                0x000000002000011c        0x4 Third-Party/FreeRTOS/org/Source/tasks.o
 .bss.uxTaskNumber
                0x0000000020000120        0x4 Third-Party/FreeRTOS/org/Source/tasks.o
 .bss.xNextTaskUnblockTime
                0x0000000020000124        0x4 Third-Party/FreeRTOS/org/Source/tasks.o
 .bss.xIdleTaskHandle
                0x0000000020000128        0x4 Third-Party/FreeRTOS/org/Source/tasks.o
 .bss.uxSchedulerSuspended
                0x000000002000012c        0x4 Third-Party/FreeRTOS/org/Source/tasks.o
 .bss.xActiveTimerList1
                0x0000000020000130       0x14 Third-Party/FreeRTOS/org/Source/timers.o
 .bss.xActiveTimerList2
                0x0000000020000144       0x14 Third-Party/FreeRTOS/org/Source/timers.o
 .bss.pxCurrentTimerList
                0x0000000020000158        0x4 Third-Party/FreeRTOS/org/Source/timers.o
 .bss.pxOverflowTimerList
                0x000000002000015c        0x4 Third-Party/FreeRTOS/org/Source/timers.o
 .bss.xTimerQueue
                0x0000000020000160        0x4 Third-Party/FreeRTOS/org/Source/timers.o
 .bss.xTimerTaskHandle
                0x0000000020000164        0x4 Third-Party/FreeRTOS/org/Source/timers.o
 .bss.xLastTime.6732
                0x0000000020000168        0x4 Third-Party/FreeRTOS/org/Source/timers.o
 .bss.ucMaxSysCallPriority
                0x000000002000016c        0x1 Third-Party/FreeRTOS/org/Source/portable/GCC/ARM_CM4F/port.o
 *fill*         0x000000002000016d        0x3 
 .bss.ulMaxPRIGROUPValue
                0x0000000020000170        0x4 Third-Party/FreeRTOS/org/Source/portable/GCC/ARM_CM4F/port.o
 .bss.ucHeap    0x0000000020000174    0x12c00 Third-Party/FreeRTOS/org/Source/portable/MemMang/heap_4.o
 .bss.xStart    0x0000000020012d74        0x8 Third-Party/FreeRTOS/org/Source/portable/MemMang/heap_4.o
 .bss.pxEnd     0x0000000020012d7c        0x4 Third-Party/FreeRTOS/org/Source/portable/MemMang/heap_4.o
 .bss.xFreeBytesRemaining
                0x0000000020012d80        0x4 Third-Party/FreeRTOS/org/Source/portable/MemMang/heap_4.o
 .bss.xMinimumEverFreeBytesRemaining
                0x0000000020012d84        0x4 Third-Party/FreeRTOS/org/Source/portable/MemMang/heap_4.o
 .bss.xNumberOfSuccessfulAllocations
                0x0000000020012d88        0x4 Third-Party/FreeRTOS/org/Source/portable/MemMang/heap_4.o
 .bss.xNumberOfSuccessfulFrees
                0x0000000020012d8c        0x4 Third-Party/FreeRTOS/org/Source/portable/MemMang/heap_4.o
 .bss.xBlockAllocatedBit
                0x0000000020012d90        0x4 Third-Party/FreeRTOS/org/Source/portable/MemMang/heap_4.o
 *(COMMON)
 COMMON         0x0000000020012d94       0x4c Core/Src/main.o
                0x0000000020012d94                task2_handler_address
                0x0000000020012d98                task3_handler_address
                0x0000000020012d9c                task1_handler_address
                0x0000000020012da0                huart2
 COMMON         0x0000000020012de0       0x40 Core/Src/stm32f4xx_hal_timebase_tim.o
                0x0000000020012de0                htim6
 COMMON         0x0000000020012e20        0x4 Drivers/STM32F4xx_HAL_Driver/Src/stm32f4xx_hal.o
                0x0000000020012e20                uwTick
 COMMON         0x0000000020012e24       0x40 Third-Party/FreeRTOS/org/Source/queue.o
                0x0000000020012e24                xQueueRegistry
                0x0000000020012e64                . = ALIGN (0x4)
                0x0000000020012e64                _ebss = .
                0x0000000020012e64                __bss_end__ = _ebss

._user_heap_stack
                0x0000000020012e64      0x604 load address 0x0000000008005634
                0x0000000020012e68                . = ALIGN (0x8)
 *fill*         0x0000000020012e64        0x4 
                [!provide]                        PROVIDE (end = .)
                0x0000000020012e68                PROVIDE (_end = .)
                0x0000000020013068                . = (. + _Min_Heap_Size)
 *fill*         0x0000000020012e68      0x200 
                0x0000000020013468                . = (. + _Min_Stack_Size)
 *fill*         0x0000000020013068      0x400 
                0x0000000020013468                . = ALIGN (0x8)

/DISCARD/
 libc.a(*)
 libm.a(*)
 libgcc.a(*)

.ARM.attributes
                0x0000000000000000       0x30
 *(.ARM.attributes)
 .ARM.attributes
                0x0000000000000000       0x22 /opt/st/stm32cubeide_1.5.1/plugins/com.st.stm32cube.ide.mcu.externaltools.gnu-tools-for-stm32.7-2018-q2-update.linux64_1.5.0.202011040924/tools/bin/../lib/gcc/arm-none-eabi/7.3.1/thumb/v7e-m/fpv4-sp/hard/crti.o
 .ARM.attributes
                0x0000000000000022       0x34 /opt/st/stm32cubeide_1.5.1/plugins/com.st.stm32cube.ide.mcu.externaltools.gnu-tools-for-stm32.7-2018-q2-update.linux64_1.5.0.202011040924/tools/bin/../lib/gcc/arm-none-eabi/7.3.1/thumb/v7e-m/fpv4-sp/hard/crtbegin.o
 .ARM.attributes
                0x0000000000000056       0x39 Core/Src/main.o
 .ARM.attributes
                0x000000000000008f       0x39 Core/Src/stm32f4xx_hal_msp.o
 .ARM.attributes
                0x00000000000000c8       0x39 Core/Src/stm32f4xx_hal_timebase_tim.o
 .ARM.attributes
                0x0000000000000101       0x39 Core/Src/stm32f4xx_it.o
 .ARM.attributes
                0x000000000000013a       0x39 Core/Src/system_stm32f4xx.o
 .ARM.attributes
                0x0000000000000173       0x21 Core/Startup/startup_stm32f446retx.o
 .ARM.attributes
                0x0000000000000194       0x39 Drivers/STM32F4xx_HAL_Driver/Src/stm32f4xx_hal.o
 .ARM.attributes
                0x00000000000001cd       0x39 Drivers/STM32F4xx_HAL_Driver/Src/stm32f4xx_hal_cortex.o
 .ARM.attributes
                0x0000000000000206       0x39 Drivers/STM32F4xx_HAL_Driver/Src/stm32f4xx_hal_dma.o
 .ARM.attributes
                0x000000000000023f       0x39 Drivers/STM32F4xx_HAL_Driver/Src/stm32f4xx_hal_gpio.o
 .ARM.attributes
                0x0000000000000278       0x39 Drivers/STM32F4xx_HAL_Driver/Src/stm32f4xx_hal_rcc.o
 .ARM.attributes
                0x00000000000002b1       0x39 Drivers/STM32F4xx_HAL_Driver/Src/stm32f4xx_hal_rcc_ex.o
 .ARM.attributes
                0x00000000000002ea       0x39 Drivers/STM32F4xx_HAL_Driver/Src/stm32f4xx_hal_tim.o
 .ARM.attributes
                0x0000000000000323       0x39 Drivers/STM32F4xx_HAL_Driver/Src/stm32f4xx_hal_tim_ex.o
 .ARM.attributes
                0x000000000000035c       0x39 Drivers/STM32F4xx_HAL_Driver/Src/stm32f4xx_hal_uart.o
 .ARM.attributes
                0x0000000000000395       0x39 Third-Party/FreeRTOS/org/Source/list.o
 .ARM.attributes
                0x00000000000003ce       0x39 Third-Party/FreeRTOS/org/Source/queue.o
 .ARM.attributes
                0x0000000000000407       0x39 Third-Party/FreeRTOS/org/Source/tasks.o
 .ARM.attributes
                0x0000000000000440       0x39 Third-Party/FreeRTOS/org/Source/timers.o
 .ARM.attributes
                0x0000000000000479       0x39 Third-Party/FreeRTOS/org/Source/portable/GCC/ARM_CM4F/port.o
 .ARM.attributes
                0x00000000000004b2       0x39 Third-Party/FreeRTOS/org/Source/portable/MemMang/heap_4.o
 .ARM.attributes
                0x00000000000004eb       0x34 /opt/st/stm32cubeide_1.5.1/plugins/com.st.stm32cube.ide.mcu.externaltools.gnu-tools-for-stm32.7-2018-q2-update.linux64_1.5.0.202011040924/tools/bin/../lib/gcc/arm-none-eabi/7.3.1/../../../../arm-none-eabi/lib/thumb/v7e-m/fpv4-sp/hard/libc_nano.a(lib_a-init.o)
 .ARM.attributes
                0x000000000000051f       0x34 /opt/st/stm32cubeide_1.5.1/plugins/com.st.stm32cube.ide.mcu.externaltools.gnu-tools-for-stm32.7-2018-q2-update.linux64_1.5.0.202011040924/tools/bin/../lib/gcc/arm-none-eabi/7.3.1/../../../../arm-none-eabi/lib/thumb/v7e-m/fpv4-sp/hard/libc_nano.a(lib_a-memcpy-stub.o)
 .ARM.attributes
                0x0000000000000553       0x34 /opt/st/stm32cubeide_1.5.1/plugins/com.st.stm32cube.ide.mcu.externaltools.gnu-tools-for-stm32.7-2018-q2-update.linux64_1.5.0.202011040924/tools/bin/../lib/gcc/arm-none-eabi/7.3.1/../../../../arm-none-eabi/lib/thumb/v7e-m/fpv4-sp/hard/libc_nano.a(lib_a-memset.o)
 .ARM.attributes
                0x0000000000000587       0x22 /opt/st/stm32cubeide_1.5.1/plugins/com.st.stm32cube.ide.mcu.externaltools.gnu-tools-for-stm32.7-2018-q2-update.linux64_1.5.0.202011040924/tools/bin/../lib/gcc/arm-none-eabi/7.3.1/thumb/v7e-m/fpv4-sp/hard/libgcc.a(_aeabi_uldivmod.o)
 .ARM.attributes
                0x00000000000005a9       0x34 /opt/st/stm32cubeide_1.5.1/plugins/com.st.stm32cube.ide.mcu.externaltools.gnu-tools-for-stm32.7-2018-q2-update.linux64_1.5.0.202011040924/tools/bin/../lib/gcc/arm-none-eabi/7.3.1/thumb/v7e-m/fpv4-sp/hard/libgcc.a(_udivmoddi4.o)
 .ARM.attributes
                0x00000000000005dd       0x22 /opt/st/stm32cubeide_1.5.1/plugins/com.st.stm32cube.ide.mcu.externaltools.gnu-tools-for-stm32.7-2018-q2-update.linux64_1.5.0.202011040924/tools/bin/../lib/gcc/arm-none-eabi/7.3.1/thumb/v7e-m/fpv4-sp/hard/libgcc.a(_dvmd_tls.o)
 .ARM.attributes
                0x00000000000005ff       0x22 /opt/st/stm32cubeide_1.5.1/plugins/com.st.stm32cube.ide.mcu.externaltools.gnu-tools-for-stm32.7-2018-q2-update.linux64_1.5.0.202011040924/tools/bin/../lib/gcc/arm-none-eabi/7.3.1/thumb/v7e-m/fpv4-sp/hard/crtn.o
OUTPUT(LED_Button_ISR.elf elf32-littlearm)

.debug_info     0x0000000000000000    0x13373
 .debug_info    0x0000000000000000     0x1280 Core/Src/main.o
 .debug_info    0x0000000000001280      0x975 Core/Src/stm32f4xx_hal_msp.o
 .debug_info    0x0000000000001bf5      0xb7f Core/Src/stm32f4xx_hal_timebase_tim.o
 .debug_info    0x0000000000002774      0x6df Core/Src/stm32f4xx_it.o
 .debug_info    0x0000000000002e53      0x588 Core/Src/system_stm32f4xx.o
 .debug_info    0x00000000000033db       0x22 Core/Startup/startup_stm32f446retx.o
 .debug_info    0x00000000000033fd      0x997 Drivers/STM32F4xx_HAL_Driver/Src/stm32f4xx_hal.o
 .debug_info    0x0000000000003d94      0xe46 Drivers/STM32F4xx_HAL_Driver/Src/stm32f4xx_hal_cortex.o
 .debug_info    0x0000000000004bda      0x968 Drivers/STM32F4xx_HAL_Driver/Src/stm32f4xx_hal_dma.o
 .debug_info    0x0000000000005542      0x803 Drivers/STM32F4xx_HAL_Driver/Src/stm32f4xx_hal_gpio.o
 .debug_info    0x0000000000005d45      0x944 Drivers/STM32F4xx_HAL_Driver/Src/stm32f4xx_hal_rcc.o
 .debug_info    0x0000000000006689      0x9d5 Drivers/STM32F4xx_HAL_Driver/Src/stm32f4xx_hal_rcc_ex.o
 .debug_info    0x000000000000705e     0x24a9 Drivers/STM32F4xx_HAL_Driver/Src/stm32f4xx_hal_tim.o
 .debug_info    0x0000000000009507     0x1157 Drivers/STM32F4xx_HAL_Driver/Src/stm32f4xx_hal_tim_ex.o
 .debug_info    0x000000000000a65e     0x124c Drivers/STM32F4xx_HAL_Driver/Src/stm32f4xx_hal_uart.o
 .debug_info    0x000000000000b8aa      0xacb Third-Party/FreeRTOS/org/Source/list.o
 .debug_info    0x000000000000c375     0x1fcb Third-Party/FreeRTOS/org/Source/queue.o
 .debug_info    0x000000000000e340     0x294a Third-Party/FreeRTOS/org/Source/tasks.o
 .debug_info    0x0000000000010c8a     0x14c9 Third-Party/FreeRTOS/org/Source/timers.o
 .debug_info    0x0000000000012153      0x533 Third-Party/FreeRTOS/org/Source/portable/GCC/ARM_CM4F/port.o
 .debug_info    0x0000000000012686      0xced Third-Party/FreeRTOS/org/Source/portable/MemMang/heap_4.o

.debug_abbrev   0x0000000000000000     0x2b4b
 .debug_abbrev  0x0000000000000000      0x2c1 Core/Src/main.o
 .debug_abbrev  0x00000000000002c1      0x18c Core/Src/stm32f4xx_hal_msp.o
 .debug_abbrev  0x000000000000044d      0x19d Core/Src/stm32f4xx_hal_timebase_tim.o
 .debug_abbrev  0x00000000000005ea      0x15a Core/Src/stm32f4xx_it.o
 .debug_abbrev  0x0000000000000744      0x12b Core/Src/system_stm32f4xx.o
 .debug_abbrev  0x000000000000086f       0x12 Core/Startup/startup_stm32f446retx.o
 .debug_abbrev  0x0000000000000881      0x1c7 Drivers/STM32F4xx_HAL_Driver/Src/stm32f4xx_hal.o
 .debug_abbrev  0x0000000000000a48      0x2fa Drivers/STM32F4xx_HAL_Driver/Src/stm32f4xx_hal_cortex.o
 .debug_abbrev  0x0000000000000d42      0x229 Drivers/STM32F4xx_HAL_Driver/Src/stm32f4xx_hal_dma.o
 .debug_abbrev  0x0000000000000f6b      0x1c9 Drivers/STM32F4xx_HAL_Driver/Src/stm32f4xx_hal_gpio.o
 .debug_abbrev  0x0000000000001134      0x245 Drivers/STM32F4xx_HAL_Driver/Src/stm32f4xx_hal_rcc.o
 .debug_abbrev  0x0000000000001379      0x1bc Drivers/STM32F4xx_HAL_Driver/Src/stm32f4xx_hal_rcc_ex.o
 .debug_abbrev  0x0000000000001535      0x230 Drivers/STM32F4xx_HAL_Driver/Src/stm32f4xx_hal_tim.o
 .debug_abbrev  0x0000000000001765      0x21e Drivers/STM32F4xx_HAL_Driver/Src/stm32f4xx_hal_tim_ex.o
 .debug_abbrev  0x0000000000001983      0x242 Drivers/STM32F4xx_HAL_Driver/Src/stm32f4xx_hal_uart.o
 .debug_abbrev  0x0000000000001bc5      0x1cf Third-Party/FreeRTOS/org/Source/list.o
 .debug_abbrev  0x0000000000001d94      0x2f1 Third-Party/FreeRTOS/org/Source/queue.o
 .debug_abbrev  0x0000000000002085      0x350 Third-Party/FreeRTOS/org/Source/tasks.o
 .debug_abbrev  0x00000000000023d5      0x2c8 Third-Party/FreeRTOS/org/Source/timers.o
 .debug_abbrev  0x000000000000269d      0x210 Third-Party/FreeRTOS/org/Source/portable/GCC/ARM_CM4F/port.o
 .debug_abbrev  0x00000000000028ad      0x29e Third-Party/FreeRTOS/org/Source/portable/MemMang/heap_4.o

.debug_aranges  0x0000000000000000     0x1148
 .debug_aranges
                0x0000000000000000       0x70 Core/Src/main.o
 .debug_aranges
                0x0000000000000070       0x30 Core/Src/stm32f4xx_hal_msp.o
 .debug_aranges
                0x00000000000000a0       0x30 Core/Src/stm32f4xx_hal_timebase_tim.o
 .debug_aranges
                0x00000000000000d0       0x58 Core/Src/stm32f4xx_it.o
 .debug_aranges
                0x0000000000000128       0x28 Core/Src/system_stm32f4xx.o
 .debug_aranges
                0x0000000000000150       0x28 Core/Startup/startup_stm32f446retx.o
 .debug_aranges
                0x0000000000000178       0xf0 Drivers/STM32F4xx_HAL_Driver/Src/stm32f4xx_hal.o
 .debug_aranges
                0x0000000000000268      0x118 Drivers/STM32F4xx_HAL_Driver/Src/stm32f4xx_hal_cortex.o
 .debug_aranges
                0x0000000000000380       0x90 Drivers/STM32F4xx_HAL_Driver/Src/stm32f4xx_hal_dma.o
 .debug_aranges
                0x0000000000000410       0x58 Drivers/STM32F4xx_HAL_Driver/Src/stm32f4xx_hal_gpio.o
 .debug_aranges
                0x0000000000000468       0x88 Drivers/STM32F4xx_HAL_Driver/Src/stm32f4xx_hal_rcc.o
 .debug_aranges
                0x00000000000004f0       0x78 Drivers/STM32F4xx_HAL_Driver/Src/stm32f4xx_hal_rcc_ex.o
 .debug_aranges
                0x0000000000000568      0x3a8 Drivers/STM32F4xx_HAL_Driver/Src/stm32f4xx_hal_tim.o
 .debug_aranges
                0x0000000000000910      0x150 Drivers/STM32F4xx_HAL_Driver/Src/stm32f4xx_hal_tim_ex.o
 .debug_aranges
                0x0000000000000a60      0x1d0 Drivers/STM32F4xx_HAL_Driver/Src/stm32f4xx_hal_uart.o
 .debug_aranges
                0x0000000000000c30       0x40 Third-Party/FreeRTOS/org/Source/list.o
 .debug_aranges
                0x0000000000000c70      0x130 Third-Party/FreeRTOS/org/Source/queue.o
 .debug_aranges
                0x0000000000000da0      0x1f8 Third-Party/FreeRTOS/org/Source/tasks.o
 .debug_aranges
                0x0000000000000f98       0xd8 Third-Party/FreeRTOS/org/Source/timers.o
 .debug_aranges
                0x0000000000001070       0x80 Third-Party/FreeRTOS/org/Source/portable/GCC/ARM_CM4F/port.o
 .debug_aranges
                0x00000000000010f0       0x58 Third-Party/FreeRTOS/org/Source/portable/MemMang/heap_4.o

.debug_ranges   0x0000000000000000     0x1000
 .debug_ranges  0x0000000000000000       0x60 Core/Src/main.o
 .debug_ranges  0x0000000000000060       0x20 Core/Src/stm32f4xx_hal_msp.o
 .debug_ranges  0x0000000000000080       0x20 Core/Src/stm32f4xx_hal_timebase_tim.o
 .debug_ranges  0x00000000000000a0       0x48 Core/Src/stm32f4xx_it.o
 .debug_ranges  0x00000000000000e8       0x18 Core/Src/system_stm32f4xx.o
 .debug_ranges  0x0000000000000100       0x20 Core/Startup/startup_stm32f446retx.o
 .debug_ranges  0x0000000000000120       0xe0 Drivers/STM32F4xx_HAL_Driver/Src/stm32f4xx_hal.o
 .debug_ranges  0x0000000000000200      0x108 Drivers/STM32F4xx_HAL_Driver/Src/stm32f4xx_hal_cortex.o
 .debug_ranges  0x0000000000000308       0x80 Drivers/STM32F4xx_HAL_Driver/Src/stm32f4xx_hal_dma.o
 .debug_ranges  0x0000000000000388       0x48 Drivers/STM32F4xx_HAL_Driver/Src/stm32f4xx_hal_gpio.o
 .debug_ranges  0x00000000000003d0       0x78 Drivers/STM32F4xx_HAL_Driver/Src/stm32f4xx_hal_rcc.o
 .debug_ranges  0x0000000000000448       0x68 Drivers/STM32F4xx_HAL_Driver/Src/stm32f4xx_hal_rcc_ex.o
 .debug_ranges  0x00000000000004b0      0x398 Drivers/STM32F4xx_HAL_Driver/Src/stm32f4xx_hal_tim.o
 .debug_ranges  0x0000000000000848      0x140 Drivers/STM32F4xx_HAL_Driver/Src/stm32f4xx_hal_tim_ex.o
 .debug_ranges  0x0000000000000988      0x1c0 Drivers/STM32F4xx_HAL_Driver/Src/stm32f4xx_hal_uart.o
 .debug_ranges  0x0000000000000b48       0x30 Third-Party/FreeRTOS/org/Source/list.o
 .debug_ranges  0x0000000000000b78      0x120 Third-Party/FreeRTOS/org/Source/queue.o
 .debug_ranges  0x0000000000000c98      0x1e8 Third-Party/FreeRTOS/org/Source/tasks.o
 .debug_ranges  0x0000000000000e80       0xc8 Third-Party/FreeRTOS/org/Source/timers.o
 .debug_ranges  0x0000000000000f48       0x70 Third-Party/FreeRTOS/org/Source/portable/GCC/ARM_CM4F/port.o
 .debug_ranges  0x0000000000000fb8       0x48 Third-Party/FreeRTOS/org/Source/portable/MemMang/heap_4.o

.debug_macro    0x0000000000000000    0x22850
 .debug_macro   0x0000000000000000      0x245 Core/Src/main.o
 .debug_macro   0x0000000000000245      0xa5a Core/Src/main.o
 .debug_macro   0x0000000000000c9f      0x294 Core/Src/main.o
 .debug_macro   0x0000000000000f33       0x2e Core/Src/main.o
 .debug_macro   0x0000000000000f61       0x28 Core/Src/main.o
 .debug_macro   0x0000000000000f89       0x22 Core/Src/main.o
 .debug_macro   0x0000000000000fab       0x8e Core/Src/main.o
 .debug_macro   0x0000000000001039       0x51 Core/Src/main.o
 .debug_macro   0x000000000000108a       0xef Core/Src/main.o
 .debug_macro   0x0000000000001179       0x6a Core/Src/main.o
 .debug_macro   0x00000000000011e3      0x1df Core/Src/main.o
 .debug_macro   0x00000000000013c2       0x1c Core/Src/main.o
 .debug_macro   0x00000000000013de       0x22 Core/Src/main.o
 .debug_macro   0x0000000000001400       0xdf Core/Src/main.o
 .debug_macro   0x00000000000014df     0x102d Core/Src/main.o
 .debug_macro   0x000000000000250c      0x11f Core/Src/main.o
 .debug_macro   0x000000000000262b    0x1672d Core/Src/main.o
 .debug_macro   0x0000000000018d58       0x43 Core/Src/main.o
 .debug_macro   0x0000000000018d9b     0x3659 Core/Src/main.o
 .debug_macro   0x000000000001c3f4      0x174 Core/Src/main.o
 .debug_macro   0x000000000001c568       0x5a Core/Src/main.o
 .debug_macro   0x000000000001c5c2      0xc90 Core/Src/main.o
 .debug_macro   0x000000000001d252      0x9fe Core/Src/main.o
 .debug_macro   0x000000000001dc50      0x117 Core/Src/main.o
 .debug_macro   0x000000000001dd67      0x1a0 Core/Src/main.o
 .debug_macro   0x000000000001df07       0x27 Core/Src/main.o
 .debug_macro   0x000000000001df2e      0x16d Core/Src/main.o
 .debug_macro   0x000000000001e09b      0x287 Core/Src/main.o
 .debug_macro   0x000000000001e322       0x5f Core/Src/main.o
 .debug_macro   0x000000000001e381      0x236 Core/Src/main.o
 .debug_macro   0x000000000001e5b7      0x132 Core/Src/main.o
 .debug_macro   0x000000000001e6e9      0x29c Core/Src/main.o
 .debug_macro   0x000000000001e985       0x2e Core/Src/main.o
 .debug_macro   0x000000000001e9b3      0x11a Core/Src/main.o
 .debug_macro   0x000000000001eacd       0xe8 Core/Src/main.o
 .debug_macro   0x000000000001ebb5       0x89 Core/Src/main.o
 .debug_macro   0x000000000001ec3e      0x8a0 Core/Src/main.o
 .debug_macro   0x000000000001f4de       0x4d Core/Src/main.o
 .debug_macro   0x000000000001f52b      0x287 Core/Src/main.o
 .debug_macro   0x000000000001f7b2      0x126 Core/Src/main.o
 .debug_macro   0x000000000001f8d8       0x5e Core/Src/main.o
 .debug_macro   0x000000000001f936      0x106 Core/Src/main.o
 .debug_macro   0x000000000001fa3c      0x15a Core/Src/main.o
 .debug_macro   0x000000000001fb96       0xea Core/Src/main.o
 .debug_macro   0x000000000001fc80       0x1c Core/Src/main.o
 .debug_macro   0x000000000001fc9c       0x26 Core/Src/main.o
 .debug_macro   0x000000000001fcc2      0x4f6 Core/Src/main.o
 .debug_macro   0x00000000000201b8       0xb5 Core/Src/main.o
 .debug_macro   0x000000000002026d      0x119 Core/Src/main.o
 .debug_macro   0x0000000000020386      0x1dd Core/Src/stm32f4xx_hal_msp.o
 .debug_macro   0x0000000000020563      0x1ce Core/Src/stm32f4xx_hal_timebase_tim.o
 .debug_macro   0x0000000000020731      0x1e7 Core/Src/stm32f4xx_it.o
 .debug_macro   0x0000000000020918      0x1d4 Core/Src/system_stm32f4xx.o
 .debug_macro   0x0000000000020aec      0x22e Drivers/STM32F4xx_HAL_Driver/Src/stm32f4xx_hal.o
 .debug_macro   0x0000000000020d1a      0x1ce Drivers/STM32F4xx_HAL_Driver/Src/stm32f4xx_hal_cortex.o
 .debug_macro   0x0000000000020ee8      0x1d4 Drivers/STM32F4xx_HAL_Driver/Src/stm32f4xx_hal_dma.o
 .debug_macro   0x00000000000210bc      0x204 Drivers/STM32F4xx_HAL_Driver/Src/stm32f4xx_hal_gpio.o
 .debug_macro   0x00000000000212c0      0x1f2 Drivers/STM32F4xx_HAL_Driver/Src/stm32f4xx_hal_rcc.o
 .debug_macro   0x00000000000214b2      0x1ce Drivers/STM32F4xx_HAL_Driver/Src/stm32f4xx_hal_rcc_ex.o
 .debug_macro   0x0000000000021680      0x1cf Drivers/STM32F4xx_HAL_Driver/Src/stm32f4xx_hal_tim.o
 .debug_macro   0x000000000002184f      0x1ce Drivers/STM32F4xx_HAL_Driver/Src/stm32f4xx_hal_tim_ex.o
 .debug_macro   0x0000000000021a1d      0x1cf Drivers/STM32F4xx_HAL_Driver/Src/stm32f4xx_hal_uart.o
 .debug_macro   0x0000000000021bec      0x186 Third-Party/FreeRTOS/org/Source/list.o
 .debug_macro   0x0000000000021d72      0x20f Third-Party/FreeRTOS/org/Source/queue.o
 .debug_macro   0x0000000000021f81       0x16 Third-Party/FreeRTOS/org/Source/queue.o
 .debug_macro   0x0000000000021f97       0x20 Third-Party/FreeRTOS/org/Source/queue.o
 .debug_macro   0x0000000000021fb7       0x80 Third-Party/FreeRTOS/org/Source/queue.o
 .debug_macro   0x0000000000022037      0x26c Third-Party/FreeRTOS/org/Source/tasks.o
 .debug_macro   0x00000000000222a3       0x10 Third-Party/FreeRTOS/org/Source/tasks.o
 .debug_macro   0x00000000000222b3      0x1cf Third-Party/FreeRTOS/org/Source/timers.o
 .debug_macro   0x0000000000022482       0x97 Third-Party/FreeRTOS/org/Source/timers.o
 .debug_macro   0x0000000000022519      0x196 Third-Party/FreeRTOS/org/Source/portable/GCC/ARM_CM4F/port.o
 .debug_macro   0x00000000000226af      0x1a1 Third-Party/FreeRTOS/org/Source/portable/MemMang/heap_4.o

.debug_line     0x0000000000000000     0xd8a4
 .debug_line    0x0000000000000000      0x9b3 Core/Src/main.o
 .debug_line    0x00000000000009b3      0x6cc Core/Src/stm32f4xx_hal_msp.o
 .debug_line    0x000000000000107f      0x6d1 Core/Src/stm32f4xx_hal_timebase_tim.o
 .debug_line    0x0000000000001750      0x735 Core/Src/stm32f4xx_it.o
 .debug_line    0x0000000000001e85      0x6b8 Core/Src/system_stm32f4xx.o
 .debug_line    0x000000000000253d       0x85 Core/Startup/startup_stm32f446retx.o
 .debug_line    0x00000000000025c2      0x8a2 Drivers/STM32F4xx_HAL_Driver/Src/stm32f4xx_hal.o
 .debug_line    0x0000000000002e64      0x9c6 Drivers/STM32F4xx_HAL_Driver/Src/stm32f4xx_hal_cortex.o
 .debug_line    0x000000000000382a      0x970 Drivers/STM32F4xx_HAL_Driver/Src/stm32f4xx_hal_dma.o
 .debug_line    0x000000000000419a      0x86d Drivers/STM32F4xx_HAL_Driver/Src/stm32f4xx_hal_gpio.o
 .debug_line    0x0000000000004a07      0x8fa Drivers/STM32F4xx_HAL_Driver/Src/stm32f4xx_hal_rcc.o
 .debug_line    0x0000000000005301      0xa8b Drivers/STM32F4xx_HAL_Driver/Src/stm32f4xx_hal_rcc_ex.o
 .debug_line    0x0000000000005d8c     0x191b Drivers/STM32F4xx_HAL_Driver/Src/stm32f4xx_hal_tim.o
 .debug_line    0x00000000000076a7      0xcb8 Drivers/STM32F4xx_HAL_Driver/Src/stm32f4xx_hal_tim_ex.o
 .debug_line    0x000000000000835f      0xfb0 Drivers/STM32F4xx_HAL_Driver/Src/stm32f4xx_hal_uart.o
 .debug_line    0x000000000000930f      0x6ea Third-Party/FreeRTOS/org/Source/list.o
 .debug_line    0x00000000000099f9     0x10a1 Third-Party/FreeRTOS/org/Source/queue.o
 .debug_line    0x000000000000aa9a     0x1421 Third-Party/FreeRTOS/org/Source/tasks.o
 .debug_line    0x000000000000bebb      0xa87 Third-Party/FreeRTOS/org/Source/timers.o
 .debug_line    0x000000000000c942      0x76a Third-Party/FreeRTOS/org/Source/portable/GCC/ARM_CM4F/port.o
 .debug_line    0x000000000000d0ac      0x7f8 Third-Party/FreeRTOS/org/Source/portable/MemMang/heap_4.o

.debug_str      0x0000000000000000    0xd6f69
 .debug_str     0x0000000000000000    0xcd47b Core/Src/main.o
                                      0xcd832 (size before relaxing)
 .debug_str     0x00000000000cd47b       0x56 Core/Src/stm32f4xx_hal_msp.o
                                      0xc8362 (size before relaxing)
 .debug_str     0x00000000000cd4d1       0xaa Core/Src/stm32f4xx_hal_timebase_tim.o
                                      0xc87bc (size before relaxing)
 .debug_str     0x00000000000cd57b       0xbb Core/Src/stm32f4xx_it.o
                                      0xc8260 (size before relaxing)
 .debug_str     0x00000000000cd636       0xc4 Core/Src/system_stm32f4xx.o
                                      0xc7e05 (size before relaxing)
 .debug_str     0x00000000000cd6fa       0x36 Core/Startup/startup_stm32f446retx.o
                                         0x78 (size before relaxing)
 .debug_str     0x00000000000cd730      0x542 Drivers/STM32F4xx_HAL_Driver/Src/stm32f4xx_hal.o
                                      0xc8913 (size before relaxing)
 .debug_str     0x00000000000cdc72      0x392 Drivers/STM32F4xx_HAL_Driver/Src/stm32f4xx_hal_cortex.o
                                      0xc86dd (size before relaxing)
 .debug_str     0x00000000000ce004      0x31d Drivers/STM32F4xx_HAL_Driver/Src/stm32f4xx_hal_dma.o
                                      0xc81f5 (size before relaxing)
 .debug_str     0x00000000000ce321      0x20c Drivers/STM32F4xx_HAL_Driver/Src/stm32f4xx_hal_gpio.o
                                      0xc8044 (size before relaxing)
 .debug_str     0x00000000000ce52d      0x24f Drivers/STM32F4xx_HAL_Driver/Src/stm32f4xx_hal_rcc.o
                                      0xc81f7 (size before relaxing)
 .debug_str     0x00000000000ce77c      0x324 Drivers/STM32F4xx_HAL_Driver/Src/stm32f4xx_hal_rcc_ex.o
                                      0xc8249 (size before relaxing)
 .debug_str     0x00000000000ceaa0      0xd6f Drivers/STM32F4xx_HAL_Driver/Src/stm32f4xx_hal_tim.o
                                      0xc8eec (size before relaxing)
 .debug_str     0x00000000000cf80f      0x4ec Drivers/STM32F4xx_HAL_Driver/Src/stm32f4xx_hal_tim_ex.o
                                      0xc86ec (size before relaxing)
 .debug_str     0x00000000000cfcfb      0x516 Drivers/STM32F4xx_HAL_Driver/Src/stm32f4xx_hal_uart.o
                                      0xc862c (size before relaxing)
 .debug_str     0x00000000000d0211     0x3134 Third-Party/FreeRTOS/org/Source/list.o
                                       0xa9b7 (size before relaxing)
 .debug_str     0x00000000000d3345     0x1050 Third-Party/FreeRTOS/org/Source/queue.o
                                       0xcc04 (size before relaxing)
 .debug_str     0x00000000000d4395     0x1b85 Third-Party/FreeRTOS/org/Source/tasks.o
                                       0xd909 (size before relaxing)
 .debug_str     0x00000000000d5f1a      0x529 Third-Party/FreeRTOS/org/Source/timers.o
                                       0xcfe8 (size before relaxing)
 .debug_str     0x00000000000d6443      0x7f3 Third-Party/FreeRTOS/org/Source/portable/GCC/ARM_CM4F/port.o
                                       0x9288 (size before relaxing)
 .debug_str     0x00000000000d6c36      0x333 Third-Party/FreeRTOS/org/Source/portable/MemMang/heap_4.o
                                       0xbdba (size before relaxing)

.comment        0x0000000000000000       0x7b
 .comment       0x0000000000000000       0x7b Core/Src/main.o
                                         0x7c (size before relaxing)
 .comment       0x000000000000007b       0x7c Core/Src/stm32f4xx_hal_msp.o
 .comment       0x000000000000007b       0x7c Core/Src/stm32f4xx_hal_timebase_tim.o
 .comment       0x000000000000007b       0x7c Core/Src/stm32f4xx_it.o
 .comment       0x000000000000007b       0x7c Core/Src/system_stm32f4xx.o
 .comment       0x000000000000007b       0x7c Drivers/STM32F4xx_HAL_Driver/Src/stm32f4xx_hal.o
 .comment       0x000000000000007b       0x7c Drivers/STM32F4xx_HAL_Driver/Src/stm32f4xx_hal_cortex.o
 .comment       0x000000000000007b       0x7c Drivers/STM32F4xx_HAL_Driver/Src/stm32f4xx_hal_dma.o
 .comment       0x000000000000007b       0x7c Drivers/STM32F4xx_HAL_Driver/Src/stm32f4xx_hal_gpio.o
 .comment       0x000000000000007b       0x7c Drivers/STM32F4xx_HAL_Driver/Src/stm32f4xx_hal_rcc.o
 .comment       0x000000000000007b       0x7c Drivers/STM32F4xx_HAL_Driver/Src/stm32f4xx_hal_rcc_ex.o
 .comment       0x000000000000007b       0x7c Drivers/STM32F4xx_HAL_Driver/Src/stm32f4xx_hal_tim.o
 .comment       0x000000000000007b       0x7c Drivers/STM32F4xx_HAL_Driver/Src/stm32f4xx_hal_tim_ex.o
 .comment       0x000000000000007b       0x7c Drivers/STM32F4xx_HAL_Driver/Src/stm32f4xx_hal_uart.o
 .comment       0x000000000000007b       0x7c Third-Party/FreeRTOS/org/Source/list.o
 .comment       0x000000000000007b       0x7c Third-Party/FreeRTOS/org/Source/queue.o
 .comment       0x000000000000007b       0x7c Third-Party/FreeRTOS/org/Source/tasks.o
 .comment       0x000000000000007b       0x7c Third-Party/FreeRTOS/org/Source/timers.o
 .comment       0x000000000000007b       0x7c Third-Party/FreeRTOS/org/Source/portable/GCC/ARM_CM4F/port.o
 .comment       0x000000000000007b       0x7c Third-Party/FreeRTOS/org/Source/portable/MemMang/heap_4.o

.debug_frame    0x0000000000000000     0x47e4
 .debug_frame   0x0000000000000000      0x178 Core/Src/main.o
 .debug_frame   0x0000000000000178       0x80 Core/Src/stm32f4xx_hal_msp.o
 .debug_frame   0x00000000000001f8       0x74 Core/Src/stm32f4xx_hal_timebase_tim.o
 .debug_frame   0x000000000000026c       0xe0 Core/Src/stm32f4xx_it.o
 .debug_frame   0x000000000000034c       0x58 Core/Src/system_stm32f4xx.o
 .debug_frame   0x00000000000003a4      0x374 Drivers/STM32F4xx_HAL_Driver/Src/stm32f4xx_hal.o
 .debug_frame   0x0000000000000718      0x498 Drivers/STM32F4xx_HAL_Driver/Src/stm32f4xx_hal_cortex.o
 .debug_frame   0x0000000000000bb0      0x250 Drivers/STM32F4xx_HAL_Driver/Src/stm32f4xx_hal_dma.o
 .debug_frame   0x0000000000000e00      0x14c Drivers/STM32F4xx_HAL_Driver/Src/stm32f4xx_hal_gpio.o
 .debug_frame   0x0000000000000f4c      0x1f0 Drivers/STM32F4xx_HAL_Driver/Src/stm32f4xx_hal_rcc.o
 .debug_frame   0x000000000000113c      0x1e0 Drivers/STM32F4xx_HAL_Driver/Src/stm32f4xx_hal_rcc_ex.o
 .debug_frame   0x000000000000131c     0x10f0 Drivers/STM32F4xx_HAL_Driver/Src/stm32f4xx_hal_tim.o
 .debug_frame   0x000000000000240c      0x5c0 Drivers/STM32F4xx_HAL_Driver/Src/stm32f4xx_hal_tim_ex.o
 .debug_frame   0x00000000000029cc      0x844 Drivers/STM32F4xx_HAL_Driver/Src/stm32f4xx_hal_uart.o
 .debug_frame   0x0000000000003210       0xd8 Third-Party/FreeRTOS/org/Source/list.o
 .debug_frame   0x00000000000032e8      0x534 Third-Party/FreeRTOS/org/Source/queue.o
 .debug_frame   0x000000000000381c      0x894 Third-Party/FreeRTOS/org/Source/tasks.o
 .debug_frame   0x00000000000040b0      0x38c Third-Party/FreeRTOS/org/Source/timers.o
 .debug_frame   0x000000000000443c      0x1a8 Third-Party/FreeRTOS/org/Source/portable/GCC/ARM_CM4F/port.o
 .debug_frame   0x00000000000045e4      0x12c Third-Party/FreeRTOS/org/Source/portable/MemMang/heap_4.o
 .debug_frame   0x0000000000004710       0x2c /opt/st/stm32cubeide_1.5.1/plugins/com.st.stm32cube.ide.mcu.externaltools.gnu-tools-for-stm32.7-2018-q2-update.linux64_1.5.0.202011040924/tools/bin/../lib/gcc/arm-none-eabi/7.3.1/../../../../arm-none-eabi/lib/thumb/v7e-m/fpv4-sp/hard/libc_nano.a(lib_a-init.o)
 .debug_frame   0x000000000000473c       0x28 /opt/st/stm32cubeide_1.5.1/plugins/com.st.stm32cube.ide.mcu.externaltools.gnu-tools-for-stm32.7-2018-q2-update.linux64_1.5.0.202011040924/tools/bin/../lib/gcc/arm-none-eabi/7.3.1/../../../../arm-none-eabi/lib/thumb/v7e-m/fpv4-sp/hard/libc_nano.a(lib_a-memcpy-stub.o)
 .debug_frame   0x0000000000004764       0x20 /opt/st/stm32cubeide_1.5.1/plugins/com.st.stm32cube.ide.mcu.externaltools.gnu-tools-for-stm32.7-2018-q2-update.linux64_1.5.0.202011040924/tools/bin/../lib/gcc/arm-none-eabi/7.3.1/../../../../arm-none-eabi/lib/thumb/v7e-m/fpv4-sp/hard/libc_nano.a(lib_a-memset.o)
 .debug_frame   0x0000000000004784       0x2c /opt/st/stm32cubeide_1.5.1/plugins/com.st.stm32cube.ide.mcu.externaltools.gnu-tools-for-stm32.7-2018-q2-update.linux64_1.5.0.202011040924/tools/bin/../lib/gcc/arm-none-eabi/7.3.1/thumb/v7e-m/fpv4-sp/hard/libgcc.a(_aeabi_uldivmod.o)
 .debug_frame   0x00000000000047b0       0x34 /opt/st/stm32cubeide_1.5.1/plugins/com.st.stm32cube.ide.mcu.externaltools.gnu-tools-for-stm32.7-2018-q2-update.linux64_1.5.0.202011040924/tools/bin/../lib/gcc/arm-none-eabi/7.3.1/thumb/v7e-m/fpv4-sp/hard/libgcc.a(_udivmoddi4.o)
