Archive member included to satisfy reference by file (symbol)

/opt/st/stm32cubeide_1.5.1/plugins/com.st.stm32cube.ide.mcu.externaltools.gnu-tools-for-stm32.7-2018-q2-update.linux64_1.5.0.202011040924/tools/bin/../lib/gcc/arm-none-eabi/7.3.1/../../../../arm-none-eabi/lib/thumb/v7e-m/fpv4-sp/hard/libc_nano.a(lib_a-errno.o)
                              Core/Src/syscalls.o (__errno)
/opt/st/stm32cubeide_1.5.1/plugins/com.st.stm32cube.ide.mcu.externaltools.gnu-tools-for-stm32.7-2018-q2-update.linux64_1.5.0.202011040924/tools/bin/../lib/gcc/arm-none-eabi/7.3.1/../../../../arm-none-eabi/lib/thumb/v7e-m/fpv4-sp/hard/libc_nano.a(lib_a-exit.o)
                              /opt/st/stm32cubeide_1.5.1/plugins/com.st.stm32cube.ide.mcu.externaltools.gnu-tools-for-stm32.7-2018-q2-update.linux64_1.5.0.202011040924/tools/bin/../lib/gcc/arm-none-eabi/7.3.1/../../../../arm-none-eabi/lib/thumb/v7e-m/fpv4-sp/hard/crt0.o (exit)
/opt/st/stm32cubeide_1.5.1/plugins/com.st.stm32cube.ide.mcu.externaltools.gnu-tools-for-stm32.7-2018-q2-update.linux64_1.5.0.202011040924/tools/bin/../lib/gcc/arm-none-eabi/7.3.1/../../../../arm-none-eabi/lib/thumb/v7e-m/fpv4-sp/hard/libc_nano.a(lib_a-impure.o)
                              /opt/st/stm32cubeide_1.5.1/plugins/com.st.stm32cube.ide.mcu.externaltools.gnu-tools-for-stm32.7-2018-q2-update.linux64_1.5.0.202011040924/tools/bin/../lib/gcc/arm-none-eabi/7.3.1/../../../../arm-none-eabi/lib/thumb/v7e-m/fpv4-sp/hard/libc_nano.a(lib_a-exit.o) (_global_impure_ptr)
/opt/st/stm32cubeide_1.5.1/plugins/com.st.stm32cube.ide.mcu.externaltools.gnu-tools-for-stm32.7-2018-q2-update.linux64_1.5.0.202011040924/tools/bin/../lib/gcc/arm-none-eabi/7.3.1/../../../../arm-none-eabi/lib/thumb/v7e-m/fpv4-sp/hard/libc_nano.a(lib_a-init.o)
                              /opt/st/stm32cubeide_1.5.1/plugins/com.st.stm32cube.ide.mcu.externaltools.gnu-tools-for-stm32.7-2018-q2-update.linux64_1.5.0.202011040924/tools/bin/../lib/gcc/arm-none-eabi/7.3.1/../../../../arm-none-eabi/lib/thumb/v7e-m/fpv4-sp/hard/crt0.o (__libc_init_array)
/opt/st/stm32cubeide_1.5.1/plugins/com.st.stm32cube.ide.mcu.externaltools.gnu-tools-for-stm32.7-2018-q2-update.linux64_1.5.0.202011040924/tools/bin/../lib/gcc/arm-none-eabi/7.3.1/../../../../arm-none-eabi/lib/thumb/v7e-m/fpv4-sp/hard/libc_nano.a(lib_a-memcpy-stub.o)
                              Third-Party/FreeRTOS/org/Source/queue.o (memcpy)
/opt/st/stm32cubeide_1.5.1/plugins/com.st.stm32cube.ide.mcu.externaltools.gnu-tools-for-stm32.7-2018-q2-update.linux64_1.5.0.202011040924/tools/bin/../lib/gcc/arm-none-eabi/7.3.1/../../../../arm-none-eabi/lib/thumb/v7e-m/fpv4-sp/hard/libc_nano.a(lib_a-memset.o)
                              /opt/st/stm32cubeide_1.5.1/plugins/com.st.stm32cube.ide.mcu.externaltools.gnu-tools-for-stm32.7-2018-q2-update.linux64_1.5.0.202011040924/tools/bin/../lib/gcc/arm-none-eabi/7.3.1/../../../../arm-none-eabi/lib/thumb/v7e-m/fpv4-sp/hard/crt0.o (memset)
/opt/st/stm32cubeide_1.5.1/plugins/com.st.stm32cube.ide.mcu.externaltools.gnu-tools-for-stm32.7-2018-q2-update.linux64_1.5.0.202011040924/tools/bin/../lib/gcc/arm-none-eabi/7.3.1/thumb/v7e-m/fpv4-sp/hard/libgcc.a(_aeabi_uldivmod.o)
                              Drivers/STM32F4xx_HAL_Driver/Src/stm32f4xx_hal_rcc.o (__aeabi_uldivmod)
/opt/st/stm32cubeide_1.5.1/plugins/com.st.stm32cube.ide.mcu.externaltools.gnu-tools-for-stm32.7-2018-q2-update.linux64_1.5.0.202011040924/tools/bin/../lib/gcc/arm-none-eabi/7.3.1/thumb/v7e-m/fpv4-sp/hard/libgcc.a(_udivmoddi4.o)
                              /opt/st/stm32cubeide_1.5.1/plugins/com.st.stm32cube.ide.mcu.externaltools.gnu-tools-for-stm32.7-2018-q2-update.linux64_1.5.0.202011040924/tools/bin/../lib/gcc/arm-none-eabi/7.3.1/thumb/v7e-m/fpv4-sp/hard/libgcc.a(_aeabi_uldivmod.o) (__udivmoddi4)
/opt/st/stm32cubeide_1.5.1/plugins/com.st.stm32cube.ide.mcu.externaltools.gnu-tools-for-stm32.7-2018-q2-update.linux64_1.5.0.202011040924/tools/bin/../lib/gcc/arm-none-eabi/7.3.1/thumb/v7e-m/fpv4-sp/hard/libgcc.a(_dvmd_tls.o)
                              /opt/st/stm32cubeide_1.5.1/plugins/com.st.stm32cube.ide.mcu.externaltools.gnu-tools-for-stm32.7-2018-q2-update.linux64_1.5.0.202011040924/tools/bin/../lib/gcc/arm-none-eabi/7.3.1/thumb/v7e-m/fpv4-sp/hard/libgcc.a(_aeabi_uldivmod.o) (__aeabi_ldiv0)

Allocating common symbols
Common symbol       size              file

uwTick              0x4               Drivers/STM32F4xx_HAL_Driver/Src/stm32f4xx_hal.o
xQueueRegistry      0x40              Third-Party/FreeRTOS/org/Source/queue.o
pFlash              0x20              Drivers/STM32F4xx_HAL_Driver/Src/stm32f4xx_hal_flash.o
htim6               0x40              Core/Src/stm32f4xx_hal_timebase_tim.o
huart2              0x40              Core/Src/main.o

Discarded input sections

[...]
Memory Configuration

Name             Origin             Length             Attributes
RAM              0x0000000020000000 0x0000000000020000 xrw
FLASH            0x0000000008000000 0x0000000000080000 xr
*default*        0x0000000000000000 0xffffffffffffffff

Linker script and memory map

LOAD /opt/st/stm32cubeide_1.5.1/plugins/com.st.stm32cube.ide.mcu.externaltools.gnu-tools-for-stm32.7-2018-q2-update.linux64_1.5.0.202011040924/tools/bin/../lib/gcc/arm-none-eabi/7.3.1/thumb/v7e-m/fpv4-sp/hard/crti.o
LOAD /opt/st/stm32cubeide_1.5.1/plugins/com.st.stm32cube.ide.mcu.externaltools.gnu-tools-for-stm32.7-2018-q2-update.linux64_1.5.0.202011040924/tools/bin/../lib/gcc/arm-none-eabi/7.3.1/thumb/v7e-m/fpv4-sp/hard/crtbegin.o
LOAD /opt/st/stm32cubeide_1.5.1/plugins/com.st.stm32cube.ide.mcu.externaltools.gnu-tools-for-stm32.7-2018-q2-update.linux64_1.5.0.202011040924/tools/bin/../lib/gcc/arm-none-eabi/7.3.1/../../../../arm-none-eabi/lib/thumb/v7e-m/fpv4-sp/hard/crt0.o
LOAD Core/Src/main.o
LOAD Core/Src/stm32f4xx_hal_msp.o
LOAD Core/Src/stm32f4xx_hal_timebase_tim.o
LOAD Core/Src/stm32f4xx_it.o
LOAD Core/Src/syscalls.o
LOAD Core/Src/sysmem.o
LOAD Core/Src/system_stm32f4xx.o
LOAD Core/Startup/startup_stm32f446retx.o
LOAD Drivers/STM32F4xx_HAL_Driver/Src/stm32f4xx_hal.o
LOAD Drivers/STM32F4xx_HAL_Driver/Src/stm32f4xx_hal_cortex.o
LOAD Drivers/STM32F4xx_HAL_Driver/Src/stm32f4xx_hal_dma.o
LOAD Drivers/STM32F4xx_HAL_Driver/Src/stm32f4xx_hal_dma_ex.o
LOAD Drivers/STM32F4xx_HAL_Driver/Src/stm32f4xx_hal_exti.o
LOAD Drivers/STM32F4xx_HAL_Driver/Src/stm32f4xx_hal_flash.o
LOAD Drivers/STM32F4xx_HAL_Driver/Src/stm32f4xx_hal_flash_ex.o
LOAD Drivers/STM32F4xx_HAL_Driver/Src/stm32f4xx_hal_flash_ramfunc.o
LOAD Drivers/STM32F4xx_HAL_Driver/Src/stm32f4xx_hal_gpio.o
LOAD Drivers/STM32F4xx_HAL_Driver/Src/stm32f4xx_hal_pwr.o
LOAD Drivers/STM32F4xx_HAL_Driver/Src/stm32f4xx_hal_pwr_ex.o
LOAD Drivers/STM32F4xx_HAL_Driver/Src/stm32f4xx_hal_rcc.o
LOAD Drivers/STM32F4xx_HAL_Driver/Src/stm32f4xx_hal_rcc_ex.o
LOAD Drivers/STM32F4xx_HAL_Driver/Src/stm32f4xx_hal_tim.o
LOAD Drivers/STM32F4xx_HAL_Driver/Src/stm32f4xx_hal_tim_ex.o
LOAD Drivers/STM32F4xx_HAL_Driver/Src/stm32f4xx_hal_uart.o
LOAD Third-Party/FreeRTOS/org/Source/croutine.o
LOAD Third-Party/FreeRTOS/org/Source/event_groups.o
LOAD Third-Party/FreeRTOS/org/Source/list.o
LOAD Third-Party/FreeRTOS/org/Source/queue.o
LOAD Third-Party/FreeRTOS/org/Source/stream_buffer.o
LOAD Third-Party/FreeRTOS/org/Source/tasks.o
LOAD Third-Party/FreeRTOS/org/Source/timers.o
LOAD Third-Party/FreeRTOS/org/Source/portable/GCC/ARM_CM4F/port.o
LOAD Third-Party/FreeRTOS/org/Source/portable/MemMang/heap_4.o
START GROUP
LOAD /opt/st/stm32cubeide_1.5.1/plugins/com.st.stm32cube.ide.mcu.externaltools.gnu-tools-for-stm32.7-2018-q2-update.linux64_1.5.0.202011040924/tools/bin/../lib/gcc/arm-none-eabi/7.3.1/../../../../arm-none-eabi/lib/thumb/v7e-m/fpv4-sp/hard/libc_nano.a
LOAD /opt/st/stm32cubeide_1.5.1/plugins/com.st.stm32cube.ide.mcu.externaltools.gnu-tools-for-stm32.7-2018-q2-update.linux64_1.5.0.202011040924/tools/bin/../lib/gcc/arm-none-eabi/7.3.1/../../../../arm-none-eabi/lib/thumb/v7e-m/fpv4-sp/hard/libm.a
END GROUP
START GROUP
LOAD /opt/st/stm32cubeide_1.5.1/plugins/com.st.stm32cube.ide.mcu.externaltools.gnu-tools-for-stm32.7-2018-q2-update.linux64_1.5.0.202011040924/tools/bin/../lib/gcc/arm-none-eabi/7.3.1/thumb/v7e-m/fpv4-sp/hard/libgcc.a
LOAD /opt/st/stm32cubeide_1.5.1/plugins/com.st.stm32cube.ide.mcu.externaltools.gnu-tools-for-stm32.7-2018-q2-update.linux64_1.5.0.202011040924/tools/bin/../lib/gcc/arm-none-eabi/7.3.1/../../../../arm-none-eabi/lib/thumb/v7e-m/fpv4-sp/hard/libc_nano.a
END GROUP
START GROUP
LOAD /opt/st/stm32cubeide_1.5.1/plugins/com.st.stm32cube.ide.mcu.externaltools.gnu-tools-for-stm32.7-2018-q2-update.linux64_1.5.0.202011040924/tools/bin/../lib/gcc/arm-none-eabi/7.3.1/thumb/v7e-m/fpv4-sp/hard/libgcc.a
LOAD /opt/st/stm32cubeide_1.5.1/plugins/com.st.stm32cube.ide.mcu.externaltools.gnu-tools-for-stm32.7-2018-q2-update.linux64_1.5.0.202011040924/tools/bin/../lib/gcc/arm-none-eabi/7.3.1/../../../../arm-none-eabi/lib/thumb/v7e-m/fpv4-sp/hard/libc_nano.a
LOAD /opt/st/stm32cubeide_1.5.1/plugins/com.st.stm32cube.ide.mcu.externaltools.gnu-tools-for-stm32.7-2018-q2-update.linux64_1.5.0.202011040924/tools/bin/../lib/gcc/arm-none-eabi/7.3.1/../../../../arm-none-eabi/lib/thumb/v7e-m/fpv4-sp/hard/libnosys.a
END GROUP
START GROUP
LOAD /opt/st/stm32cubeide_1.5.1/plugins/com.st.stm32cube.ide.mcu.externaltools.gnu-tools-for-stm32.7-2018-q2-update.linux64_1.5.0.202011040924/tools/bin/../lib/gcc/arm-none-eabi/7.3.1/thumb/v7e-m/fpv4-sp/hard/libgcc.a
LOAD /opt/st/stm32cubeide_1.5.1/plugins/com.st.stm32cube.ide.mcu.externaltools.gnu-tools-for-stm32.7-2018-q2-update.linux64_1.5.0.202011040924/tools/bin/../lib/gcc/arm-none-eabi/7.3.1/../../../../arm-none-eabi/lib/thumb/v7e-m/fpv4-sp/hard/libc_nano.a
LOAD /opt/st/stm32cubeide_1.5.1/plugins/com.st.stm32cube.ide.mcu.externaltools.gnu-tools-for-stm32.7-2018-q2-update.linux64_1.5.0.202011040924/tools/bin/../lib/gcc/arm-none-eabi/7.3.1/../../../../arm-none-eabi/lib/thumb/v7e-m/fpv4-sp/hard/libnosys.a
END GROUP
LOAD /opt/st/stm32cubeide_1.5.1/plugins/com.st.stm32cube.ide.mcu.externaltools.gnu-tools-for-stm32.7-2018-q2-update.linux64_1.5.0.202011040924/tools/bin/../lib/gcc/arm-none-eabi/7.3.1/thumb/v7e-m/fpv4-sp/hard/crtend.o
LOAD /opt/st/stm32cubeide_1.5.1/plugins/com.st.stm32cube.ide.mcu.externaltools.gnu-tools-for-stm32.7-2018-q2-update.linux64_1.5.0.202011040924/tools/bin/../lib/gcc/arm-none-eabi/7.3.1/thumb/v7e-m/fpv4-sp/hard/crtn.o
                0x0000000020020000                _estack = (ORIGIN (RAM) + LENGTH (RAM))
                0x0000000000000200                _Min_Heap_Size = 0x200
                0x0000000000000400                _Min_Stack_Size = 0x400

.isr_vector     0x0000000008000000      0x1c4
                0x0000000008000000                . = ALIGN (0x4)
 *(.isr_vector)
 .isr_vector    0x0000000008000000      0x1c4 Core/Startup/startup_stm32f446retx.o
                0x0000000008000000                g_pfnVectors
                0x00000000080001c4                . = ALIGN (0x4)

.text           0x00000000080001d0     0x4f74
                0x00000000080001d0                . = ALIGN (0x4)
 *(.text)
 .text          0x00000000080001d0       0x40 /opt/st/stm32cubeide_1.5.1/plugins/com.st.stm32cube.ide.mcu.externaltools.gnu-tools-for-stm32.7-2018-q2-update.linux64_1.5.0.202011040924/tools/bin/../lib/gcc/arm-none-eabi/7.3.1/thumb/v7e-m/fpv4-sp/hard/crtbegin.o
 .text          0x0000000008000210       0x30 /opt/st/stm32cubeide_1.5.1/plugins/com.st.stm32cube.ide.mcu.externaltools.gnu-tools-for-stm32.7-2018-q2-update.linux64_1.5.0.202011040924/tools/bin/../lib/gcc/arm-none-eabi/7.3.1/thumb/v7e-m/fpv4-sp/hard/libgcc.a(_aeabi_uldivmod.o)
                0x0000000008000210                __aeabi_uldivmod
 .text          0x0000000008000240      0x2cc /opt/st/stm32cubeide_1.5.1/plugins/com.st.stm32cube.ide.mcu.externaltools.gnu-tools-for-stm32.7-2018-q2-update.linux64_1.5.0.202011040924/tools/bin/../lib/gcc/arm-none-eabi/7.3.1/thumb/v7e-m/fpv4-sp/hard/libgcc.a(_udivmoddi4.o)
                0x0000000008000240                __udivmoddi4
 .text          0x000000000800050c        0x4 /opt/st/stm32cubeide_1.5.1/plugins/com.st.stm32cube.ide.mcu.externaltools.gnu-tools-for-stm32.7-2018-q2-update.linux64_1.5.0.202011040924/tools/bin/../lib/gcc/arm-none-eabi/7.3.1/thumb/v7e-m/fpv4-sp/hard/libgcc.a(_dvmd_tls.o)
                0x000000000800050c                __aeabi_ldiv0
                0x000000000800050c                __aeabi_idiv0
 *(.text*)
 .text.main     0x0000000008000510       0x98 Core/Src/main.o
                0x0000000008000510                main
 .text.SystemClock_Config
                0x00000000080005a8       0xdc Core/Src/main.o
                0x00000000080005a8                SystemClock_Config
 .text.MX_USART2_UART_Init
                0x0000000008000684       0x54 Core/Src/main.o
 .text.MX_GPIO_Init
                0x00000000080006d8       0xc4 Core/Src/main.o
 .text.button_task_handler
                0x000000000800079c       0x54 Core/Src/main.o
 .text.led_task_handler
                0x00000000080007f0       0x50 Core/Src/main.o
 .text.HAL_TIM_PeriodElapsedCallback
                0x0000000008000840       0x24 Core/Src/main.o
                0x0000000008000840                HAL_TIM_PeriodElapsedCallback
 .text.Error_Handler
                0x0000000008000864        0x8 Core/Src/main.o
                0x0000000008000864                Error_Handler
 .text.HAL_MspInit
                0x000000000800086c       0x50 Core/Src/stm32f4xx_hal_msp.o
                0x000000000800086c                HAL_MspInit
 .text.HAL_UART_MspInit
                0x00000000080008bc       0x90 Core/Src/stm32f4xx_hal_msp.o
                0x00000000080008bc                HAL_UART_MspInit
 .text.HAL_InitTick
                0x000000000800094c       0xb4 Core/Src/stm32f4xx_hal_timebase_tim.o
                0x000000000800094c                HAL_InitTick
 .text.NMI_Handler
                0x0000000008000a00        0x6 Core/Src/stm32f4xx_it.o
                0x0000000008000a00                NMI_Handler
 .text.HardFault_Handler
                0x0000000008000a06        0x6 Core/Src/stm32f4xx_it.o
                0x0000000008000a06                HardFault_Handler
 .text.MemManage_Handler
                0x0000000008000a0c        0x6 Core/Src/stm32f4xx_it.o
                0x0000000008000a0c                MemManage_Handler
 .text.BusFault_Handler
                0x0000000008000a12        0x6 Core/Src/stm32f4xx_it.o
                0x0000000008000a12                BusFault_Handler
 .text.UsageFault_Handler
                0x0000000008000a18        0x6 Core/Src/stm32f4xx_it.o
                0x0000000008000a18                UsageFault_Handler
 .text.DebugMon_Handler
                0x0000000008000a1e        0xe Core/Src/stm32f4xx_it.o
                0x0000000008000a1e                DebugMon_Handler
 .text.TIM6_DAC_IRQHandler
                0x0000000008000a2c       0x14 Core/Src/stm32f4xx_it.o
                0x0000000008000a2c                TIM6_DAC_IRQHandler
 .text.SystemInit
                0x0000000008000a40       0x2c Core/Src/system_stm32f4xx.o
                0x0000000008000a40                SystemInit
 .text.Reset_Handler
                0x0000000008000a6c       0x50 Core/Startup/startup_stm32f446retx.o
                0x0000000008000a6c                Reset_Handler
 .text.Default_Handler
                0x0000000008000abc        0x2 Core/Startup/startup_stm32f446retx.o
                0x0000000008000abc                RTC_Alarm_IRQHandler
                0x0000000008000abc                EXTI2_IRQHandler
                0x0000000008000abc                TIM8_CC_IRQHandler
                0x0000000008000abc                FMPI2C1_EV_IRQHandler
                0x0000000008000abc                SPI4_IRQHandler
                0x0000000008000abc                TIM1_CC_IRQHandler
                0x0000000008000abc                DMA2_Stream5_IRQHandler
                0x0000000008000abc                DMA1_Stream5_IRQHandler
                0x0000000008000abc                PVD_IRQHandler
                0x0000000008000abc                SDIO_IRQHandler
                0x0000000008000abc                TAMP_STAMP_IRQHandler
                0x0000000008000abc                CAN2_RX1_IRQHandler
                0x0000000008000abc                EXTI3_IRQHandler
                0x0000000008000abc                TIM8_TRG_COM_TIM14_IRQHandler
                0x0000000008000abc                TIM1_UP_TIM10_IRQHandler
                0x0000000008000abc                TIM8_UP_TIM13_IRQHandler
                0x0000000008000abc                I2C3_ER_IRQHandler
                0x0000000008000abc                EXTI0_IRQHandler
                0x0000000008000abc                I2C2_EV_IRQHandler
                0x0000000008000abc                DMA1_Stream2_IRQHandler
                0x0000000008000abc                CAN1_RX0_IRQHandler
                0x0000000008000abc                FPU_IRQHandler
                0x0000000008000abc                OTG_HS_WKUP_IRQHandler
                0x0000000008000abc                CAN2_SCE_IRQHandler
                0x0000000008000abc                DMA2_Stream2_IRQHandler
                0x0000000008000abc                SPI1_IRQHandler
                0x0000000008000abc                TIM1_BRK_TIM9_IRQHandler
                0x0000000008000abc                DCMI_IRQHandler
                0x0000000008000abc                CAN2_RX0_IRQHandler
                0x0000000008000abc                DMA2_Stream3_IRQHandler
                0x0000000008000abc                SAI2_IRQHandler
                0x0000000008000abc                USART6_IRQHandler
                0x0000000008000abc                USART3_IRQHandler
                0x0000000008000abc                CAN1_RX1_IRQHandler
                0x0000000008000abc                UART5_IRQHandler
                0x0000000008000abc                DMA2_Stream0_IRQHandler
                0x0000000008000abc                TIM4_IRQHandler
                0x0000000008000abc                QUADSPI_IRQHandler
                0x0000000008000abc                I2C1_EV_IRQHandler
                0x0000000008000abc                DMA1_Stream6_IRQHandler
                0x0000000008000abc                DMA1_Stream1_IRQHandler
                0x0000000008000abc                UART4_IRQHandler
                0x0000000008000abc                TIM3_IRQHandler
                0x0000000008000abc                RCC_IRQHandler
                0x0000000008000abc                TIM8_BRK_TIM12_IRQHandler
                0x0000000008000abc                Default_Handler
                0x0000000008000abc                CEC_IRQHandler
                0x0000000008000abc                EXTI15_10_IRQHandler
                0x0000000008000abc                ADC_IRQHandler
                0x0000000008000abc                DMA1_Stream7_IRQHandler
                0x0000000008000abc                TIM7_IRQHandler
                0x0000000008000abc                CAN2_TX_IRQHandler
                0x0000000008000abc                TIM5_IRQHandler
                0x0000000008000abc                DMA2_Stream7_IRQHandler
                0x0000000008000abc                I2C3_EV_IRQHandler
                0x0000000008000abc                EXTI9_5_IRQHandler
                0x0000000008000abc                RTC_WKUP_IRQHandler
                0x0000000008000abc                SPDIF_RX_IRQHandler
                0x0000000008000abc                SPI2_IRQHandler
                0x0000000008000abc                OTG_HS_EP1_IN_IRQHandler
                0x0000000008000abc                DMA1_Stream0_IRQHandler
                0x0000000008000abc                CAN1_TX_IRQHandler
                0x0000000008000abc                FMPI2C1_ER_IRQHandler
                0x0000000008000abc                EXTI4_IRQHandler
                0x0000000008000abc                OTG_HS_EP1_OUT_IRQHandler
                0x0000000008000abc                WWDG_IRQHandler
                0x0000000008000abc                TIM2_IRQHandler
                0x0000000008000abc                OTG_FS_WKUP_IRQHandler
                0x0000000008000abc                TIM1_TRG_COM_TIM11_IRQHandler
                0x0000000008000abc                OTG_HS_IRQHandler
                0x0000000008000abc                EXTI1_IRQHandler
                0x0000000008000abc                USART2_IRQHandler
                0x0000000008000abc                I2C2_ER_IRQHandler
                0x0000000008000abc                DMA2_Stream1_IRQHandler
                0x0000000008000abc                CAN1_SCE_IRQHandler
                0x0000000008000abc                FLASH_IRQHandler
                0x0000000008000abc                DMA2_Stream4_IRQHandler
                0x0000000008000abc                USART1_IRQHandler
                0x0000000008000abc                OTG_FS_IRQHandler
                0x0000000008000abc                SPI3_IRQHandler
                0x0000000008000abc                DMA1_Stream4_IRQHandler
                0x0000000008000abc                I2C1_ER_IRQHandler
                0x0000000008000abc                FMC_IRQHandler
                0x0000000008000abc                DMA2_Stream6_IRQHandler
                0x0000000008000abc                SAI1_IRQHandler
                0x0000000008000abc                DMA1_Stream3_IRQHandler
 *fill*         0x0000000008000abe        0x2 
 .text.HAL_Init
                0x0000000008000ac0       0x44 Drivers/STM32F4xx_HAL_Driver/Src/stm32f4xx_hal.o
                0x0000000008000ac0                HAL_Init
 .text.HAL_IncTick
                0x0000000008000b04       0x28 Drivers/STM32F4xx_HAL_Driver/Src/stm32f4xx_hal.o
                0x0000000008000b04                HAL_IncTick
 .text.HAL_GetTick
                0x0000000008000b2c       0x18 Drivers/STM32F4xx_HAL_Driver/Src/stm32f4xx_hal.o
                0x0000000008000b2c                HAL_GetTick
 .text.HAL_Delay
                0x0000000008000b44       0x44 Drivers/STM32F4xx_HAL_Driver/Src/stm32f4xx_hal.o
                0x0000000008000b44                HAL_Delay
 .text.__NVIC_SetPriorityGrouping
                0x0000000008000b88       0x48 Drivers/STM32F4xx_HAL_Driver/Src/stm32f4xx_hal_cortex.o
 .text.__NVIC_GetPriorityGrouping
                0x0000000008000bd0       0x1c Drivers/STM32F4xx_HAL_Driver/Src/stm32f4xx_hal_cortex.o
 .text.__NVIC_EnableIRQ
                0x0000000008000bec       0x3c Drivers/STM32F4xx_HAL_Driver/Src/stm32f4xx_hal_cortex.o
 .text.__NVIC_SetPriority
                0x0000000008000c28       0x54 Drivers/STM32F4xx_HAL_Driver/Src/stm32f4xx_hal_cortex.o
 .text.NVIC_EncodePriority
                0x0000000008000c7c       0x66 Drivers/STM32F4xx_HAL_Driver/Src/stm32f4xx_hal_cortex.o
 .text.HAL_NVIC_SetPriorityGrouping
                0x0000000008000ce2       0x16 Drivers/STM32F4xx_HAL_Driver/Src/stm32f4xx_hal_cortex.o
                0x0000000008000ce2                HAL_NVIC_SetPriorityGrouping
 .text.HAL_NVIC_SetPriority
                0x0000000008000cf8       0x38 Drivers/STM32F4xx_HAL_Driver/Src/stm32f4xx_hal_cortex.o
                0x0000000008000cf8                HAL_NVIC_SetPriority
 .text.HAL_NVIC_EnableIRQ
                0x0000000008000d30       0x1c Drivers/STM32F4xx_HAL_Driver/Src/stm32f4xx_hal_cortex.o
                0x0000000008000d30                HAL_NVIC_EnableIRQ
 .text.HAL_DMA_Abort
                0x0000000008000d4c       0xe0 Drivers/STM32F4xx_HAL_Driver/Src/stm32f4xx_hal_dma.o
                0x0000000008000d4c                HAL_DMA_Abort
 .text.HAL_DMA_GetError
                0x0000000008000e2c       0x18 Drivers/STM32F4xx_HAL_Driver/Src/stm32f4xx_hal_dma.o
                0x0000000008000e2c                HAL_DMA_GetError
 .text.HAL_GPIO_Init
                0x0000000008000e44      0x324 Drivers/STM32F4xx_HAL_Driver/Src/stm32f4xx_hal_gpio.o
                0x0000000008000e44                HAL_GPIO_Init
 .text.HAL_GPIO_ReadPin
                0x0000000008001168       0x30 Drivers/STM32F4xx_HAL_Driver/Src/stm32f4xx_hal_gpio.o
                0x0000000008001168                HAL_GPIO_ReadPin
 .text.HAL_GPIO_WritePin
                0x0000000008001198       0x32 Drivers/STM32F4xx_HAL_Driver/Src/stm32f4xx_hal_gpio.o
                0x0000000008001198                HAL_GPIO_WritePin
 .text.HAL_GPIO_TogglePin
                0x00000000080011ca       0x36 Drivers/STM32F4xx_HAL_Driver/Src/stm32f4xx_hal_gpio.o
                0x00000000080011ca                HAL_GPIO_TogglePin
 .text.HAL_RCC_ClockConfig
                0x0000000008001200      0x1cc Drivers/STM32F4xx_HAL_Driver/Src/stm32f4xx_hal_rcc.o
                0x0000000008001200                HAL_RCC_ClockConfig
 .text.HAL_RCC_GetHCLKFreq
                0x00000000080013cc       0x18 Drivers/STM32F4xx_HAL_Driver/Src/stm32f4xx_hal_rcc.o
                0x00000000080013cc                HAL_RCC_GetHCLKFreq
 .text.HAL_RCC_GetPCLK1Freq
                0x00000000080013e4       0x28 Drivers/STM32F4xx_HAL_Driver/Src/stm32f4xx_hal_rcc.o
                0x00000000080013e4                HAL_RCC_GetPCLK1Freq
 .text.HAL_RCC_GetPCLK2Freq
                0x000000000800140c       0x28 Drivers/STM32F4xx_HAL_Driver/Src/stm32f4xx_hal_rcc.o
                0x000000000800140c                HAL_RCC_GetPCLK2Freq
 .text.HAL_RCC_GetClockConfig
                0x0000000008001434       0x64 Drivers/STM32F4xx_HAL_Driver/Src/stm32f4xx_hal_rcc.o
                0x0000000008001434                HAL_RCC_GetClockConfig
 .text.HAL_RCC_GetSysClockFreq
                0x0000000008001498      0x340 Drivers/STM32F4xx_HAL_Driver/Src/stm32f4xx_hal_rcc_ex.o
                0x0000000008001498                HAL_RCC_GetSysClockFreq
 .text.HAL_RCC_OscConfig
                0x00000000080017d8      0x4b4 Drivers/STM32F4xx_HAL_Driver/Src/stm32f4xx_hal_rcc_ex.o
                0x00000000080017d8                HAL_RCC_OscConfig
 .text.HAL_TIM_Base_Init
                0x0000000008001c8c       0x56 Drivers/STM32F4xx_HAL_Driver/Src/stm32f4xx_hal_tim.o
                0x0000000008001c8c                HAL_TIM_Base_Init
 .text.HAL_TIM_Base_MspInit
                0x0000000008001ce2       0x14 Drivers/STM32F4xx_HAL_Driver/Src/stm32f4xx_hal_tim.o
                0x0000000008001ce2                HAL_TIM_Base_MspInit
 .text.HAL_TIM_Base_Start_IT
                0x0000000008001cf6       0x48 Drivers/STM32F4xx_HAL_Driver/Src/stm32f4xx_hal_tim.o
                0x0000000008001cf6                HAL_TIM_Base_Start_IT
 .text.HAL_TIM_IRQHandler
                0x0000000008001d3e      0x210 Drivers/STM32F4xx_HAL_Driver/Src/stm32f4xx_hal_tim.o
                0x0000000008001d3e                HAL_TIM_IRQHandler
 .text.HAL_TIM_OC_DelayElapsedCallback
                0x0000000008001f4e       0x14 Drivers/STM32F4xx_HAL_Driver/Src/stm32f4xx_hal_tim.o
                0x0000000008001f4e                HAL_TIM_OC_DelayElapsedCallback
 .text.HAL_TIM_IC_CaptureCallback
                0x0000000008001f62       0x14 Drivers/STM32F4xx_HAL_Driver/Src/stm32f4xx_hal_tim.o
                0x0000000008001f62                HAL_TIM_IC_CaptureCallback
 .text.HAL_TIM_PWM_PulseFinishedCallback
                0x0000000008001f76       0x14 Drivers/STM32F4xx_HAL_Driver/Src/stm32f4xx_hal_tim.o
                0x0000000008001f76                HAL_TIM_PWM_PulseFinishedCallback
 .text.HAL_TIM_TriggerCallback
                0x0000000008001f8a       0x14 Drivers/STM32F4xx_HAL_Driver/Src/stm32f4xx_hal_tim.o
                0x0000000008001f8a                HAL_TIM_TriggerCallback
 *fill*         0x0000000008001f9e        0x2 
 .text.TIM_Base_SetConfig
                0x0000000008001fa0      0x140 Drivers/STM32F4xx_HAL_Driver/Src/stm32f4xx_hal_tim.o
                0x0000000008001fa0                TIM_Base_SetConfig
 .text.HAL_TIMEx_CommutCallback
                0x00000000080020e0       0x14 Drivers/STM32F4xx_HAL_Driver/Src/stm32f4xx_hal_tim_ex.o
                0x00000000080020e0                HAL_TIMEx_CommutCallback
 .text.HAL_TIMEx_BreakCallback
                0x00000000080020f4       0x14 Drivers/STM32F4xx_HAL_Driver/Src/stm32f4xx_hal_tim_ex.o
                0x00000000080020f4                HAL_TIMEx_BreakCallback
 .text.HAL_UART_Init
                0x0000000008002108       0x9a Drivers/STM32F4xx_HAL_Driver/Src/stm32f4xx_hal_uart.o
                0x0000000008002108                HAL_UART_Init
 .text.HAL_UART_Transmit
                0x00000000080021a2      0x132 Drivers/STM32F4xx_HAL_Driver/Src/stm32f4xx_hal_uart.o
                0x00000000080021a2                HAL_UART_Transmit
 .text.HAL_UART_AbortTransmit
                0x00000000080022d4       0x88 Drivers/STM32F4xx_HAL_Driver/Src/stm32f4xx_hal_uart.o
                0x00000000080022d4                HAL_UART_AbortTransmit
 .text.UART_WaitOnFlagUntilTimeout
                0x000000000800235c       0x94 Drivers/STM32F4xx_HAL_Driver/Src/stm32f4xx_hal_uart.o
 .text.UART_SetConfig
                0x00000000080023f0      0x6f8 Drivers/STM32F4xx_HAL_Driver/Src/stm32f4xx_hal_uart.o
 .text.vListInitialise
                0x0000000008002ae8       0x40 Third-Party/FreeRTOS/org/Source/list.o
                0x0000000008002ae8                vListInitialise
 .text.vListInitialiseItem
                0x0000000008002b28       0x1a Third-Party/FreeRTOS/org/Source/list.o
                0x0000000008002b28                vListInitialiseItem
 .text.vListInsertEnd
                0x0000000008002b42       0x48 Third-Party/FreeRTOS/org/Source/list.o
                0x0000000008002b42                vListInsertEnd
 .text.vListInsert
                0x0000000008002b8a       0x72 Third-Party/FreeRTOS/org/Source/list.o
                0x0000000008002b8a                vListInsert
 .text.uxListRemove
                0x0000000008002bfc       0x54 Third-Party/FreeRTOS/org/Source/list.o
                0x0000000008002bfc                uxListRemove
 .text.xQueueGenericReset
                0x0000000008002c50       0xd0 Third-Party/FreeRTOS/org/Source/queue.o
                0x0000000008002c50                xQueueGenericReset
 .text.xQueueGenericCreate
                0x0000000008002d20       0x9c Third-Party/FreeRTOS/org/Source/queue.o
                0x0000000008002d20                xQueueGenericCreate
 .text.prvInitialiseNewQueue
                0x0000000008002dbc       0x46 Third-Party/FreeRTOS/org/Source/queue.o
 *fill*         0x0000000008002e02        0x2 
 .text.xQueueGenericSend
                0x0000000008002e04      0x1f4 Third-Party/FreeRTOS/org/Source/queue.o
                0x0000000008002e04                xQueueGenericSend
 .text.xQueueGenericSendFromISR
                0x0000000008002ff8      0x14a Third-Party/FreeRTOS/org/Source/queue.o
                0x0000000008002ff8                xQueueGenericSendFromISR
 *fill*         0x0000000008003142        0x2 
 .text.xQueueReceive
                0x0000000008003144      0x1b8 Third-Party/FreeRTOS/org/Source/queue.o
                0x0000000008003144                xQueueReceive
 .text.prvCopyDataToQueue
                0x00000000080032fc       0xd4 Third-Party/FreeRTOS/org/Source/queue.o
 .text.prvCopyDataFromQueue
                0x00000000080033d0       0x4c Third-Party/FreeRTOS/org/Source/queue.o
 .text.prvUnlockQueue
                0x000000000800341c       0xa4 Third-Party/FreeRTOS/org/Source/queue.o
 .text.prvIsQueueEmpty
                0x00000000080034c0       0x2c Third-Party/FreeRTOS/org/Source/queue.o
 .text.prvIsQueueFull
                0x00000000080034ec       0x30 Third-Party/FreeRTOS/org/Source/queue.o
 .text.vQueueAddToRegistry
                0x000000000800351c       0x50 Third-Party/FreeRTOS/org/Source/queue.o
                0x000000000800351c                vQueueAddToRegistry
 .text.vQueueWaitForMessageRestricted
                0x000000000800356c       0x68 Third-Party/FreeRTOS/org/Source/queue.o
                0x000000000800356c                vQueueWaitForMessageRestricted
 .text.xTaskCreate
                0x00000000080035d4       0x82 Third-Party/FreeRTOS/org/Source/tasks.o
                0x00000000080035d4                xTaskCreate
 .text.prvInitialiseNewTask
                0x0000000008003656      0x12a Third-Party/FreeRTOS/org/Source/tasks.o
 .text.prvAddNewTaskToReadyList
                0x0000000008003780       0xdc Third-Party/FreeRTOS/org/Source/tasks.o
 .text.vTaskStartScheduler
                0x000000000800385c       0x98 Third-Party/FreeRTOS/org/Source/tasks.o
                0x000000000800385c                vTaskStartScheduler
 .text.vTaskSuspendAll
                0x00000000080038f4       0x1c Third-Party/FreeRTOS/org/Source/tasks.o
                0x00000000080038f4                vTaskSuspendAll
 .text.xTaskResumeAll
                0x0000000008003910      0x138 Third-Party/FreeRTOS/org/Source/tasks.o
                0x0000000008003910                xTaskResumeAll
 .text.xTaskGetTickCount
                0x0000000008003a48       0x20 Third-Party/FreeRTOS/org/Source/tasks.o
                0x0000000008003a48                xTaskGetTickCount
 .text.xTaskIncrementTick
                0x0000000008003a68      0x170 Third-Party/FreeRTOS/org/Source/tasks.o
                0x0000000008003a68                xTaskIncrementTick
 .text.vTaskSwitchContext
                0x0000000008003bd8       0xb4 Third-Party/FreeRTOS/org/Source/tasks.o
                0x0000000008003bd8                vTaskSwitchContext
 .text.vTaskPlaceOnEventList
                0x0000000008003c8c       0x48 Third-Party/FreeRTOS/org/Source/tasks.o
                0x0000000008003c8c                vTaskPlaceOnEventList
 .text.vTaskPlaceOnEventListRestricted
                0x0000000008003cd4       0x54 Third-Party/FreeRTOS/org/Source/tasks.o
                0x0000000008003cd4                vTaskPlaceOnEventListRestricted
 .text.xTaskRemoveFromEventList
                0x0000000008003d28       0xc4 Third-Party/FreeRTOS/org/Source/tasks.o
                0x0000000008003d28                xTaskRemoveFromEventList
 .text.vTaskInternalSetTimeOutState
                0x0000000008003dec       0x2c Third-Party/FreeRTOS/org/Source/tasks.o
                0x0000000008003dec                vTaskInternalSetTimeOutState
 .text.xTaskCheckForTimeOut
                0x0000000008003e18       0xc8 Third-Party/FreeRTOS/org/Source/tasks.o
                0x0000000008003e18                xTaskCheckForTimeOut
 .text.vTaskMissedYield
                0x0000000008003ee0       0x18 Third-Party/FreeRTOS/org/Source/tasks.o
                0x0000000008003ee0                vTaskMissedYield
 .text.prvIdleTask
                0x0000000008003ef8       0x30 Third-Party/FreeRTOS/org/Source/tasks.o
 .text.prvInitialiseTaskLists
                0x0000000008003f28       0x80 Third-Party/FreeRTOS/org/Source/tasks.o
 .text.prvCheckTasksWaitingTermination
                0x0000000008003fa8       0x58 Third-Party/FreeRTOS/org/Source/tasks.o
 .text.prvDeleteTCB
                0x0000000008004000       0x20 Third-Party/FreeRTOS/org/Source/tasks.o
 .text.prvResetNextTaskUnblockTime
                0x0000000008004020       0x38 Third-Party/FreeRTOS/org/Source/tasks.o
 .text.xTaskGetSchedulerState
                0x0000000008004058       0x3c Third-Party/FreeRTOS/org/Source/tasks.o
                0x0000000008004058                xTaskGetSchedulerState
 .text.xTaskPriorityDisinherit
                0x0000000008004094       0xf0 Third-Party/FreeRTOS/org/Source/tasks.o
                0x0000000008004094                xTaskPriorityDisinherit
 .text.prvAddCurrentTaskToDelayedList
                0x0000000008004184       0xcc Third-Party/FreeRTOS/org/Source/tasks.o
 .text.xTimerCreateTimerTask
                0x0000000008004250       0x64 Third-Party/FreeRTOS/org/Source/timers.o
                0x0000000008004250                xTimerCreateTimerTask
 .text.xTimerGenericCommand
                0x00000000080042b4       0x98 Third-Party/FreeRTOS/org/Source/timers.o
                0x00000000080042b4                xTimerGenericCommand
 .text.prvProcessExpiredTimer
                0x000000000800434c       0x98 Third-Party/FreeRTOS/org/Source/timers.o
 .text.prvTimerTask
                0x00000000080043e4       0x24 Third-Party/FreeRTOS/org/Source/timers.o
 .text.prvProcessTimerOrBlockTask
                0x0000000008004408       0x9c Third-Party/FreeRTOS/org/Source/timers.o
 .text.prvGetNextExpireTime
                0x00000000080044a4       0x48 Third-Party/FreeRTOS/org/Source/timers.o
 .text.prvSampleTimeNow
                0x00000000080044ec       0x40 Third-Party/FreeRTOS/org/Source/timers.o
 .text.prvInsertTimerInActiveList
                0x000000000800452c       0x84 Third-Party/FreeRTOS/org/Source/timers.o
 .text.prvProcessReceivedCommands
                0x00000000080045b0      0x188 Third-Party/FreeRTOS/org/Source/timers.o
 .text.prvSwitchTimerLists
                0x0000000008004738       0xc8 Third-Party/FreeRTOS/org/Source/timers.o
 .text.prvCheckForValidListAndQueue
                0x0000000008004800       0x6c Third-Party/FreeRTOS/org/Source/timers.o
 .text.pxPortInitialiseStack
                0x000000000800486c       0x68 Third-Party/FreeRTOS/org/Source/portable/GCC/ARM_CM4F/port.o
                0x000000000800486c                pxPortInitialiseStack
 .text.prvTaskExitError
                0x00000000080048d4       0x54 Third-Party/FreeRTOS/org/Source/portable/GCC/ARM_CM4F/port.o
 *fill*         0x0000000008004928        0x8 
 .text.SVC_Handler
                0x0000000008004930       0x28 Third-Party/FreeRTOS/org/Source/portable/GCC/ARM_CM4F/port.o
                0x0000000008004930                SVC_Handler
 .text.prvPortStartFirstTask
                0x0000000008004958       0x2c Third-Party/FreeRTOS/org/Source/portable/GCC/ARM_CM4F/port.o
 .text.xPortStartScheduler
                0x0000000008004984      0x13c Third-Party/FreeRTOS/org/Source/portable/GCC/ARM_CM4F/port.o
                0x0000000008004984                xPortStartScheduler
 .text.vPortEnterCritical
                0x0000000008004ac0       0x5c Third-Party/FreeRTOS/org/Source/portable/GCC/ARM_CM4F/port.o
                0x0000000008004ac0                vPortEnterCritical
 .text.vPortExitCritical
                0x0000000008004b1c       0x50 Third-Party/FreeRTOS/org/Source/portable/GCC/ARM_CM4F/port.o
                0x0000000008004b1c                vPortExitCritical
 *fill*         0x0000000008004b6c        0x4 
 .text.PendSV_Handler
                0x0000000008004b70       0x68 Third-Party/FreeRTOS/org/Source/portable/GCC/ARM_CM4F/port.o
                0x0000000008004b70                PendSV_Handler
 .text.SysTick_Handler
                0x0000000008004bd8       0x40 Third-Party/FreeRTOS/org/Source/portable/GCC/ARM_CM4F/port.o
                0x0000000008004bd8                SysTick_Handler
 .text.vPortSetupTimerInterrupt
                0x0000000008004c18       0x48 Third-Party/FreeRTOS/org/Source/portable/GCC/ARM_CM4F/port.o
                0x0000000008004c18                vPortSetupTimerInterrupt
 .text.vPortEnableVFP
                0x0000000008004c60       0x18 Third-Party/FreeRTOS/org/Source/portable/GCC/ARM_CM4F/port.o
 .text.vPortValidateInterruptPriority
                0x0000000008004c78       0x7c Third-Party/FreeRTOS/org/Source/portable/GCC/ARM_CM4F/port.o
                0x0000000008004c78                vPortValidateInterruptPriority
 .text.pvPortMalloc
                0x0000000008004cf4      0x190 Third-Party/FreeRTOS/org/Source/portable/MemMang/heap_4.o
                0x0000000008004cf4                pvPortMalloc
 .text.vPortFree
                0x0000000008004e84       0xc0 Third-Party/FreeRTOS/org/Source/portable/MemMang/heap_4.o
                0x0000000008004e84                vPortFree
 .text.prvHeapInit
                0x0000000008004f44       0xc4 Third-Party/FreeRTOS/org/Source/portable/MemMang/heap_4.o
 .text.prvInsertBlockIntoFreeList
                0x0000000008005008       0xb4 Third-Party/FreeRTOS/org/Source/portable/MemMang/heap_4.o
 .text.__libc_init_array
                0x00000000080050bc       0x48 /opt/st/stm32cubeide_1.5.1/plugins/com.st.stm32cube.ide.mcu.externaltools.gnu-tools-for-stm32.7-2018-q2-update.linux64_1.5.0.202011040924/tools/bin/../lib/gcc/arm-none-eabi/7.3.1/../../../../arm-none-eabi/lib/thumb/v7e-m/fpv4-sp/hard/libc_nano.a(lib_a-init.o)
                0x00000000080050bc                __libc_init_array
 .text.memcpy   0x0000000008005104       0x16 /opt/st/stm32cubeide_1.5.1/plugins/com.st.stm32cube.ide.mcu.externaltools.gnu-tools-for-stm32.7-2018-q2-update.linux64_1.5.0.202011040924/tools/bin/../lib/gcc/arm-none-eabi/7.3.1/../../../../arm-none-eabi/lib/thumb/v7e-m/fpv4-sp/hard/libc_nano.a(lib_a-memcpy-stub.o)
                0x0000000008005104                memcpy
 .text.memset   0x000000000800511a       0x10 /opt/st/stm32cubeide_1.5.1/plugins/com.st.stm32cube.ide.mcu.externaltools.gnu-tools-for-stm32.7-2018-q2-update.linux64_1.5.0.202011040924/tools/bin/../lib/gcc/arm-none-eabi/7.3.1/../../../../arm-none-eabi/lib/thumb/v7e-m/fpv4-sp/hard/libc_nano.a(lib_a-memset.o)
                0x000000000800511a                memset
 *(.glue_7)
 .glue_7        0x000000000800512a        0x0 linker stubs
 *(.glue_7t)
 .glue_7t       0x000000000800512a        0x0 linker stubs
 *(.eh_frame)
 *fill*         0x000000000800512a        0x2 
 .eh_frame      0x000000000800512c        0x0 /opt/st/stm32cubeide_1.5.1/plugins/com.st.stm32cube.ide.mcu.externaltools.gnu-tools-for-stm32.7-2018-q2-update.linux64_1.5.0.202011040924/tools/bin/../lib/gcc/arm-none-eabi/7.3.1/thumb/v7e-m/fpv4-sp/hard/crtbegin.o
 *(.init)
 .init          0x000000000800512c        0x4 /opt/st/stm32cubeide_1.5.1/plugins/com.st.stm32cube.ide.mcu.externaltools.gnu-tools-for-stm32.7-2018-q2-update.linux64_1.5.0.202011040924/tools/bin/../lib/gcc/arm-none-eabi/7.3.1/thumb/v7e-m/fpv4-sp/hard/crti.o
                0x000000000800512c                _init
 .init          0x0000000008005130        0x8 /opt/st/stm32cubeide_1.5.1/plugins/com.st.stm32cube.ide.mcu.externaltools.gnu-tools-for-stm32.7-2018-q2-update.linux64_1.5.0.202011040924/tools/bin/../lib/gcc/arm-none-eabi/7.3.1/thumb/v7e-m/fpv4-sp/hard/crtn.o
 *(.fini)
 .fini          0x0000000008005138        0x4 /opt/st/stm32cubeide_1.5.1/plugins/com.st.stm32cube.ide.mcu.externaltools.gnu-tools-for-stm32.7-2018-q2-update.linux64_1.5.0.202011040924/tools/bin/../lib/gcc/arm-none-eabi/7.3.1/thumb/v7e-m/fpv4-sp/hard/crti.o
                0x0000000008005138                _fini
 .fini          0x000000000800513c        0x8 /opt/st/stm32cubeide_1.5.1/plugins/com.st.stm32cube.ide.mcu.externaltools.gnu-tools-for-stm32.7-2018-q2-update.linux64_1.5.0.202011040924/tools/bin/../lib/gcc/arm-none-eabi/7.3.1/thumb/v7e-m/fpv4-sp/hard/crtn.o
                0x0000000008005144                . = ALIGN (0x4)
                0x0000000008005144                _etext = .

.vfp11_veneer   0x0000000008005144        0x0
 .vfp11_veneer  0x0000000008005144        0x0 linker stubs

.v4_bx          0x0000000008005144        0x0
 .v4_bx         0x0000000008005144        0x0 linker stubs

.iplt           0x0000000008005144        0x0
 .iplt          0x0000000008005144        0x0 /opt/st/stm32cubeide_1.5.1/plugins/com.st.stm32cube.ide.mcu.externaltools.gnu-tools-for-stm32.7-2018-q2-update.linux64_1.5.0.202011040924/tools/bin/../lib/gcc/arm-none-eabi/7.3.1/thumb/v7e-m/fpv4-sp/hard/crtbegin.o

.rodata         0x0000000008005144       0x74
                0x0000000008005144                . = ALIGN (0x4)
 *(.rodata)
 .rodata        0x0000000008005144       0x41 Core/Src/main.o
 *fill*         0x0000000008005185        0x3 
 .rodata        0x0000000008005188        0x5 Third-Party/FreeRTOS/org/Source/tasks.o
 *fill*         0x000000000800518d        0x3 
 .rodata        0x0000000008005190        0xd Third-Party/FreeRTOS/org/Source/timers.o
 *(.rodata*)
 *fill*         0x000000000800519d        0x3 
 .rodata.AHBPrescTable
                0x00000000080051a0       0x10 Core/Src/system_stm32f4xx.o
                0x00000000080051a0                AHBPrescTable
 .rodata.APBPrescTable
                0x00000000080051b0        0x8 Core/Src/system_stm32f4xx.o
                0x00000000080051b0                APBPrescTable
                0x00000000080051b8                . = ALIGN (0x4)

.ARM.extab      0x00000000080051b8        0x0
                0x00000000080051b8                . = ALIGN (0x4)
 *(.ARM.extab* .gnu.linkonce.armextab.*)
                0x00000000080051b8                . = ALIGN (0x4)

.ARM            0x00000000080051b8        0x8
                0x00000000080051b8                . = ALIGN (0x4)
                0x00000000080051b8                __exidx_start = .
 *(.ARM.exidx*)
 .ARM.exidx     0x00000000080051b8        0x8 /opt/st/stm32cubeide_1.5.1/plugins/com.st.stm32cube.ide.mcu.externaltools.gnu-tools-for-stm32.7-2018-q2-update.linux64_1.5.0.202011040924/tools/bin/../lib/gcc/arm-none-eabi/7.3.1/thumb/v7e-m/fpv4-sp/hard/libgcc.a(_udivmoddi4.o)
                0x00000000080051c0                __exidx_end = .
                0x00000000080051c0                . = ALIGN (0x4)

.rel.dyn        0x00000000080051c0        0x0
 .rel.iplt      0x00000000080051c0        0x0 /opt/st/stm32cubeide_1.5.1/plugins/com.st.stm32cube.ide.mcu.externaltools.gnu-tools-for-stm32.7-2018-q2-update.linux64_1.5.0.202011040924/tools/bin/../lib/gcc/arm-none-eabi/7.3.1/thumb/v7e-m/fpv4-sp/hard/crtbegin.o

.preinit_array  0x00000000080051c0        0x0
                0x00000000080051c0                . = ALIGN (0x4)
                0x00000000080051c0                PROVIDE (__preinit_array_start = .)
 *(.preinit_array*)
                0x00000000080051c0                PROVIDE (__preinit_array_end = .)
                0x00000000080051c0                . = ALIGN (0x4)

.init_array     0x00000000080051c0        0x4
                0x00000000080051c0                . = ALIGN (0x4)
                0x00000000080051c0                PROVIDE (__init_array_start = .)
 *(SORT_BY_NAME(.init_array.*))
 *(.init_array*)
 .init_array    0x00000000080051c0        0x4 /opt/st/stm32cubeide_1.5.1/plugins/com.st.stm32cube.ide.mcu.externaltools.gnu-tools-for-stm32.7-2018-q2-update.linux64_1.5.0.202011040924/tools/bin/../lib/gcc/arm-none-eabi/7.3.1/thumb/v7e-m/fpv4-sp/hard/crtbegin.o
                0x00000000080051c4                PROVIDE (__init_array_end = .)
                0x00000000080051c4                . = ALIGN (0x4)

.fini_array     0x00000000080051c4        0x4
                0x00000000080051c4                . = ALIGN (0x4)
                [!provide]                        PROVIDE (__fini_array_start = .)
 *(SORT_BY_NAME(.fini_array.*))
 *(.fini_array*)
 .fini_array    0x00000000080051c4        0x4 /opt/st/stm32cubeide_1.5.1/plugins/com.st.stm32cube.ide.mcu.externaltools.gnu-tools-for-stm32.7-2018-q2-update.linux64_1.5.0.202011040924/tools/bin/../lib/gcc/arm-none-eabi/7.3.1/thumb/v7e-m/fpv4-sp/hard/crtbegin.o
                [!provide]                        PROVIDE (__fini_array_end = .)
                0x00000000080051c8                . = ALIGN (0x4)
                0x00000000080051c8                _sidata = LOADADDR (.data)

.data           0x0000000020000000       0x10 load address 0x00000000080051c8
                0x0000000020000000                . = ALIGN (0x4)
                0x0000000020000000                _sdata = .
 *(.data)
 *(.data*)
 .data.SystemCoreClock
                0x0000000020000000        0x4 Core/Src/system_stm32f4xx.o
                0x0000000020000000                SystemCoreClock
 .data.uwTickPrio
                0x0000000020000004        0x4 Drivers/STM32F4xx_HAL_Driver/Src/stm32f4xx_hal.o
                0x0000000020000004                uwTickPrio
 .data.uwTickFreq
                0x0000000020000008        0x1 Drivers/STM32F4xx_HAL_Driver/Src/stm32f4xx_hal.o
                0x0000000020000008                uwTickFreq
 *fill*         0x0000000020000009        0x3 
 .data.uxCriticalNesting
                0x000000002000000c        0x4 Third-Party/FreeRTOS/org/Source/portable/GCC/ARM_CM4F/port.o
 *(.RamFunc)
 *(.RamFunc*)
                0x0000000020000010                . = ALIGN (0x4)
                0x0000000020000010                _edata = .

.igot.plt       0x0000000020000010        0x0 load address 0x00000000080051d8
 .igot.plt      0x0000000020000010        0x0 /opt/st/stm32cubeide_1.5.1/plugins/com.st.stm32cube.ide.mcu.externaltools.gnu-tools-for-stm32.7-2018-q2-update.linux64_1.5.0.202011040924/tools/bin/../lib/gcc/arm-none-eabi/7.3.1/thumb/v7e-m/fpv4-sp/hard/crtbegin.o
                0x0000000020000010                . = ALIGN (0x4)

.bss            0x0000000020000010    0x12e4c load address 0x00000000080051d8
                0x0000000020000010                _sbss = .
                0x0000000020000010                __bss_start__ = _sbss
 *(.bss)
 .bss           0x0000000020000010       0x1c /opt/st/stm32cubeide_1.5.1/plugins/com.st.stm32cube.ide.mcu.externaltools.gnu-tools-for-stm32.7-2018-q2-update.linux64_1.5.0.202011040924/tools/bin/../lib/gcc/arm-none-eabi/7.3.1/thumb/v7e-m/fpv4-sp/hard/crtbegin.o
 *(.bss*)
 .bss.button_pressed
                0x000000002000002c        0x1 Core/Src/main.o
 *fill*         0x000000002000002d        0x3 
 .bss.pxCurrentTCB
                0x0000000020000030        0x4 Third-Party/FreeRTOS/org/Source/tasks.o
                0x0000000020000030                pxCurrentTCB
 .bss.pxReadyTasksLists
                0x0000000020000034       0x64 Third-Party/FreeRTOS/org/Source/tasks.o
 .bss.xDelayedTaskList1
                0x0000000020000098       0x14 Third-Party/FreeRTOS/org/Source/tasks.o
 .bss.xDelayedTaskList2
                0x00000000200000ac       0x14 Third-Party/FreeRTOS/org/Source/tasks.o
 .bss.pxDelayedTaskList
                0x00000000200000c0        0x4 Third-Party/FreeRTOS/org/Source/tasks.o
 .bss.pxOverflowDelayedTaskList
                0x00000000200000c4        0x4 Third-Party/FreeRTOS/org/Source/tasks.o
 .bss.xPendingReadyList
                0x00000000200000c8       0x14 Third-Party/FreeRTOS/org/Source/tasks.o
 .bss.xTasksWaitingTermination
                0x00000000200000dc       0x14 Third-Party/FreeRTOS/org/Source/tasks.o
 .bss.uxDeletedTasksWaitingCleanUp
                0x00000000200000f0        0x4 Third-Party/FreeRTOS/org/Source/tasks.o
 .bss.xSuspendedTaskList
                0x00000000200000f4       0x14 Third-Party/FreeRTOS/org/Source/tasks.o
 .bss.uxCurrentNumberOfTasks
                0x0000000020000108        0x4 Third-Party/FreeRTOS/org/Source/tasks.o
 .bss.xTickCount
                0x000000002000010c        0x4 Third-Party/FreeRTOS/org/Source/tasks.o
 .bss.uxTopReadyPriority
                0x0000000020000110        0x4 Third-Party/FreeRTOS/org/Source/tasks.o
 .bss.xSchedulerRunning
                0x0000000020000114        0x4 Third-Party/FreeRTOS/org/Source/tasks.o
 .bss.xPendedTicks
                0x0000000020000118        0x4 Third-Party/FreeRTOS/org/Source/tasks.o
 .bss.xYieldPending
                0x000000002000011c        0x4 Third-Party/FreeRTOS/org/Source/tasks.o
 .bss.xNumOfOverflows
                0x0000000020000120        0x4 Third-Party/FreeRTOS/org/Source/tasks.o
 .bss.uxTaskNumber
                0x0000000020000124        0x4 Third-Party/FreeRTOS/org/Source/tasks.o
 .bss.xNextTaskUnblockTime
                0x0000000020000128        0x4 Third-Party/FreeRTOS/org/Source/tasks.o
 .bss.xIdleTaskHandle
                0x000000002000012c        0x4 Third-Party/FreeRTOS/org/Source/tasks.o
 .bss.uxSchedulerSuspended
                0x0000000020000130        0x4 Third-Party/FreeRTOS/org/Source/tasks.o
 .bss.xActiveTimerList1
                0x0000000020000134       0x14 Third-Party/FreeRTOS/org/Source/timers.o
 .bss.xActiveTimerList2
                0x0000000020000148       0x14 Third-Party/FreeRTOS/org/Source/timers.o
 .bss.pxCurrentTimerList
                0x000000002000015c        0x4 Third-Party/FreeRTOS/org/Source/timers.o
 .bss.pxOverflowTimerList
                0x0000000020000160        0x4 Third-Party/FreeRTOS/org/Source/timers.o
 .bss.xTimerQueue
                0x0000000020000164        0x4 Third-Party/FreeRTOS/org/Source/timers.o
 .bss.xTimerTaskHandle
                0x0000000020000168        0x4 Third-Party/FreeRTOS/org/Source/timers.o
 .bss.xLastTime.6732
                0x000000002000016c        0x4 Third-Party/FreeRTOS/org/Source/timers.o
 .bss.ucMaxSysCallPriority
                0x0000000020000170        0x1 Third-Party/FreeRTOS/org/Source/portable/GCC/ARM_CM4F/port.o
 *fill*         0x0000000020000171        0x3 
 .bss.ulMaxPRIGROUPValue
                0x0000000020000174        0x4 Third-Party/FreeRTOS/org/Source/portable/GCC/ARM_CM4F/port.o
 .bss.ucHeap    0x0000000020000178    0x12c00 Third-Party/FreeRTOS/org/Source/portable/MemMang/heap_4.o
 .bss.xStart    0x0000000020012d78        0x8 Third-Party/FreeRTOS/org/Source/portable/MemMang/heap_4.o
 .bss.pxEnd     0x0000000020012d80        0x4 Third-Party/FreeRTOS/org/Source/portable/MemMang/heap_4.o
 .bss.xFreeBytesRemaining
                0x0000000020012d84        0x4 Third-Party/FreeRTOS/org/Source/portable/MemMang/heap_4.o
 .bss.xMinimumEverFreeBytesRemaining
                0x0000000020012d88        0x4 Third-Party/FreeRTOS/org/Source/portable/MemMang/heap_4.o
 .bss.xNumberOfSuccessfulAllocations
                0x0000000020012d8c        0x4 Third-Party/FreeRTOS/org/Source/portable/MemMang/heap_4.o
 .bss.xNumberOfSuccessfulFrees
                0x0000000020012d90        0x4 Third-Party/FreeRTOS/org/Source/portable/MemMang/heap_4.o
 .bss.xBlockAllocatedBit
                0x0000000020012d94        0x4 Third-Party/FreeRTOS/org/Source/portable/MemMang/heap_4.o
 *(COMMON)
 COMMON         0x0000000020012d98       0x40 Core/Src/main.o
                0x0000000020012d98                huart2
 COMMON         0x0000000020012dd8       0x40 Core/Src/stm32f4xx_hal_timebase_tim.o
                0x0000000020012dd8                htim6
 COMMON         0x0000000020012e18        0x4 Drivers/STM32F4xx_HAL_Driver/Src/stm32f4xx_hal.o
                0x0000000020012e18                uwTick
 COMMON         0x0000000020012e1c       0x40 Third-Party/FreeRTOS/org/Source/queue.o
                0x0000000020012e1c                xQueueRegistry
                0x0000000020012e5c                . = ALIGN (0x4)
                0x0000000020012e5c                _ebss = .
                0x0000000020012e5c                __bss_end__ = _ebss

._user_heap_stack
                0x0000000020012e5c      0x604 load address 0x00000000080051d8
                0x0000000020012e60                . = ALIGN (0x8)
 *fill*         0x0000000020012e5c        0x4 
                [!provide]                        PROVIDE (end = .)
                0x0000000020012e60                PROVIDE (_end = .)
                0x0000000020013060                . = (. + _Min_Heap_Size)
 *fill*         0x0000000020012e60      0x200 
                0x0000000020013460                . = (. + _Min_Stack_Size)
 *fill*         0x0000000020013060      0x400 
                0x0000000020013460                . = ALIGN (0x8)

/DISCARD/
 libc.a(*)
 libm.a(*)
 libgcc.a(*)

.ARM.attributes
                0x0000000000000000       0x30
 *(.ARM.attributes)
 .ARM.attributes
                0x0000000000000000       0x22 /opt/st/stm32cubeide_1.5.1/plugins/com.st.stm32cube.ide.mcu.externaltools.gnu-tools-for-stm32.7-2018-q2-update.linux64_1.5.0.202011040924/tools/bin/../lib/gcc/arm-none-eabi/7.3.1/thumb/v7e-m/fpv4-sp/hard/crti.o
 .ARM.attributes
                0x0000000000000022       0x34 /opt/st/stm32cubeide_1.5.1/plugins/com.st.stm32cube.ide.mcu.externaltools.gnu-tools-for-stm32.7-2018-q2-update.linux64_1.5.0.202011040924/tools/bin/../lib/gcc/arm-none-eabi/7.3.1/thumb/v7e-m/fpv4-sp/hard/crtbegin.o
 .ARM.attributes
                0x0000000000000056       0x39 Core/Src/main.o
 .ARM.attributes
                0x000000000000008f       0x39 Core/Src/stm32f4xx_hal_msp.o
 .ARM.attributes
                0x00000000000000c8       0x39 Core/Src/stm32f4xx_hal_timebase_tim.o
 .ARM.attributes
                0x0000000000000101       0x39 Core/Src/stm32f4xx_it.o
 .ARM.attributes
                0x000000000000013a       0x39 Core/Src/system_stm32f4xx.o
 .ARM.attributes
                0x0000000000000173       0x21 Core/Startup/startup_stm32f446retx.o
 .ARM.attributes
                0x0000000000000194       0x39 Drivers/STM32F4xx_HAL_Driver/Src/stm32f4xx_hal.o
 .ARM.attributes
                0x00000000000001cd       0x39 Drivers/STM32F4xx_HAL_Driver/Src/stm32f4xx_hal_cortex.o
 .ARM.attributes
                0x0000000000000206       0x39 Drivers/STM32F4xx_HAL_Driver/Src/stm32f4xx_hal_dma.o
 .ARM.attributes
                0x000000000000023f       0x39 Drivers/STM32F4xx_HAL_Driver/Src/stm32f4xx_hal_gpio.o
 .ARM.attributes
                0x0000000000000278       0x39 Drivers/STM32F4xx_HAL_Driver/Src/stm32f4xx_hal_rcc.o
 .ARM.attributes
                0x00000000000002b1       0x39 Drivers/STM32F4xx_HAL_Driver/Src/stm32f4xx_hal_rcc_ex.o
 .ARM.attributes
                0x00000000000002ea       0x39 Drivers/STM32F4xx_HAL_Driver/Src/stm32f4xx_hal_tim.o
 .ARM.attributes
                0x0000000000000323       0x39 Drivers/STM32F4xx_HAL_Driver/Src/stm32f4xx_hal_tim_ex.o
 .ARM.attributes
                0x000000000000035c       0x39 Drivers/STM32F4xx_HAL_Driver/Src/stm32f4xx_hal_uart.o
 .ARM.attributes
                0x0000000000000395       0x39 Third-Party/FreeRTOS/org/Source/list.o
 .ARM.attributes
                0x00000000000003ce       0x39 Third-Party/FreeRTOS/org/Source/queue.o
 .ARM.attributes
                0x0000000000000407       0x39 Third-Party/FreeRTOS/org/Source/tasks.o
 .ARM.attributes
                0x0000000000000440       0x39 Third-Party/FreeRTOS/org/Source/timers.o
 .ARM.attributes
                0x0000000000000479       0x39 Third-Party/FreeRTOS/org/Source/portable/GCC/ARM_CM4F/port.o
 .ARM.attributes
                0x00000000000004b2       0x39 Third-Party/FreeRTOS/org/Source/portable/MemMang/heap_4.o
 .ARM.attributes
                0x00000000000004eb       0x34 /opt/st/stm32cubeide_1.5.1/plugins/com.st.stm32cube.ide.mcu.externaltools.gnu-tools-for-stm32.7-2018-q2-update.linux64_1.5.0.202011040924/tools/bin/../lib/gcc/arm-none-eabi/7.3.1/../../../../arm-none-eabi/lib/thumb/v7e-m/fpv4-sp/hard/libc_nano.a(lib_a-init.o)
 .ARM.attributes
                0x000000000000051f       0x34 /opt/st/stm32cubeide_1.5.1/plugins/com.st.stm32cube.ide.mcu.externaltools.gnu-tools-for-stm32.7-2018-q2-update.linux64_1.5.0.202011040924/tools/bin/../lib/gcc/arm-none-eabi/7.3.1/../../../../arm-none-eabi/lib/thumb/v7e-m/fpv4-sp/hard/libc_nano.a(lib_a-memcpy-stub.o)
 .ARM.attributes
                0x0000000000000553       0x34 /opt/st/stm32cubeide_1.5.1/plugins/com.st.stm32cube.ide.mcu.externaltools.gnu-tools-for-stm32.7-2018-q2-update.linux64_1.5.0.202011040924/tools/bin/../lib/gcc/arm-none-eabi/7.3.1/../../../../arm-none-eabi/lib/thumb/v7e-m/fpv4-sp/hard/libc_nano.a(lib_a-memset.o)
 .ARM.attributes
                0x0000000000000587       0x22 /opt/st/stm32cubeide_1.5.1/plugins/com.st.stm32cube.ide.mcu.externaltools.gnu-tools-for-stm32.7-2018-q2-update.linux64_1.5.0.202011040924/tools/bin/../lib/gcc/arm-none-eabi/7.3.1/thumb/v7e-m/fpv4-sp/hard/libgcc.a(_aeabi_uldivmod.o)
 .ARM.attributes
                0x00000000000005a9       0x34 /opt/st/stm32cubeide_1.5.1/plugins/com.st.stm32cube.ide.mcu.externaltools.gnu-tools-for-stm32.7-2018-q2-update.linux64_1.5.0.202011040924/tools/bin/../lib/gcc/arm-none-eabi/7.3.1/thumb/v7e-m/fpv4-sp/hard/libgcc.a(_udivmoddi4.o)
 .ARM.attributes
                0x00000000000005dd       0x22 /opt/st/stm32cubeide_1.5.1/plugins/com.st.stm32cube.ide.mcu.externaltools.gnu-tools-for-stm32.7-2018-q2-update.linux64_1.5.0.202011040924/tools/bin/../lib/gcc/arm-none-eabi/7.3.1/thumb/v7e-m/fpv4-sp/hard/libgcc.a(_dvmd_tls.o)
 .ARM.attributes
                0x00000000000005ff       0x22 /opt/st/stm32cubeide_1.5.1/plugins/com.st.stm32cube.ide.mcu.externaltools.gnu-tools-for-stm32.7-2018-q2-update.linux64_1.5.0.202011040924/tools/bin/../lib/gcc/arm-none-eabi/7.3.1/thumb/v7e-m/fpv4-sp/hard/crtn.o
OUTPUT(Button_and_LED.elf elf32-littlearm)

.debug_info     0x0000000000000000    0x13022
 .debug_info    0x0000000000000000      0xf56 Core/Src/main.o
 .debug_info    0x0000000000000f56      0x975 Core/Src/stm32f4xx_hal_msp.o
 .debug_info    0x00000000000018cb      0xb7f Core/Src/stm32f4xx_hal_timebase_tim.o
 .debug_info    0x000000000000244a      0x6b8 Core/Src/stm32f4xx_it.o
 .debug_info    0x0000000000002b02      0x588 Core/Src/system_stm32f4xx.o
 .debug_info    0x000000000000308a       0x22 Core/Startup/startup_stm32f446retx.o
 .debug_info    0x00000000000030ac      0x997 Drivers/STM32F4xx_HAL_Driver/Src/stm32f4xx_hal.o
 .debug_info    0x0000000000003a43      0xe46 Drivers/STM32F4xx_HAL_Driver/Src/stm32f4xx_hal_cortex.o
 .debug_info    0x0000000000004889      0x968 Drivers/STM32F4xx_HAL_Driver/Src/stm32f4xx_hal_dma.o
 .debug_info    0x00000000000051f1      0x803 Drivers/STM32F4xx_HAL_Driver/Src/stm32f4xx_hal_gpio.o
 .debug_info    0x00000000000059f4      0x944 Drivers/STM32F4xx_HAL_Driver/Src/stm32f4xx_hal_rcc.o
 .debug_info    0x0000000000006338      0x9d5 Drivers/STM32F4xx_HAL_Driver/Src/stm32f4xx_hal_rcc_ex.o
 .debug_info    0x0000000000006d0d     0x24a9 Drivers/STM32F4xx_HAL_Driver/Src/stm32f4xx_hal_tim.o
 .debug_info    0x00000000000091b6     0x1157 Drivers/STM32F4xx_HAL_Driver/Src/stm32f4xx_hal_tim_ex.o
 .debug_info    0x000000000000a30d     0x124c Drivers/STM32F4xx_HAL_Driver/Src/stm32f4xx_hal_uart.o
 .debug_info    0x000000000000b559      0xacb Third-Party/FreeRTOS/org/Source/list.o
 .debug_info    0x000000000000c024     0x1fcb Third-Party/FreeRTOS/org/Source/queue.o
 .debug_info    0x000000000000dfef     0x294a Third-Party/FreeRTOS/org/Source/tasks.o
 .debug_info    0x0000000000010939     0x14c9 Third-Party/FreeRTOS/org/Source/timers.o
 .debug_info    0x0000000000011e02      0x533 Third-Party/FreeRTOS/org/Source/portable/GCC/ARM_CM4F/port.o
 .debug_info    0x0000000000012335      0xced Third-Party/FreeRTOS/org/Source/portable/MemMang/heap_4.o

.debug_abbrev   0x0000000000000000     0x2b42
 .debug_abbrev  0x0000000000000000      0x2b8 Core/Src/main.o
 .debug_abbrev  0x00000000000002b8      0x18c Core/Src/stm32f4xx_hal_msp.o
 .debug_abbrev  0x0000000000000444      0x19d Core/Src/stm32f4xx_hal_timebase_tim.o
 .debug_abbrev  0x00000000000005e1      0x15a Core/Src/stm32f4xx_it.o
 .debug_abbrev  0x000000000000073b      0x12b Core/Src/system_stm32f4xx.o
 .debug_abbrev  0x0000000000000866       0x12 Core/Startup/startup_stm32f446retx.o
 .debug_abbrev  0x0000000000000878      0x1c7 Drivers/STM32F4xx_HAL_Driver/Src/stm32f4xx_hal.o
 .debug_abbrev  0x0000000000000a3f      0x2fa Drivers/STM32F4xx_HAL_Driver/Src/stm32f4xx_hal_cortex.o
 .debug_abbrev  0x0000000000000d39      0x229 Drivers/STM32F4xx_HAL_Driver/Src/stm32f4xx_hal_dma.o
 .debug_abbrev  0x0000000000000f62      0x1c9 Drivers/STM32F4xx_HAL_Driver/Src/stm32f4xx_hal_gpio.o
 .debug_abbrev  0x000000000000112b      0x245 Drivers/STM32F4xx_HAL_Driver/Src/stm32f4xx_hal_rcc.o
 .debug_abbrev  0x0000000000001370      0x1bc Drivers/STM32F4xx_HAL_Driver/Src/stm32f4xx_hal_rcc_ex.o
 .debug_abbrev  0x000000000000152c      0x230 Drivers/STM32F4xx_HAL_Driver/Src/stm32f4xx_hal_tim.o
 .debug_abbrev  0x000000000000175c      0x21e Drivers/STM32F4xx_HAL_Driver/Src/stm32f4xx_hal_tim_ex.o
 .debug_abbrev  0x000000000000197a      0x242 Drivers/STM32F4xx_HAL_Driver/Src/stm32f4xx_hal_uart.o
 .debug_abbrev  0x0000000000001bbc      0x1cf Third-Party/FreeRTOS/org/Source/list.o
 .debug_abbrev  0x0000000000001d8b      0x2f1 Third-Party/FreeRTOS/org/Source/queue.o
 .debug_abbrev  0x000000000000207c      0x350 Third-Party/FreeRTOS/org/Source/tasks.o
 .debug_abbrev  0x00000000000023cc      0x2c8 Third-Party/FreeRTOS/org/Source/timers.o
 .debug_abbrev  0x0000000000002694      0x210 Third-Party/FreeRTOS/org/Source/portable/GCC/ARM_CM4F/port.o
 .debug_abbrev  0x00000000000028a4      0x29e Third-Party/FreeRTOS/org/Source/portable/MemMang/heap_4.o

.debug_aranges  0x0000000000000000     0x1130
 .debug_aranges
                0x0000000000000000       0x60 Core/Src/main.o
 .debug_aranges
                0x0000000000000060       0x30 Core/Src/stm32f4xx_hal_msp.o
 .debug_aranges
                0x0000000000000090       0x30 Core/Src/stm32f4xx_hal_timebase_tim.o
 .debug_aranges
                0x00000000000000c0       0x50 Core/Src/stm32f4xx_it.o
 .debug_aranges
                0x0000000000000110       0x28 Core/Src/system_stm32f4xx.o
 .debug_aranges
                0x0000000000000138       0x28 Core/Startup/startup_stm32f446retx.o
 .debug_aranges
                0x0000000000000160       0xf0 Drivers/STM32F4xx_HAL_Driver/Src/stm32f4xx_hal.o
 .debug_aranges
                0x0000000000000250      0x118 Drivers/STM32F4xx_HAL_Driver/Src/stm32f4xx_hal_cortex.o
 .debug_aranges
                0x0000000000000368       0x90 Drivers/STM32F4xx_HAL_Driver/Src/stm32f4xx_hal_dma.o
 .debug_aranges
                0x00000000000003f8       0x58 Drivers/STM32F4xx_HAL_Driver/Src/stm32f4xx_hal_gpio.o
 .debug_aranges
                0x0000000000000450       0x88 Drivers/STM32F4xx_HAL_Driver/Src/stm32f4xx_hal_rcc.o
 .debug_aranges
                0x00000000000004d8       0x78 Drivers/STM32F4xx_HAL_Driver/Src/stm32f4xx_hal_rcc_ex.o
 .debug_aranges
                0x0000000000000550      0x3a8 Drivers/STM32F4xx_HAL_Driver/Src/stm32f4xx_hal_tim.o
 .debug_aranges
                0x00000000000008f8      0x150 Drivers/STM32F4xx_HAL_Driver/Src/stm32f4xx_hal_tim_ex.o
 .debug_aranges
                0x0000000000000a48      0x1d0 Drivers/STM32F4xx_HAL_Driver/Src/stm32f4xx_hal_uart.o
 .debug_aranges
                0x0000000000000c18       0x40 Third-Party/FreeRTOS/org/Source/list.o
 .debug_aranges
                0x0000000000000c58      0x130 Third-Party/FreeRTOS/org/Source/queue.o
 .debug_aranges
                0x0000000000000d88      0x1f8 Third-Party/FreeRTOS/org/Source/tasks.o
 .debug_aranges
                0x0000000000000f80       0xd8 Third-Party/FreeRTOS/org/Source/timers.o
 .debug_aranges
                0x0000000000001058       0x80 Third-Party/FreeRTOS/org/Source/portable/GCC/ARM_CM4F/port.o
 .debug_aranges
                0x00000000000010d8       0x58 Third-Party/FreeRTOS/org/Source/portable/MemMang/heap_4.o

.debug_ranges   0x0000000000000000      0xfe8
 .debug_ranges  0x0000000000000000       0x50 Core/Src/main.o
 .debug_ranges  0x0000000000000050       0x20 Core/Src/stm32f4xx_hal_msp.o
 .debug_ranges  0x0000000000000070       0x20 Core/Src/stm32f4xx_hal_timebase_tim.o
 .debug_ranges  0x0000000000000090       0x40 Core/Src/stm32f4xx_it.o
 .debug_ranges  0x00000000000000d0       0x18 Core/Src/system_stm32f4xx.o
 .debug_ranges  0x00000000000000e8       0x20 Core/Startup/startup_stm32f446retx.o
 .debug_ranges  0x0000000000000108       0xe0 Drivers/STM32F4xx_HAL_Driver/Src/stm32f4xx_hal.o
 .debug_ranges  0x00000000000001e8      0x108 Drivers/STM32F4xx_HAL_Driver/Src/stm32f4xx_hal_cortex.o
 .debug_ranges  0x00000000000002f0       0x80 Drivers/STM32F4xx_HAL_Driver/Src/stm32f4xx_hal_dma.o
 .debug_ranges  0x0000000000000370       0x48 Drivers/STM32F4xx_HAL_Driver/Src/stm32f4xx_hal_gpio.o
 .debug_ranges  0x00000000000003b8       0x78 Drivers/STM32F4xx_HAL_Driver/Src/stm32f4xx_hal_rcc.o
 .debug_ranges  0x0000000000000430       0x68 Drivers/STM32F4xx_HAL_Driver/Src/stm32f4xx_hal_rcc_ex.o
 .debug_ranges  0x0000000000000498      0x398 Drivers/STM32F4xx_HAL_Driver/Src/stm32f4xx_hal_tim.o
 .debug_ranges  0x0000000000000830      0x140 Drivers/STM32F4xx_HAL_Driver/Src/stm32f4xx_hal_tim_ex.o
 .debug_ranges  0x0000000000000970      0x1c0 Drivers/STM32F4xx_HAL_Driver/Src/stm32f4xx_hal_uart.o
 .debug_ranges  0x0000000000000b30       0x30 Third-Party/FreeRTOS/org/Source/list.o
 .debug_ranges  0x0000000000000b60      0x120 Third-Party/FreeRTOS/org/Source/queue.o
 .debug_ranges  0x0000000000000c80      0x1e8 Third-Party/FreeRTOS/org/Source/tasks.o
 .debug_ranges  0x0000000000000e68       0xc8 Third-Party/FreeRTOS/org/Source/timers.o
 .debug_ranges  0x0000000000000f30       0x70 Third-Party/FreeRTOS/org/Source/portable/GCC/ARM_CM4F/port.o
 .debug_ranges  0x0000000000000fa0       0x48 Third-Party/FreeRTOS/org/Source/portable/MemMang/heap_4.o

.debug_macro    0x0000000000000000    0x2284a
 .debug_macro   0x0000000000000000      0x245 Core/Src/main.o
 .debug_macro   0x0000000000000245      0xa5a Core/Src/main.o
 .debug_macro   0x0000000000000c9f      0x294 Core/Src/main.o
 .debug_macro   0x0000000000000f33       0x2e Core/Src/main.o
 .debug_macro   0x0000000000000f61       0x28 Core/Src/main.o
 .debug_macro   0x0000000000000f89       0x22 Core/Src/main.o
 .debug_macro   0x0000000000000fab       0x8e Core/Src/main.o
 .debug_macro   0x0000000000001039       0x51 Core/Src/main.o
 .debug_macro   0x000000000000108a       0xef Core/Src/main.o
 .debug_macro   0x0000000000001179       0x6a Core/Src/main.o
 .debug_macro   0x00000000000011e3      0x1df Core/Src/main.o
 .debug_macro   0x00000000000013c2       0x1c Core/Src/main.o
 .debug_macro   0x00000000000013de       0x22 Core/Src/main.o
 .debug_macro   0x0000000000001400       0xdf Core/Src/main.o
 .debug_macro   0x00000000000014df     0x102d Core/Src/main.o
 .debug_macro   0x000000000000250c      0x11f Core/Src/main.o
 .debug_macro   0x000000000000262b    0x1672d Core/Src/main.o
 .debug_macro   0x0000000000018d58       0x43 Core/Src/main.o
 .debug_macro   0x0000000000018d9b     0x3659 Core/Src/main.o
 .debug_macro   0x000000000001c3f4      0x174 Core/Src/main.o
 .debug_macro   0x000000000001c568       0x5a Core/Src/main.o
 .debug_macro   0x000000000001c5c2      0xc90 Core/Src/main.o
 .debug_macro   0x000000000001d252      0x9fe Core/Src/main.o
 .debug_macro   0x000000000001dc50      0x117 Core/Src/main.o
 .debug_macro   0x000000000001dd67      0x1a0 Core/Src/main.o
 .debug_macro   0x000000000001df07       0x27 Core/Src/main.o
 .debug_macro   0x000000000001df2e      0x16d Core/Src/main.o
 .debug_macro   0x000000000001e09b      0x287 Core/Src/main.o
 .debug_macro   0x000000000001e322       0x5f Core/Src/main.o
 .debug_macro   0x000000000001e381      0x236 Core/Src/main.o
 .debug_macro   0x000000000001e5b7      0x132 Core/Src/main.o
 .debug_macro   0x000000000001e6e9      0x29c Core/Src/main.o
 .debug_macro   0x000000000001e985       0x2e Core/Src/main.o
 .debug_macro   0x000000000001e9b3      0x11a Core/Src/main.o
 .debug_macro   0x000000000001eacd       0xe8 Core/Src/main.o
 .debug_macro   0x000000000001ebb5       0x89 Core/Src/main.o
 .debug_macro   0x000000000001ec3e      0x8a0 Core/Src/main.o
 .debug_macro   0x000000000001f4de       0x4d Core/Src/main.o
 .debug_macro   0x000000000001f52b      0x287 Core/Src/main.o
 .debug_macro   0x000000000001f7b2      0x126 Core/Src/main.o
 .debug_macro   0x000000000001f8d8       0x58 Core/Src/main.o
 .debug_macro   0x000000000001f930      0x106 Core/Src/main.o
 .debug_macro   0x000000000001fa36      0x15a Core/Src/main.o
 .debug_macro   0x000000000001fb90       0xea Core/Src/main.o
 .debug_macro   0x000000000001fc7a       0x1c Core/Src/main.o
 .debug_macro   0x000000000001fc96       0x26 Core/Src/main.o
 .debug_macro   0x000000000001fcbc      0x4f6 Core/Src/main.o
 .debug_macro   0x00000000000201b2       0xb5 Core/Src/main.o
 .debug_macro   0x0000000000020267      0x119 Core/Src/main.o
 .debug_macro   0x0000000000020380      0x1dd Core/Src/stm32f4xx_hal_msp.o
 .debug_macro   0x000000000002055d      0x1ce Core/Src/stm32f4xx_hal_timebase_tim.o
 .debug_macro   0x000000000002072b      0x1e7 Core/Src/stm32f4xx_it.o
 .debug_macro   0x0000000000020912      0x1d4 Core/Src/system_stm32f4xx.o
 .debug_macro   0x0000000000020ae6      0x22e Drivers/STM32F4xx_HAL_Driver/Src/stm32f4xx_hal.o
 .debug_macro   0x0000000000020d14      0x1ce Drivers/STM32F4xx_HAL_Driver/Src/stm32f4xx_hal_cortex.o
 .debug_macro   0x0000000000020ee2      0x1d4 Drivers/STM32F4xx_HAL_Driver/Src/stm32f4xx_hal_dma.o
 .debug_macro   0x00000000000210b6      0x204 Drivers/STM32F4xx_HAL_Driver/Src/stm32f4xx_hal_gpio.o
 .debug_macro   0x00000000000212ba      0x1f2 Drivers/STM32F4xx_HAL_Driver/Src/stm32f4xx_hal_rcc.o
 .debug_macro   0x00000000000214ac      0x1ce Drivers/STM32F4xx_HAL_Driver/Src/stm32f4xx_hal_rcc_ex.o
 .debug_macro   0x000000000002167a      0x1cf Drivers/STM32F4xx_HAL_Driver/Src/stm32f4xx_hal_tim.o
 .debug_macro   0x0000000000021849      0x1ce Drivers/STM32F4xx_HAL_Driver/Src/stm32f4xx_hal_tim_ex.o
 .debug_macro   0x0000000000021a17      0x1cf Drivers/STM32F4xx_HAL_Driver/Src/stm32f4xx_hal_uart.o
 .debug_macro   0x0000000000021be6      0x186 Third-Party/FreeRTOS/org/Source/list.o
 .debug_macro   0x0000000000021d6c      0x20f Third-Party/FreeRTOS/org/Source/queue.o
 .debug_macro   0x0000000000021f7b       0x16 Third-Party/FreeRTOS/org/Source/queue.o
 .debug_macro   0x0000000000021f91       0x20 Third-Party/FreeRTOS/org/Source/queue.o
 .debug_macro   0x0000000000021fb1       0x80 Third-Party/FreeRTOS/org/Source/queue.o
 .debug_macro   0x0000000000022031      0x26c Third-Party/FreeRTOS/org/Source/tasks.o
 .debug_macro   0x000000000002229d       0x10 Third-Party/FreeRTOS/org/Source/tasks.o
 .debug_macro   0x00000000000222ad      0x1cf Third-Party/FreeRTOS/org/Source/timers.o
 .debug_macro   0x000000000002247c       0x97 Third-Party/FreeRTOS/org/Source/timers.o
 .debug_macro   0x0000000000022513      0x196 Third-Party/FreeRTOS/org/Source/portable/GCC/ARM_CM4F/port.o
 .debug_macro   0x00000000000226a9      0x1a1 Third-Party/FreeRTOS/org/Source/portable/MemMang/heap_4.o

.debug_line     0x0000000000000000     0xd84b
 .debug_line    0x0000000000000000      0x96c Core/Src/main.o
 .debug_line    0x000000000000096c      0x6cc Core/Src/stm32f4xx_hal_msp.o
 .debug_line    0x0000000000001038      0x6d1 Core/Src/stm32f4xx_hal_timebase_tim.o
 .debug_line    0x0000000000001709      0x723 Core/Src/stm32f4xx_it.o
 .debug_line    0x0000000000001e2c      0x6b8 Core/Src/system_stm32f4xx.o
 .debug_line    0x00000000000024e4       0x85 Core/Startup/startup_stm32f446retx.o
 .debug_line    0x0000000000002569      0x8a2 Drivers/STM32F4xx_HAL_Driver/Src/stm32f4xx_hal.o
 .debug_line    0x0000000000002e0b      0x9c6 Drivers/STM32F4xx_HAL_Driver/Src/stm32f4xx_hal_cortex.o
 .debug_line    0x00000000000037d1      0x970 Drivers/STM32F4xx_HAL_Driver/Src/stm32f4xx_hal_dma.o
 .debug_line    0x0000000000004141      0x86d Drivers/STM32F4xx_HAL_Driver/Src/stm32f4xx_hal_gpio.o
 .debug_line    0x00000000000049ae      0x8fa Drivers/STM32F4xx_HAL_Driver/Src/stm32f4xx_hal_rcc.o
 .debug_line    0x00000000000052a8      0xa8b Drivers/STM32F4xx_HAL_Driver/Src/stm32f4xx_hal_rcc_ex.o
 .debug_line    0x0000000000005d33     0x191b Drivers/STM32F4xx_HAL_Driver/Src/stm32f4xx_hal_tim.o
 .debug_line    0x000000000000764e      0xcb8 Drivers/STM32F4xx_HAL_Driver/Src/stm32f4xx_hal_tim_ex.o
 .debug_line    0x0000000000008306      0xfb0 Drivers/STM32F4xx_HAL_Driver/Src/stm32f4xx_hal_uart.o
 .debug_line    0x00000000000092b6      0x6ea Third-Party/FreeRTOS/org/Source/list.o
 .debug_line    0x00000000000099a0     0x10a1 Third-Party/FreeRTOS/org/Source/queue.o
 .debug_line    0x000000000000aa41     0x1421 Third-Party/FreeRTOS/org/Source/tasks.o
 .debug_line    0x000000000000be62      0xa87 Third-Party/FreeRTOS/org/Source/timers.o
 .debug_line    0x000000000000c8e9      0x76a Third-Party/FreeRTOS/org/Source/portable/GCC/ARM_CM4F/port.o
 .debug_line    0x000000000000d053      0x7f8 Third-Party/FreeRTOS/org/Source/portable/MemMang/heap_4.o

.debug_str      0x0000000000000000    0xd6edb
 .debug_str     0x0000000000000000    0xccebc Core/Src/main.o
                                      0xcd221 (size before relaxing)
 .debug_str     0x00000000000ccebc       0x56 Core/Src/stm32f4xx_hal_msp.o
                                      0xc8346 (size before relaxing)
 .debug_str     0x00000000000ccf12      0x5ac Core/Src/stm32f4xx_hal_timebase_tim.o
                                      0xc87bc (size before relaxing)
 .debug_str     0x00000000000cd4be       0xa6 Core/Src/stm32f4xx_it.o
                                      0xc821b (size before relaxing)
 .debug_str     0x00000000000cd564       0xc4 Core/Src/system_stm32f4xx.o
                                      0xc7e05 (size before relaxing)
 .debug_str     0x00000000000cd628       0x36 Core/Startup/startup_stm32f446retx.o
                                         0x78 (size before relaxing)
 .debug_str     0x00000000000cd65e      0x542 Drivers/STM32F4xx_HAL_Driver/Src/stm32f4xx_hal.o
                                      0xc8913 (size before relaxing)
 .debug_str     0x00000000000cdba0      0x392 Drivers/STM32F4xx_HAL_Driver/Src/stm32f4xx_hal_cortex.o
                                      0xc86dd (size before relaxing)
 .debug_str     0x00000000000cdf32      0x31d Drivers/STM32F4xx_HAL_Driver/Src/stm32f4xx_hal_dma.o
                                      0xc81f5 (size before relaxing)
 .debug_str     0x00000000000ce24f      0x20c Drivers/STM32F4xx_HAL_Driver/Src/stm32f4xx_hal_gpio.o
                                      0xc8044 (size before relaxing)
 .debug_str     0x00000000000ce45b      0x24f Drivers/STM32F4xx_HAL_Driver/Src/stm32f4xx_hal_rcc.o
                                      0xc81f7 (size before relaxing)
 .debug_str     0x00000000000ce6aa      0x324 Drivers/STM32F4xx_HAL_Driver/Src/stm32f4xx_hal_rcc_ex.o
                                      0xc8249 (size before relaxing)
 .debug_str     0x00000000000ce9ce      0xd6f Drivers/STM32F4xx_HAL_Driver/Src/stm32f4xx_hal_tim.o
                                      0xc8eec (size before relaxing)
 .debug_str     0x00000000000cf73d      0x4ec Drivers/STM32F4xx_HAL_Driver/Src/stm32f4xx_hal_tim_ex.o
                                      0xc86ec (size before relaxing)
 .debug_str     0x00000000000cfc29      0x516 Drivers/STM32F4xx_HAL_Driver/Src/stm32f4xx_hal_uart.o
                                      0xc862c (size before relaxing)
 .debug_str     0x00000000000d013f     0x3134 Third-Party/FreeRTOS/org/Source/list.o
                                       0xa9b7 (size before relaxing)
 .debug_str     0x00000000000d3273     0x1050 Third-Party/FreeRTOS/org/Source/queue.o
                                       0xcc04 (size before relaxing)
 .debug_str     0x00000000000d42c3     0x1bc9 Third-Party/FreeRTOS/org/Source/tasks.o
                                       0xd909 (size before relaxing)
 .debug_str     0x00000000000d5e8c      0x529 Third-Party/FreeRTOS/org/Source/timers.o
                                       0xcfe8 (size before relaxing)
 .debug_str     0x00000000000d63b5      0x7f3 Third-Party/FreeRTOS/org/Source/portable/GCC/ARM_CM4F/port.o
                                       0x9288 (size before relaxing)
 .debug_str     0x00000000000d6ba8      0x333 Third-Party/FreeRTOS/org/Source/portable/MemMang/heap_4.o
                                       0xbdba (size before relaxing)

.comment        0x0000000000000000       0x7b
 .comment       0x0000000000000000       0x7b Core/Src/main.o
                                         0x7c (size before relaxing)
 .comment       0x000000000000007b       0x7c Core/Src/stm32f4xx_hal_msp.o
 .comment       0x000000000000007b       0x7c Core/Src/stm32f4xx_hal_timebase_tim.o
 .comment       0x000000000000007b       0x7c Core/Src/stm32f4xx_it.o
 .comment       0x000000000000007b       0x7c Core/Src/system_stm32f4xx.o
 .comment       0x000000000000007b       0x7c Drivers/STM32F4xx_HAL_Driver/Src/stm32f4xx_hal.o
 .comment       0x000000000000007b       0x7c Drivers/STM32F4xx_HAL_Driver/Src/stm32f4xx_hal_cortex.o
 .comment       0x000000000000007b       0x7c Drivers/STM32F4xx_HAL_Driver/Src/stm32f4xx_hal_dma.o
 .comment       0x000000000000007b       0x7c Drivers/STM32F4xx_HAL_Driver/Src/stm32f4xx_hal_gpio.o
 .comment       0x000000000000007b       0x7c Drivers/STM32F4xx_HAL_Driver/Src/stm32f4xx_hal_rcc.o
 .comment       0x000000000000007b       0x7c Drivers/STM32F4xx_HAL_Driver/Src/stm32f4xx_hal_rcc_ex.o
 .comment       0x000000000000007b       0x7c Drivers/STM32F4xx_HAL_Driver/Src/stm32f4xx_hal_tim.o
 .comment       0x000000000000007b       0x7c Drivers/STM32F4xx_HAL_Driver/Src/stm32f4xx_hal_tim_ex.o
 .comment       0x000000000000007b       0x7c Drivers/STM32F4xx_HAL_Driver/Src/stm32f4xx_hal_uart.o
 .comment       0x000000000000007b       0x7c Third-Party/FreeRTOS/org/Source/list.o
 .comment       0x000000000000007b       0x7c Third-Party/FreeRTOS/org/Source/queue.o
 .comment       0x000000000000007b       0x7c Third-Party/FreeRTOS/org/Source/tasks.o
 .comment       0x000000000000007b       0x7c Third-Party/FreeRTOS/org/Source/timers.o
 .comment       0x000000000000007b       0x7c Third-Party/FreeRTOS/org/Source/portable/GCC/ARM_CM4F/port.o
 .comment       0x000000000000007b       0x7c Third-Party/FreeRTOS/org/Source/portable/MemMang/heap_4.o

.debug_frame    0x0000000000000000     0x4784
 .debug_frame   0x0000000000000000      0x134 Core/Src/main.o
 .debug_frame   0x0000000000000134       0x80 Core/Src/stm32f4xx_hal_msp.o
 .debug_frame   0x00000000000001b4       0x74 Core/Src/stm32f4xx_hal_timebase_tim.o
 .debug_frame   0x0000000000000228       0xc4 Core/Src/stm32f4xx_it.o
 .debug_frame   0x00000000000002ec       0x58 Core/Src/system_stm32f4xx.o
 .debug_frame   0x0000000000000344      0x374 Drivers/STM32F4xx_HAL_Driver/Src/stm32f4xx_hal.o
 .debug_frame   0x00000000000006b8      0x498 Drivers/STM32F4xx_HAL_Driver/Src/stm32f4xx_hal_cortex.o
 .debug_frame   0x0000000000000b50      0x250 Drivers/STM32F4xx_HAL_Driver/Src/stm32f4xx_hal_dma.o
 .debug_frame   0x0000000000000da0      0x14c Drivers/STM32F4xx_HAL_Driver/Src/stm32f4xx_hal_gpio.o
 .debug_frame   0x0000000000000eec      0x1f0 Drivers/STM32F4xx_HAL_Driver/Src/stm32f4xx_hal_rcc.o
 .debug_frame   0x00000000000010dc      0x1e0 Drivers/STM32F4xx_HAL_Driver/Src/stm32f4xx_hal_rcc_ex.o
 .debug_frame   0x00000000000012bc     0x10f0 Drivers/STM32F4xx_HAL_Driver/Src/stm32f4xx_hal_tim.o
 .debug_frame   0x00000000000023ac      0x5c0 Drivers/STM32F4xx_HAL_Driver/Src/stm32f4xx_hal_tim_ex.o
 .debug_frame   0x000000000000296c      0x844 Drivers/STM32F4xx_HAL_Driver/Src/stm32f4xx_hal_uart.o
 .debug_frame   0x00000000000031b0       0xd8 Third-Party/FreeRTOS/org/Source/list.o
 .debug_frame   0x0000000000003288      0x534 Third-Party/FreeRTOS/org/Source/queue.o
 .debug_frame   0x00000000000037bc      0x894 Third-Party/FreeRTOS/org/Source/tasks.o
 .debug_frame   0x0000000000004050      0x38c Third-Party/FreeRTOS/org/Source/timers.o
 .debug_frame   0x00000000000043dc      0x1a8 Third-Party/FreeRTOS/org/Source/portable/GCC/ARM_CM4F/port.o
 .debug_frame   0x0000000000004584      0x12c Third-Party/FreeRTOS/org/Source/portable/MemMang/heap_4.o
 .debug_frame   0x00000000000046b0       0x2c /opt/st/stm32cubeide_1.5.1/plugins/com.st.stm32cube.ide.mcu.externaltools.gnu-tools-for-stm32.7-2018-q2-update.linux64_1.5.0.202011040924/tools/bin/../lib/gcc/arm-none-eabi/7.3.1/../../../../arm-none-eabi/lib/thumb/v7e-m/fpv4-sp/hard/libc_nano.a(lib_a-init.o)
 .debug_frame   0x00000000000046dc       0x28 /opt/st/stm32cubeide_1.5.1/plugins/com.st.stm32cube.ide.mcu.externaltools.gnu-tools-for-stm32.7-2018-q2-update.linux64_1.5.0.202011040924/tools/bin/../lib/gcc/arm-none-eabi/7.3.1/../../../../arm-none-eabi/lib/thumb/v7e-m/fpv4-sp/hard/libc_nano.a(lib_a-memcpy-stub.o)
 .debug_frame   0x0000000000004704       0x20 /opt/st/stm32cubeide_1.5.1/plugins/com.st.stm32cube.ide.mcu.externaltools.gnu-tools-for-stm32.7-2018-q2-update.linux64_1.5.0.202011040924/tools/bin/../lib/gcc/arm-none-eabi/7.3.1/../../../../arm-none-eabi/lib/thumb/v7e-m/fpv4-sp/hard/libc_nano.a(lib_a-memset.o)
 .debug_frame   0x0000000000004724       0x2c /opt/st/stm32cubeide_1.5.1/plugins/com.st.stm32cube.ide.mcu.externaltools.gnu-tools-for-stm32.7-2018-q2-update.linux64_1.5.0.202011040924/tools/bin/../lib/gcc/arm-none-eabi/7.3.1/thumb/v7e-m/fpv4-sp/hard/libgcc.a(_aeabi_uldivmod.o)
 .debug_frame   0x0000000000004750       0x34 /opt/st/stm32cubeide_1.5.1/plugins/com.st.stm32cube.ide.mcu.externaltools.gnu-tools-for-stm32.7-2018-q2-update.linux64_1.5.0.202011040924/tools/bin/../lib/gcc/arm-none-eabi/7.3.1/thumb/v7e-m/fpv4-sp/hard/libgcc.a(_udivmoddi4.o)
