00:25:02 **** Build of configuration Debug for project First_RTOS_Project_ ****
make -j8 all 
arm-none-eabi-gcc "../Drivers/STM32F4xx_HAL_Driver/Src/stm32f4xx_hal.c" -mcpu=cortex-m4 -std=gnu11 -g3 -DUSE_HAL_DRIVER -DSTM32F446xx -DDEBUG -c -I../Core/Inc -I"/home/nakul/Desktop/Workspace/RTOS_WORKSPACE/First_RTOS_Project_/Third-Party/FreeRTOS/org/Source/portable/GCC/ARM_CM4F" -I"/home/nakul/Desktop/Workspace/RTOS_WORKSPACE/First_RTOS_Project_/Third-Party/FreeRTOS/org/Source/include" -I"/home/nakul/Desktop/Workspace/RTOS_WORKSPACE/First_RTOS_Project_/Third-Party/FreeRTOS/org/Source" -I../Drivers/STM32F4xx_HAL_Driver/Inc -I../Drivers/STM32F4xx_HAL_Driver/Inc/Legacy -I../Drivers/CMSIS/Device/ST/STM32F4xx/Include -I../Drivers/CMSIS/Include -O0 -ffunction-sections -fdata-sections -Wall -fstack-usage -MMD -MP -MF"Drivers/STM32F4xx_HAL_Driver/Src/stm32f4xx_hal.d" -MT"Drivers/STM32F4xx_HAL_Driver/Src/stm32f4xx_hal.o" --specs=nano.specs -mfpu=fpv4-sp-d16 -mfloat-abi=hard -mthumb -o "Drivers/STM32F4xx_HAL_Driver/Src/stm32f4xx_hal.o"
arm-none-eabi-gcc "../Drivers/STM32F4xx_HAL_Driver/Src/stm32f4xx_hal_cortex.c" -mcpu=cortex-m4 -std=gnu11 -g3 -DUSE_HAL_DRIVER -DSTM32F446xx -DDEBUG -c -I../Core/Inc -I"/home/nakul/Desktop/Workspace/RTOS_WORKSPACE/First_RTOS_Project_/Third-Party/FreeRTOS/org/Source/portable/GCC/ARM_CM4F" -I"/home/nakul/Desktop/Workspace/RTOS_WORKSPACE/First_RTOS_Project_/Third-Party/FreeRTOS/org/Source/include" -I"/home/nakul/Desktop/Workspace/RTOS_WORKSPACE/First_RTOS_Project_/Third-Party/FreeRTOS/org/Source" -I../Drivers/STM32F4xx_HAL_Driver/Inc -I../Drivers/STM32F4xx_HAL_Driver/Inc/Legacy -I../Drivers/CMSIS/Device/ST/STM32F4xx/Include -I../Drivers/CMSIS/Include -O0 -ffunction-sections -fdata-sections -Wall -fstack-usage -MMD -MP -MF"Drivers/STM32F4xx_HAL_Driver/Src/stm32f4xx_hal_cortex.d" -MT"Drivers/STM32F4xx_HAL_Driver/Src/stm32f4xx_hal_cortex.o" --specs=nano.specs -mfpu=fpv4-sp-d16 -mfloat-abi=hard -mthumb -o "Drivers/STM32F4xx_HAL_Driver/Src/stm32f4xx_hal_cortex.o"
arm-none-eabi-gcc "../Drivers/STM32F4xx_HAL_Driver/Src/stm32f4xx_hal_dma.c" -mcpu=cortex-m4 -std=gnu11 -g3 -DUSE_HAL_DRIVER -DSTM32F446xx -DDEBUG -c -I../Core/Inc -I"/home/nakul/Desktop/Workspace/RTOS_WORKSPACE/First_RTOS_Project_/Third-Party/FreeRTOS/org/Source/portable/GCC/ARM_CM4F" -I"/home/nakul/Desktop/Workspace/RTOS_WORKSPACE/First_RTOS_Project_/Third-Party/FreeRTOS/org/Source/include" -I"/home/nakul/Desktop/Workspace/RTOS_WORKSPACE/First_RTOS_Project_/Third-Party/FreeRTOS/org/Source" -I../Drivers/STM32F4xx_HAL_Driver/Inc -I../Drivers/STM32F4xx_HAL_Driver/Inc/Legacy -I../Drivers/CMSIS/Device/ST/STM32F4xx/Include -I../Drivers/CMSIS/Include -O0 -ffunction-sections -fdata-sections -Wall -fstack-usage -MMD -MP -MF"Drivers/STM32F4xx_HAL_Driver/Src/stm32f4xx_hal_dma.d" -MT"Drivers/STM32F4xx_HAL_Driver/Src/stm32f4xx_hal_dma.o" --specs=nano.specs -mfpu=fpv4-sp-d16 -mfloat-abi=hard -mthumb -o "Drivers/STM32F4xx_HAL_Driver/Src/stm32f4xx_hal_dma.o"
arm-none-eabi-gcc "../Drivers/STM32F4xx_HAL_Driver/Src/stm32f4xx_hal_dma_ex.c" -mcpu=cortex-m4 -std=gnu11 -g3 -DUSE_HAL_DRIVER -DSTM32F446xx -DDEBUG -c -I../Core/Inc -I"/home/nakul/Desktop/Workspace/RTOS_WORKSPACE/First_RTOS_Project_/Third-Party/FreeRTOS/org/Source/portable/GCC/ARM_CM4F" -I"/home/nakul/Desktop/Workspace/RTOS_WORKSPACE/First_RTOS_Project_/Third-Party/FreeRTOS/org/Source/include" -I"/home/nakul/Desktop/Workspace/RTOS_WORKSPACE/First_RTOS_Project_/Third-Party/FreeRTOS/org/Source" -I../Drivers/STM32F4xx_HAL_Driver/Inc -I../Drivers/STM32F4xx_HAL_Driver/Inc/Legacy -I../Drivers/CMSIS/Device/ST/STM32F4xx/Include -I../Drivers/CMSIS/Include -O0 -ffunction-sections -fdata-sections -Wall -fstack-usage -MMD -MP -MF"Drivers/STM32F4xx_HAL_Driver/Src/stm32f4xx_hal_dma_ex.d" -MT"Drivers/STM32F4xx_HAL_Driver/Src/stm32f4xx_hal_dma_ex.o" --specs=nano.specs -mfpu=fpv4-sp-d16 -mfloat-abi=hard -mthumb -o "Drivers/STM32F4xx_HAL_Driver/Src/stm32f4xx_hal_dma_ex.o"
arm-none-eabi-gcc "../Drivers/STM32F4xx_HAL_Driver/Src/stm32f4xx_hal_exti.c" -mcpu=cortex-m4 -std=gnu11 -g3 -DUSE_HAL_DRIVER -DSTM32F446xx -DDEBUG -c -I../Core/Inc -I"/home/nakul/Desktop/Workspace/RTOS_WORKSPACE/First_RTOS_Project_/Third-Party/FreeRTOS/org/Source/portable/GCC/ARM_CM4F" -I"/home/nakul/Desktop/Workspace/RTOS_WORKSPACE/First_RTOS_Project_/Third-Party/FreeRTOS/org/Source/include" -I"/home/nakul/Desktop/Workspace/RTOS_WORKSPACE/First_RTOS_Project_/Third-Party/FreeRTOS/org/Source" -I../Drivers/STM32F4xx_HAL_Driver/Inc -I../Drivers/STM32F4xx_HAL_Driver/Inc/Legacy -I../Drivers/CMSIS/Device/ST/STM32F4xx/Include -I../Drivers/CMSIS/Include -O0 -ffunction-sections -fdata-sections -Wall -fstack-usage -MMD -MP -MF"Drivers/STM32F4xx_HAL_Driver/Src/stm32f4xx_hal_exti.d" -MT"Drivers/STM32F4xx_HAL_Driver/Src/stm32f4xx_hal_exti.o" --specs=nano.specs -mfpu=fpv4-sp-d16 -mfloat-abi=hard -mthumb -o "Drivers/STM32F4xx_HAL_Driver/Src/stm32f4xx_hal_exti.o"
arm-none-eabi-gcc "../Drivers/STM32F4xx_HAL_Driver/Src/stm32f4xx_hal_flash.c" -mcpu=cortex-m4 -std=gnu11 -g3 -DUSE_HAL_DRIVER -DSTM32F446xx -DDEBUG -c -I../Core/Inc -I"/home/nakul/Desktop/Workspace/RTOS_WORKSPACE/First_RTOS_Project_/Third-Party/FreeRTOS/org/Source/portable/GCC/ARM_CM4F" -I"/home/nakul/Desktop/Workspace/RTOS_WORKSPACE/First_RTOS_Project_/Third-Party/FreeRTOS/org/Source/include" -I"/home/nakul/Desktop/Workspace/RTOS_WORKSPACE/First_RTOS_Project_/Third-Party/FreeRTOS/org/Source" -I../Drivers/STM32F4xx_HAL_Driver/Inc -I../Drivers/STM32F4xx_HAL_Driver/Inc/Legacy -I../Drivers/CMSIS/Device/ST/STM32F4xx/Include -I../Drivers/CMSIS/Include -O0 -ffunction-sections -fdata-sections -Wall -fstack-usage -MMD -MP -MF"Drivers/STM32F4xx_HAL_Driver/Src/stm32f4xx_hal_flash.d" -MT"Drivers/STM32F4xx_HAL_Driver/Src/stm32f4xx_hal_flash.o" --specs=nano.specs -mfpu=fpv4-sp-d16 -mfloat-abi=hard -mthumb -o "Drivers/STM32F4xx_HAL_Driver/Src/stm32f4xx_hal_flash.o"
arm-none-eabi-gcc "../Drivers/STM32F4xx_HAL_Driver/Src/stm32f4xx_hal_flash_ex.c" -mcpu=cortex-m4 -std=gnu11 -g3 -DUSE_HAL_DRIVER -DSTM32F446xx -DDEBUG -c -I../Core/Inc -I"/home/nakul/Desktop/Workspace/RTOS_WORKSPACE/First_RTOS_Project_/Third-Party/FreeRTOS/org/Source/portable/GCC/ARM_CM4F" -I"/home/nakul/Desktop/Workspace/RTOS_WORKSPACE/First_RTOS_Project_/Third-Party/FreeRTOS/org/Source/include" -I"/home/nakul/Desktop/Workspace/RTOS_WORKSPACE/First_RTOS_Project_/Third-Party/FreeRTOS/org/Source" -I../Drivers/STM32F4xx_HAL_Driver/Inc -I../Drivers/STM32F4xx_HAL_Driver/Inc/Legacy -I../Drivers/CMSIS/Device/ST/STM32F4xx/Include -I../Drivers/CMSIS/Include -O0 -ffunction-sections -fdata-sections -Wall -fstack-usage -MMD -MP -MF"Drivers/STM32F4xx_HAL_Driver/Src/stm32f4xx_hal_flash_ex.d" -MT"Drivers/STM32F4xx_HAL_Driver/Src/stm32f4xx_hal_flash_ex.o" --specs=nano.specs -mfpu=fpv4-sp-d16 -mfloat-abi=hard -mthumb -o "Drivers/STM32F4xx_HAL_Driver/Src/stm32f4xx_hal_flash_ex.o"
arm-none-eabi-gcc "../Drivers/STM32F4xx_HAL_Driver/Src/stm32f4xx_hal_flash_ramfunc.c" -mcpu=cortex-m4 -std=gnu11 -g3 -DUSE_HAL_DRIVER -DSTM32F446xx -DDEBUG -c -I../Core/Inc -I"/home/nakul/Desktop/Workspace/RTOS_WORKSPACE/First_RTOS_Project_/Third-Party/FreeRTOS/org/Source/portable/GCC/ARM_CM4F" -I"/home/nakul/Desktop/Workspace/RTOS_WORKSPACE/First_RTOS_Project_/Third-Party/FreeRTOS/org/Source/include" -I"/home/nakul/Desktop/Workspace/RTOS_WORKSPACE/First_RTOS_Project_/Third-Party/FreeRTOS/org/Source" -I../Drivers/STM32F4xx_HAL_Driver/Inc -I../Drivers/STM32F4xx_HAL_Driver/Inc/Legacy -I../Drivers/CMSIS/Device/ST/STM32F4xx/Include -I../Drivers/CMSIS/Include -O0 -ffunction-sections -fdata-sections -Wall -fstack-usage -MMD -MP -MF"Drivers/STM32F4xx_HAL_Driver/Src/stm32f4xx_hal_flash_ramfunc.d" -MT"Drivers/STM32F4xx_HAL_Driver/Src/stm32f4xx_hal_flash_ramfunc.o" --specs=nano.specs -mfpu=fpv4-sp-d16 -mfloat-abi=hard -mthumb -o "Drivers/STM32F4xx_HAL_Driver/Src/stm32f4xx_hal_flash_ramfunc.o"
arm-none-eabi-gcc "../Drivers/STM32F4xx_HAL_Driver/Src/stm32f4xx_hal_gpio.c" -mcpu=cortex-m4 -std=gnu11 -g3 -DUSE_HAL_DRIVER -DSTM32F446xx -DDEBUG -c -I../Core/Inc -I"/home/nakul/Desktop/Workspace/RTOS_WORKSPACE/First_RTOS_Project_/Third-Party/FreeRTOS/org/Source/portable/GCC/ARM_CM4F" -I"/home/nakul/Desktop/Workspace/RTOS_WORKSPACE/First_RTOS_Project_/Third-Party/FreeRTOS/org/Source/include" -I"/home/nakul/Desktop/Workspace/RTOS_WORKSPACE/First_RTOS_Project_/Third-Party/FreeRTOS/org/Source" -I../Drivers/STM32F4xx_HAL_Driver/Inc -I../Drivers/STM32F4xx_HAL_Driver/Inc/Legacy -I../Drivers/CMSIS/Device/ST/STM32F4xx/Include -I../Drivers/CMSIS/Include -O0 -ffunction-sections -fdata-sections -Wall -fstack-usage -MMD -MP -MF"Drivers/STM32F4xx_HAL_Driver/Src/stm32f4xx_hal_gpio.d" -MT"Drivers/STM32F4xx_HAL_Driver/Src/stm32f4xx_hal_gpio.o" --specs=nano.specs -mfpu=fpv4-sp-d16 -mfloat-abi=hard -mthumb -o "Drivers/STM32F4xx_HAL_Driver/Src/stm32f4xx_hal_gpio.o"
arm-none-eabi-gcc "../Drivers/STM32F4xx_HAL_Driver/Src/stm32f4xx_hal_pwr.c" -mcpu=cortex-m4 -std=gnu11 -g3 -DUSE_HAL_DRIVER -DSTM32F446xx -DDEBUG -c -I../Core/Inc -I"/home/nakul/Desktop/Workspace/RTOS_WORKSPACE/First_RTOS_Project_/Third-Party/FreeRTOS/org/Source/portable/GCC/ARM_CM4F" -I"/home/nakul/Desktop/Workspace/RTOS_WORKSPACE/First_RTOS_Project_/Third-Party/FreeRTOS/org/Source/include" -I"/home/nakul/Desktop/Workspace/RTOS_WORKSPACE/First_RTOS_Project_/Third-Party/FreeRTOS/org/Source" -I../Drivers/STM32F4xx_HAL_Driver/Inc -I../Drivers/STM32F4xx_HAL_Driver/Inc/Legacy -I../Drivers/CMSIS/Device/ST/STM32F4xx/Include -I../Drivers/CMSIS/Include -O0 -ffunction-sections -fdata-sections -Wall -fstack-usage -MMD -MP -MF"Drivers/STM32F4xx_HAL_Driver/Src/stm32f4xx_hal_pwr.d" -MT"Drivers/STM32F4xx_HAL_Driver/Src/stm32f4xx_hal_pwr.o" --specs=nano.specs -mfpu=fpv4-sp-d16 -mfloat-abi=hard -mthumb -o "Drivers/STM32F4xx_HAL_Driver/Src/stm32f4xx_hal_pwr.o"
arm-none-eabi-gcc "../Drivers/STM32F4xx_HAL_Driver/Src/stm32f4xx_hal_pwr_ex.c" -mcpu=cortex-m4 -std=gnu11 -g3 -DUSE_HAL_DRIVER -DSTM32F446xx -DDEBUG -c -I../Core/Inc -I"/home/nakul/Desktop/Workspace/RTOS_WORKSPACE/First_RTOS_Project_/Third-Party/FreeRTOS/org/Source/portable/GCC/ARM_CM4F" -I"/home/nakul/Desktop/Workspace/RTOS_WORKSPACE/First_RTOS_Project_/Third-Party/FreeRTOS/org/Source/include" -I"/home/nakul/Desktop/Workspace/RTOS_WORKSPACE/First_RTOS_Project_/Third-Party/FreeRTOS/org/Source" -I../Drivers/STM32F4xx_HAL_Driver/Inc -I../Drivers/STM32F4xx_HAL_Driver/Inc/Legacy -I../Drivers/CMSIS/Device/ST/STM32F4xx/Include -I../Drivers/CMSIS/Include -O0 -ffunction-sections -fdata-sections -Wall -fstack-usage -MMD -MP -MF"Drivers/STM32F4xx_HAL_Driver/Src/stm32f4xx_hal_pwr_ex.d" -MT"Drivers/STM32F4xx_HAL_Driver/Src/stm32f4xx_hal_pwr_ex.o" --specs=nano.specs -mfpu=fpv4-sp-d16 -mfloat-abi=hard -mthumb -o "Drivers/STM32F4xx_HAL_Driver/Src/stm32f4xx_hal_pwr_ex.o"
arm-none-eabi-gcc "../Drivers/STM32F4xx_HAL_Driver/Src/stm32f4xx_hal_rcc.c" -mcpu=cortex-m4 -std=gnu11 -g3 -DUSE_HAL_DRIVER -DSTM32F446xx -DDEBUG -c -I../Core/Inc -I"/home/nakul/Desktop/Workspace/RTOS_WORKSPACE/First_RTOS_Project_/Third-Party/FreeRTOS/org/Source/portable/GCC/ARM_CM4F" -I"/home/nakul/Desktop/Workspace/RTOS_WORKSPACE/First_RTOS_Project_/Third-Party/FreeRTOS/org/Source/include" -I"/home/nakul/Desktop/Workspace/RTOS_WORKSPACE/First_RTOS_Project_/Third-Party/FreeRTOS/org/Source" -I../Drivers/STM32F4xx_HAL_Driver/Inc -I../Drivers/STM32F4xx_HAL_Driver/Inc/Legacy -I../Drivers/CMSIS/Device/ST/STM32F4xx/Include -I../Drivers/CMSIS/Include -O0 -ffunction-sections -fdata-sections -Wall -fstack-usage -MMD -MP -MF"Drivers/STM32F4xx_HAL_Driver/Src/stm32f4xx_hal_rcc.d" -MT"Drivers/STM32F4xx_HAL_Driver/Src/stm32f4xx_hal_rcc.o" --specs=nano.specs -mfpu=fpv4-sp-d16 -mfloat-abi=hard -mthumb -o "Drivers/STM32F4xx_HAL_Driver/Src/stm32f4xx_hal_rcc.o"
arm-none-eabi-gcc "../Drivers/STM32F4xx_HAL_Driver/Src/stm32f4xx_hal_rcc_ex.c" -mcpu=cortex-m4 -std=gnu11 -g3 -DUSE_HAL_DRIVER -DSTM32F446xx -DDEBUG -c -I../Core/Inc -I"/home/nakul/Desktop/Workspace/RTOS_WORKSPACE/First_RTOS_Project_/Third-Party/FreeRTOS/org/Source/portable/GCC/ARM_CM4F" -I"/home/nakul/Desktop/Workspace/RTOS_WORKSPACE/First_RTOS_Project_/Third-Party/FreeRTOS/org/Source/include" -I"/home/nakul/Desktop/Workspace/RTOS_WORKSPACE/First_RTOS_Project_/Third-Party/FreeRTOS/org/Source" -I../Drivers/STM32F4xx_HAL_Driver/Inc -I../Drivers/STM32F4xx_HAL_Driver/Inc/Legacy -I../Drivers/CMSIS/Device/ST/STM32F4xx/Include -I../Drivers/CMSIS/Include -O0 -ffunction-sections -fdata-sections -Wall -fstack-usage -MMD -MP -MF"Drivers/STM32F4xx_HAL_Driver/Src/stm32f4xx_hal_rcc_ex.d" -MT"Drivers/STM32F4xx_HAL_Driver/Src/stm32f4xx_hal_rcc_ex.o" --specs=nano.specs -mfpu=fpv4-sp-d16 -mfloat-abi=hard -mthumb -o "Drivers/STM32F4xx_HAL_Driver/Src/stm32f4xx_hal_rcc_ex.o"
arm-none-eabi-gcc "../Drivers/STM32F4xx_HAL_Driver/Src/stm32f4xx_hal_tim.c" -mcpu=cortex-m4 -std=gnu11 -g3 -DUSE_HAL_DRIVER -DSTM32F446xx -DDEBUG -c -I../Core/Inc -I"/home/nakul/Desktop/Workspace/RTOS_WORKSPACE/First_RTOS_Project_/Third-Party/FreeRTOS/org/Source/portable/GCC/ARM_CM4F" -I"/home/nakul/Desktop/Workspace/RTOS_WORKSPACE/First_RTOS_Project_/Third-Party/FreeRTOS/org/Source/include" -I"/home/nakul/Desktop/Workspace/RTOS_WORKSPACE/First_RTOS_Project_/Third-Party/FreeRTOS/org/Source" -I../Drivers/STM32F4xx_HAL_Driver/Inc -I../Drivers/STM32F4xx_HAL_Driver/Inc/Legacy -I../Drivers/CMSIS/Device/ST/STM32F4xx/Include -I../Drivers/CMSIS/Include -O0 -ffunction-sections -fdata-sections -Wall -fstack-usage -MMD -MP -MF"Drivers/STM32F4xx_HAL_Driver/Src/stm32f4xx_hal_tim.d" -MT"Drivers/STM32F4xx_HAL_Driver/Src/stm32f4xx_hal_tim.o" --specs=nano.specs -mfpu=fpv4-sp-d16 -mfloat-abi=hard -mthumb -o "Drivers/STM32F4xx_HAL_Driver/Src/stm32f4xx_hal_tim.o"
arm-none-eabi-gcc "../Drivers/STM32F4xx_HAL_Driver/Src/stm32f4xx_hal_tim_ex.c" -mcpu=cortex-m4 -std=gnu11 -g3 -DUSE_HAL_DRIVER -DSTM32F446xx -DDEBUG -c -I../Core/Inc -I"/home/nakul/Desktop/Workspace/RTOS_WORKSPACE/First_RTOS_Project_/Third-Party/FreeRTOS/org/Source/portable/GCC/ARM_CM4F" -I"/home/nakul/Desktop/Workspace/RTOS_WORKSPACE/First_RTOS_Project_/Third-Party/FreeRTOS/org/Source/include" -I"/home/nakul/Desktop/Workspace/RTOS_WORKSPACE/First_RTOS_Project_/Third-Party/FreeRTOS/org/Source" -I../Drivers/STM32F4xx_HAL_Driver/Inc -I../Drivers/STM32F4xx_HAL_Driver/Inc/Legacy -I../Drivers/CMSIS/Device/ST/STM32F4xx/Include -I../Drivers/CMSIS/Include -O0 -ffunction-sections -fdata-sections -Wall -fstack-usage -MMD -MP -MF"Drivers/STM32F4xx_HAL_Driver/Src/stm32f4xx_hal_tim_ex.d" -MT"Drivers/STM32F4xx_HAL_Driver/Src/stm32f4xx_hal_tim_ex.o" --specs=nano.specs -mfpu=fpv4-sp-d16 -mfloat-abi=hard -mthumb -o "Drivers/STM32F4xx_HAL_Driver/Src/stm32f4xx_hal_tim_ex.o"
arm-none-eabi-gcc -mcpu=cortex-m4 -g3 -c -x assembler-with-cpp -MMD -MP -MF"Core/Startup/startup_stm32f446retx.d" -MT"Core/Startup/startup_stm32f446retx.o" --specs=nano.specs -mfpu=fpv4-sp-d16 -mfloat-abi=hard -mthumb -o "Core/Startup/startup_stm32f446retx.o" "../Core/Startup/startup_stm32f446retx.s"
arm-none-eabi-gcc "../Core/Src/main.c" -mcpu=cortex-m4 -std=gnu11 -g3 -DUSE_HAL_DRIVER -DSTM32F446xx -DDEBUG -c -I../Core/Inc -I"/home/nakul/Desktop/Workspace/RTOS_WORKSPACE/First_RTOS_Project_/Third-Party/FreeRTOS/org/Source/portable/GCC/ARM_CM4F" -I"/home/nakul/Desktop/Workspace/RTOS_WORKSPACE/First_RTOS_Project_/Third-Party/FreeRTOS/org/Source/include" -I"/home/nakul/Desktop/Workspace/RTOS_WORKSPACE/First_RTOS_Project_/Third-Party/FreeRTOS/org/Source" -I../Drivers/STM32F4xx_HAL_Driver/Inc -I../Drivers/STM32F4xx_HAL_Driver/Inc/Legacy -I../Drivers/CMSIS/Device/ST/STM32F4xx/Include -I../Drivers/CMSIS/Include -O0 -ffunction-sections -fdata-sections -Wall -fstack-usage -MMD -MP -MF"Core/Src/main.d" -MT"Core/Src/main.o" --specs=nano.specs -mfpu=fpv4-sp-d16 -mfloat-abi=hard -mthumb -o "Core/Src/main.o"
arm-none-eabi-gcc "../Core/Src/stm32f4xx_hal_msp.c" -mcpu=cortex-m4 -std=gnu11 -g3 -DUSE_HAL_DRIVER -DSTM32F446xx -DDEBUG -c -I../Core/Inc -I"/home/nakul/Desktop/Workspace/RTOS_WORKSPACE/First_RTOS_Project_/Third-Party/FreeRTOS/org/Source/portable/GCC/ARM_CM4F" -I"/home/nakul/Desktop/Workspace/RTOS_WORKSPACE/First_RTOS_Project_/Third-Party/FreeRTOS/org/Source/include" -I"/home/nakul/Desktop/Workspace/RTOS_WORKSPACE/First_RTOS_Project_/Third-Party/FreeRTOS/org/Source" -I../Drivers/STM32F4xx_HAL_Driver/Inc -I../Drivers/STM32F4xx_HAL_Driver/Inc/Legacy -I../Drivers/CMSIS/Device/ST/STM32F4xx/Include -I../Drivers/CMSIS/Include -O0 -ffunction-sections -fdata-sections -Wall -fstack-usage -MMD -MP -MF"Core/Src/stm32f4xx_hal_msp.d" -MT"Core/Src/stm32f4xx_hal_msp.o" --specs=nano.specs -mfpu=fpv4-sp-d16 -mfloat-abi=hard -mthumb -o "Core/Src/stm32f4xx_hal_msp.o"
arm-none-eabi-gcc "../Core/Src/stm32f4xx_hal_timebase_tim.c" -mcpu=cortex-m4 -std=gnu11 -g3 -DUSE_HAL_DRIVER -DSTM32F446xx -DDEBUG -c -I../Core/Inc -I"/home/nakul/Desktop/Workspace/RTOS_WORKSPACE/First_RTOS_Project_/Third-Party/FreeRTOS/org/Source/portable/GCC/ARM_CM4F" -I"/home/nakul/Desktop/Workspace/RTOS_WORKSPACE/First_RTOS_Project_/Third-Party/FreeRTOS/org/Source/include" -I"/home/nakul/Desktop/Workspace/RTOS_WORKSPACE/First_RTOS_Project_/Third-Party/FreeRTOS/org/Source" -I../Drivers/STM32F4xx_HAL_Driver/Inc -I../Drivers/STM32F4xx_HAL_Driver/Inc/Legacy -I../Drivers/CMSIS/Device/ST/STM32F4xx/Include -I../Drivers/CMSIS/Include -O0 -ffunction-sections -fdata-sections -Wall -fstack-usage -MMD -MP -MF"Core/Src/stm32f4xx_hal_timebase_tim.d" -MT"Core/Src/stm32f4xx_hal_timebase_tim.o" --specs=nano.specs -mfpu=fpv4-sp-d16 -mfloat-abi=hard -mthumb -o "Core/Src/stm32f4xx_hal_timebase_tim.o"
arm-none-eabi-gcc "../Core/Src/stm32f4xx_it.c" -mcpu=cortex-m4 -std=gnu11 -g3 -DUSE_HAL_DRIVER -DSTM32F446xx -DDEBUG -c -I../Core/Inc -I"/home/nakul/Desktop/Workspace/RTOS_WORKSPACE/First_RTOS_Project_/Third-Party/FreeRTOS/org/Source/portable/GCC/ARM_CM4F" -I"/home/nakul/Desktop/Workspace/RTOS_WORKSPACE/First_RTOS_Project_/Third-Party/FreeRTOS/org/Source/include" -I"/home/nakul/Desktop/Workspace/RTOS_WORKSPACE/First_RTOS_Project_/Third-Party/FreeRTOS/org/Source" -I../Drivers/STM32F4xx_HAL_Driver/Inc -I../Drivers/STM32F4xx_HAL_Driver/Inc/Legacy -I../Drivers/CMSIS/Device/ST/STM32F4xx/Include -I../Drivers/CMSIS/Include -O0 -ffunction-sections -fdata-sections -Wall -fstack-usage -MMD -MP -MF"Core/Src/stm32f4xx_it.d" -MT"Core/Src/stm32f4xx_it.o" --specs=nano.specs -mfpu=fpv4-sp-d16 -mfloat-abi=hard -mthumb -o "Core/Src/stm32f4xx_it.o"
arm-none-eabi-gcc "../Core/Src/syscalls.c" -mcpu=cortex-m4 -std=gnu11 -g3 -DUSE_HAL_DRIVER -DSTM32F446xx -DDEBUG -c -I../Core/Inc -I"/home/nakul/Desktop/Workspace/RTOS_WORKSPACE/First_RTOS_Project_/Third-Party/FreeRTOS/org/Source/portable/GCC/ARM_CM4F" -I"/home/nakul/Desktop/Workspace/RTOS_WORKSPACE/First_RTOS_Project_/Third-Party/FreeRTOS/org/Source/include" -I"/home/nakul/Desktop/Workspace/RTOS_WORKSPACE/First_RTOS_Project_/Third-Party/FreeRTOS/org/Source" -I../Drivers/STM32F4xx_HAL_Driver/Inc -I../Drivers/STM32F4xx_HAL_Driver/Inc/Legacy -I../Drivers/CMSIS/Device/ST/STM32F4xx/Include -I../Drivers/CMSIS/Include -O0 -ffunction-sections -fdata-sections -Wall -fstack-usage -MMD -MP -MF"Core/Src/syscalls.d" -MT"Core/Src/syscalls.o" --specs=nano.specs -mfpu=fpv4-sp-d16 -mfloat-abi=hard -mthumb -o "Core/Src/syscalls.o"
arm-none-eabi-gcc "../Core/Src/system_stm32f4xx.c" -mcpu=cortex-m4 -std=gnu11 -g3 -DUSE_HAL_DRIVER -DSTM32F446xx -DDEBUG -c -I../Core/Inc -I"/home/nakul/Desktop/Workspace/RTOS_WORKSPACE/First_RTOS_Project_/Third-Party/FreeRTOS/org/Source/portable/GCC/ARM_CM4F" -I"/home/nakul/Desktop/Workspace/RTOS_WORKSPACE/First_RTOS_Project_/Third-Party/FreeRTOS/org/Source/include" -I"/home/nakul/Desktop/Workspace/RTOS_WORKSPACE/First_RTOS_Project_/Third-Party/FreeRTOS/org/Source" -I../Drivers/STM32F4xx_HAL_Driver/Inc -I../Drivers/STM32F4xx_HAL_Driver/Inc/Legacy -I../Drivers/CMSIS/Device/ST/STM32F4xx/Include -I../Drivers/CMSIS/Include -O0 -ffunction-sections -fdata-sections -Wall -fstack-usage -MMD -MP -MF"Core/Src/system_stm32f4xx.d" -MT"Core/Src/system_stm32f4xx.o" --specs=nano.specs -mfpu=fpv4-sp-d16 -mfloat-abi=hard -mthumb -o "Core/Src/system_stm32f4xx.o"
arm-none-eabi-gcc -o "First_RTOS_Project_.elf" @"objects.list"   -mcpu=cortex-m4 -T"/home/nakul/Desktop/Workspace/RTOS_WORKSPACE/First_RTOS_Project_/STM32F446RETX_FLASH.ld" --specs=nosys.specs -Wl,-Map="First_RTOS_Project_.map" -Wl,--gc-sections -static --specs=nano.specs -mfpu=fpv4-sp-d16 -mfloat-abi=hard -mthumb -Wl,--start-group -lc -lm -Wl,--end-group
Finished building target: First_RTOS_Project_.elf
 
arm-none-eabi-size   First_RTOS_Project_.elf 
arm-none-eabi-objdump -h -S  First_RTOS_Project_.elf  > "First_RTOS_Project_.list"
arm-none-eabi-objcopy  -O binary  First_RTOS_Project_.elf  "First_RTOS_Project_.bin"
   text	   data	    bss	    dec	    hex	filename
   7668	     20	   1636	   9324	   246c	First_RTOS_Project_.elf
Finished building: default.size.stdout
 
Finished building: First_RTOS_Project_.bin
 
Finished building: First_RTOS_Project_.list
 

00:25:03 Build Finished. 0 errors, 0 warnings. (took 1s.443ms)

